Archive member included to satisfy reference by file (symbol)

.\CortexM0\ARM_GCC_541\Debug\Lab 4 ADC.a(CyLib.o)
                              .\CortexM0\ARM_GCC_541\Debug\cyfitter_cfg.o (CySysClkWriteImoFreq)
.\CortexM0\ARM_GCC_541\Debug\Lab 4 ADC.a(PWM_R.o)
                              .\CortexM0\ARM_GCC_541\Debug\LED_RGB.o (PWM_R_WriteCompare)
.\CortexM0\ARM_GCC_541\Debug\Lab 4 ADC.a(PWM_G.o)
                              .\CortexM0\ARM_GCC_541\Debug\LED_RGB.o (PWM_G_WriteCompare)
.\CortexM0\ARM_GCC_541\Debug\Lab 4 ADC.a(PWM_B.o)
                              .\CortexM0\ARM_GCC_541\Debug\LED_RGB.o (PWM_B_WriteCompare)
.\CortexM0\ARM_GCC_541\Debug\Lab 4 ADC.a(ADC.o)
                              .\CortexM0\ARM_GCC_541\Debug\main.o (ADC_Start)
.\CortexM0\ARM_GCC_541\Debug\Lab 4 ADC.a(ADC_INT.o)
                              .\CortexM0\ARM_GCC_541\Debug\Lab 4 ADC.a(ADC.o) (ADC_ISR)
.\CortexM0\ARM_GCC_541\Debug\Lab 4 ADC.a(CyLFClk.o)
                              .\CortexM0\ARM_GCC_541\Debug\cyfitter_cfg.o (CySysClkWcoStart)
.\CortexM0\ARM_GCC_541\Debug\Lab 4 ADC.a(UART_1.o)
                              .\CortexM0\ARM_GCC_541\Debug\main.o (UART_1_Start)
.\CortexM0\ARM_GCC_541\Debug\Lab 4 ADC.a(UART_1_IntClock.o)
                              .\CortexM0\ARM_GCC_541\Debug\Lab 4 ADC.a(UART_1.o) (UART_1_IntClock_StartEx)
.\CortexM0\ARM_GCC_541\Debug\Lab 4 ADC.a(CyBootAsmGnu.o)
                              .\CortexM0\ARM_GCC_541\Debug\Lab 4 ADC.a(CyLib.o) (CyDelayCycles)
c:/program files (x86)/cypress/psoc creator/4.1/psoc creator/import/gnu/arm/5.4.1/bin/../lib/gcc/arm-none-eabi/5.4.1/armv6-m\libgcc.a(_udivsi3.o)
                              .\CortexM0\ARM_GCC_541\Debug\LED_RGB.o (__aeabi_uidiv)
c:/program files (x86)/cypress/psoc creator/4.1/psoc creator/import/gnu/arm/5.4.1/bin/../lib/gcc/arm-none-eabi/5.4.1/armv6-m\libgcc.a(_divsi3.o)
                              .\CortexM0\ARM_GCC_541\Debug\Lab 4 ADC.a(ADC.o) (__aeabi_idiv)
c:/program files (x86)/cypress/psoc creator/4.1/psoc creator/import/gnu/arm/5.4.1/bin/../lib/gcc/arm-none-eabi/5.4.1/armv6-m\libgcc.a(_dvmd_tls.o)
                              c:/program files (x86)/cypress/psoc creator/4.1/psoc creator/import/gnu/arm/5.4.1/bin/../lib/gcc/arm-none-eabi/5.4.1/armv6-m\libgcc.a(_udivsi3.o) (__aeabi_idiv0)
c:/program files (x86)/cypress/psoc creator/4.1/psoc creator/import/gnu/arm/5.4.1/bin/../lib/gcc/arm-none-eabi/5.4.1/armv6-m\libgcc.a(_aeabi_ldivmod.o)
                              .\CortexM0\ARM_GCC_541\Debug\Lab 4 ADC.a(ADC.o) (__aeabi_ldivmod)
c:/program files (x86)/cypress/psoc creator/4.1/psoc creator/import/gnu/arm/5.4.1/bin/../lib/gcc/arm-none-eabi/5.4.1/armv6-m\libgcc.a(_muldi3.o)
                              .\CortexM0\ARM_GCC_541\Debug\Lab 4 ADC.a(ADC.o) (__aeabi_lmul)
c:/program files (x86)/cypress/psoc creator/4.1/psoc creator/import/gnu/arm/5.4.1/bin/../lib/gcc/arm-none-eabi/5.4.1/armv6-m\libgcc.a(bpabi.o)
                              c:/program files (x86)/cypress/psoc creator/4.1/psoc creator/import/gnu/arm/5.4.1/bin/../lib/gcc/arm-none-eabi/5.4.1/armv6-m\libgcc.a(_aeabi_ldivmod.o) (__gnu_ldivmod_helper)
c:/program files (x86)/cypress/psoc creator/4.1/psoc creator/import/gnu/arm/5.4.1/bin/../lib/gcc/arm-none-eabi/5.4.1/armv6-m\libgcc.a(divsf3.o)
                              .\CortexM0\ARM_GCC_541\Debug\Lab 4 ADC.a(ADC.o) (__aeabi_fdiv)
c:/program files (x86)/cypress/psoc creator/4.1/psoc creator/import/gnu/arm/5.4.1/bin/../lib/gcc/arm-none-eabi/5.4.1/armv6-m\libgcc.a(mulsf3.o)
                              .\CortexM0\ARM_GCC_541\Debug\Lab 4 ADC.a(ADC.o) (__aeabi_fmul)
c:/program files (x86)/cypress/psoc creator/4.1/psoc creator/import/gnu/arm/5.4.1/bin/../lib/gcc/arm-none-eabi/5.4.1/armv6-m\libgcc.a(floatsisf.o)
                              .\CortexM0\ARM_GCC_541\Debug\Lab 4 ADC.a(ADC.o) (__aeabi_i2f)
c:/program files (x86)/cypress/psoc creator/4.1/psoc creator/import/gnu/arm/5.4.1/bin/../lib/gcc/arm-none-eabi/5.4.1/armv6-m\libgcc.a(_clzsi2.o)
                              c:/program files (x86)/cypress/psoc creator/4.1/psoc creator/import/gnu/arm/5.4.1/bin/../lib/gcc/arm-none-eabi/5.4.1/armv6-m\libgcc.a(divsf3.o) (__clzsi2)
c:/program files (x86)/cypress/psoc creator/4.1/psoc creator/import/gnu/arm/5.4.1/bin/../lib/gcc/arm-none-eabi/5.4.1/armv6-m\libgcc.a(_divdi3.o)
                              c:/program files (x86)/cypress/psoc creator/4.1/psoc creator/import/gnu/arm/5.4.1/bin/../lib/gcc/arm-none-eabi/5.4.1/armv6-m\libgcc.a(bpabi.o) (__divdi3)
c:/program files (x86)/cypress/psoc creator/4.1/psoc creator/import/gnu/arm/5.4.1/bin/../lib/gcc/arm-none-eabi/5.4.1/armv6-m\libgcc.a(_clzdi2.o)
                              c:/program files (x86)/cypress/psoc creator/4.1/psoc creator/import/gnu/arm/5.4.1/bin/../lib/gcc/arm-none-eabi/5.4.1/armv6-m\libgcc.a(_divdi3.o) (__clzdi2)
[...]
Memory Configuration

Name             Origin             Length             Attributes
rom              0x00000000         0x00040000         xr
ram              0x20000000         0x00008000         xrw
*default*        0x00000000         0xffffffff

Linker script and memory map

LOAD c:/program files (x86)/cypress/psoc creator/4.1/psoc creator/import/gnu/arm/5.4.1/bin/../lib/gcc/arm-none-eabi/5.4.1/armv6-m/crti.o
LOAD c:/program files (x86)/cypress/psoc creator/4.1/psoc creator/import/gnu/arm/5.4.1/bin/../lib/gcc/arm-none-eabi/5.4.1/armv6-m/crtbegin.o
LOAD c:/program files (x86)/cypress/psoc creator/4.1/psoc creator/import/gnu/arm/5.4.1/bin/../lib/gcc/arm-none-eabi/5.4.1/../../../../arm-none-eabi/lib/armv6-m/crt0.o
START GROUP
LOAD .\CortexM0\ARM_GCC_541\Debug\main.o
LOAD .\CortexM0\ARM_GCC_541\Debug\LED_RGB.o
LOAD .\CortexM0\ARM_GCC_541\Debug\cyfitter_cfg.o
LOAD .\CortexM0\ARM_GCC_541\Debug\Cm0Start.o
LOAD .\CortexM0\ARM_GCC_541\Debug\cymetadata.o
LOAD .\CortexM0\ARM_GCC_541\Debug\Lab 4 ADC.a
LOAD C:\Program Files (x86)\Cypress\PSoC Creator\4.1\PSoC Creator\psoc\content\cycomponentlibrary\CyComponentLibrary.cylib\CortexM0\ARM_GCC_541\Debug\CyComponentLibrary.a
END GROUP
START GROUP
LOAD c:/program files (x86)/cypress/psoc creator/4.1/psoc creator/import/gnu/arm/5.4.1/bin/../lib/gcc/arm-none-eabi/5.4.1/armv6-m\libgcc.a
LOAD c:/program files (x86)/cypress/psoc creator/4.1/psoc creator/import/gnu/arm/5.4.1/bin/../lib/gcc/arm-none-eabi/5.4.1/../../../../arm-none-eabi/lib/armv6-m\libg_nano.a
LOAD c:/program files (x86)/cypress/psoc creator/4.1/psoc creator/import/gnu/arm/5.4.1/bin/../lib/gcc/arm-none-eabi/5.4.1/../../../../arm-none-eabi/lib/armv6-m\libc_nano.a
END GROUP
START GROUP
LOAD c:/program files (x86)/cypress/psoc creator/4.1/psoc creator/import/gnu/arm/5.4.1/bin/../lib/gcc/arm-none-eabi/5.4.1/armv6-m\libgcc.a
LOAD c:/program files (x86)/cypress/psoc creator/4.1/psoc creator/import/gnu/arm/5.4.1/bin/../lib/gcc/arm-none-eabi/5.4.1/../../../../arm-none-eabi/lib/armv6-m\libc_nano.a
END GROUP
LOAD c:/program files (x86)/cypress/psoc creator/4.1/psoc creator/import/gnu/arm/5.4.1/bin/../lib/gcc/arm-none-eabi/5.4.1/armv6-m/crtend.o
LOAD c:/program files (x86)/cypress/psoc creator/4.1/psoc creator/import/gnu/arm/5.4.1/bin/../lib/gcc/arm-none-eabi/5.4.1/armv6-m/crtn.o
START GROUP
LOAD c:/program files (x86)/cypress/psoc creator/4.1/psoc creator/import/gnu/arm/5.4.1/bin/../lib/gcc/arm-none-eabi/5.4.1/armv6-m\libgcc.a
LOAD c:/program files (x86)/cypress/psoc creator/4.1/psoc creator/import/gnu/arm/5.4.1/bin/../lib/gcc/arm-none-eabi/5.4.1/../../../../arm-none-eabi/lib/armv6-m\libc.a
LOAD c:/program files (x86)/cypress/psoc creator/4.1/psoc creator/import/gnu/arm/5.4.1/bin/../lib/gcc/arm-none-eabi/5.4.1/../../../../arm-none-eabi/lib/armv6-m\libnosys.a
END GROUP
                0x00000000                CY_APPL_ORIGIN = 0x0
                0x00000100                CY_FLASH_ROW_SIZE = 0x100
                0x00000001                CY_APPL_NUM = 0x1
                0x00000001                CY_APPL_MAX = 0x1
                0x00000040                CY_METADATA_SIZE = 0x40
                0x00000000                CY_APPL_LOADABLE = 0x0
                0x00000000                CY_CHECKSUM_EXCLUDE_SIZE = ALIGN (0x0, CY_FLASH_ROW_SIZE)
                0x00000000                CY_APP_FOR_STACK_AND_COPIER = 0x0
                [!provide]                PROVIDE (__cy_heap_start, _end)
                0x00000001                PROVIDE (__cy_region_num, ((__cy_regions_end - __cy_regions) / 0x10))
                0x20008000                PROVIDE (__cy_stack, (ORIGIN (ram) + LENGTH (ram)))
                [!provide]                PROVIDE (__cy_heap_end, (__cy_stack - 0x400))

.cybootloader   0x00000000        0x0
 *(.cybootloader)
                0x00000000                appl1_start = CY_APPL_ORIGIN?CY_APPL_ORIGIN:ALIGN (CY_FLASH_ROW_SIZE)
                0x0001ff00                appl2_start = (appl1_start + ALIGN ((((LENGTH (rom) - appl1_start) - (0x2 * CY_FLASH_ROW_SIZE)) / 0x2), CY_FLASH_ROW_SIZE))
                0x00000000                appl_start = (CY_APPL_NUM == 0x1)?appl1_start:appl2_start
                0x00000001                cy_project_type_bootloader = (appl_start == 0x0)?0x1:0x0
                0x00000000                cy_project_type_app_for_stack_and_copier = (CY_APP_FOR_STACK_AND_COPIER == 0x1)?0x1:0x0

.text           0x00000000     0x20ee
 CREATE_OBJECT_SYMBOLS
                0x00000000                PROVIDE (__cy_interrupt_vector, RomVectors)
 *(.romvectors)
 .romvectors    0x00000000       0x10 .\CortexM0\ARM_GCC_541\Debug\Cm0Start.o
                0x00000000                RomVectors
                0x00000001                ASSERT ((. != __cy_interrupt_vector), No interrupt vector)
                0x00000001                ASSERT (CY_APPL_ORIGIN?(SIZEOF (.cybootloader) <= CY_APPL_ORIGIN):0x1, Wrong image location)
                0x00000010                PROVIDE (__cy_reset, Reset)
 *(.text.Reset)
 .text.Reset    0x00000010        0x8 .\CortexM0\ARM_GCC_541\Debug\Cm0Start.o
                0x00000010                Reset
                0x00000001                ASSERT ((. != __cy_reset), No reset code)
 *(.psocinit)
 .psocinit      0x00000018      0x350 .\CortexM0\ARM_GCC_541\Debug\cyfitter_cfg.o
                0x00000134                cyfitter_cfg
                0x00000368                . = MAX (., 0x100)
 *(.text .text.* .gnu.linkonce.t.*)
 .text          0x00000368       0x60 c:/program files (x86)/cypress/psoc creator/4.1/psoc creator/import/gnu/arm/5.4.1/bin/../lib/gcc/arm-none-eabi/5.4.1/armv6-m/crtbegin.o
 .text.main     0x000003c8       0x6c .\CortexM0\ARM_GCC_541\Debug\main.o
                0x000003c8                main
 .text.LED_RGB_Start
                0x00000434       0x18 .\CortexM0\ARM_GCC_541\Debug\LED_RGB.o
                0x00000434                LED_RGB_Start
 .text.LED_RGB_DCWrite
                0x0000044c       0x50 .\CortexM0\ARM_GCC_541\Debug\LED_RGB.o
                0x0000044c                LED_RGB_DCWrite
 .text.LED_RGB_SetColorRGB
                0x0000049c       0x4c .\CortexM0\ARM_GCC_541\Debug\LED_RGB.o
                0x0000049c                LED_RGB_SetColorRGB
 .text.CYMEMZERO
                0x000004e8       0x20 .\CortexM0\ARM_GCC_541\Debug\cyfitter_cfg.o
 .text.CYCONFIGCPYCODE
                0x00000508       0x20 .\CortexM0\ARM_GCC_541\Debug\cyfitter_cfg.o
 .text.cfg_write_bytes32
                0x00000528       0x84 .\CortexM0\ARM_GCC_541\Debug\cyfitter_cfg.o
 .text.AnalogSetDefault
                0x000005ac       0x40 .\CortexM0\ARM_GCC_541\Debug\cyfitter_cfg.o
 .text.IntDefaultHandler
                0x000005ec       0x14 .\CortexM0\ARM_GCC_541\Debug\Cm0Start.o
                0x000005ec                IntDefaultHandler
 .text._sbrk    0x00000600       0x54 .\CortexM0\ARM_GCC_541\Debug\Cm0Start.o
                0x00000600                _sbrk
 .text.Start_c  0x00000654       0x98 .\CortexM0\ARM_GCC_541\Debug\Cm0Start.o
                0x00000654                Start_c
 .text.initialize_psoc
                0x000006ec       0x70 .\CortexM0\ARM_GCC_541\Debug\Cm0Start.o
                0x000006ec                initialize_psoc
 .text.CySysClkWriteImoFreq
                0x0000075c      0x1ec .\CortexM0\ARM_GCC_541\Debug\Lab 4 ADC.a(CyLib.o)
                0x0000075c                CySysClkWriteImoFreq
 .text.CySysClkEcoStart
                0x00000948       0x74 .\CortexM0\ARM_GCC_541\Debug\Lab 4 ADC.a(CyLib.o)
                0x00000948                CySysClkEcoStart
 .text.CySysClkEcoReadStatus
                0x000009bc       0x20 .\CortexM0\ARM_GCC_541\Debug\Lab 4 ADC.a(CyLib.o)
                0x000009bc                CySysClkEcoReadStatus
 .text.CyIntSetVector
                0x000009dc       0x4c .\CortexM0\ARM_GCC_541\Debug\Lab 4 ADC.a(CyLib.o)
                0x000009dc                CyIntSetVector
 .text.CyIntSetPriority
                0x00000a28       0xa8 .\CortexM0\ARM_GCC_541\Debug\Lab 4 ADC.a(CyLib.o)
                0x00000a28                CyIntSetPriority
 .text.CyHalt   0x00000ad0       0x18 .\CortexM0\ARM_GCC_541\Debug\Lab 4 ADC.a(CyLib.o)
                0x00000ad0                CyHalt
 .text.CyDelay  0x00000ae8       0x4c .\CortexM0\ARM_GCC_541\Debug\Lab 4 ADC.a(CyLib.o)
                0x00000ae8                CyDelay
 .text.CyDelayUs
                0x00000b34       0x28 .\CortexM0\ARM_GCC_541\Debug\Lab 4 ADC.a(CyLib.o)
                0x00000b34                CyDelayUs
 .text.PWM_R_Init
                0x00000b5c       0x5c .\CortexM0\ARM_GCC_541\Debug\Lab 4 ADC.a(PWM_R.o)
                0x00000b5c                PWM_R_Init
 .text.PWM_R_Enable
                0x00000bb8       0x3c .\CortexM0\ARM_GCC_541\Debug\Lab 4 ADC.a(PWM_R.o)
                0x00000bb8                PWM_R_Enable
 .text.PWM_R_Start
                0x00000bf4       0x24 .\CortexM0\ARM_GCC_541\Debug\Lab 4 ADC.a(PWM_R.o)
                0x00000bf4                PWM_R_Start
 .text.PWM_R_WriteCounter
                0x00000c18       0x20 .\CortexM0\ARM_GCC_541\Debug\Lab 4 ADC.a(PWM_R.o)
                0x00000c18                PWM_R_WriteCounter
 .text.PWM_R_WritePeriod
                0x00000c38       0x20 .\CortexM0\ARM_GCC_541\Debug\Lab 4 ADC.a(PWM_R.o)
                0x00000c38                PWM_R_WritePeriod
 .text.PWM_R_WriteCompare
                0x00000c58       0x20 .\CortexM0\ARM_GCC_541\Debug\Lab 4 ADC.a(PWM_R.o)
                0x00000c58                PWM_R_WriteCompare
 .text.PWM_R_TriggerCommand
                0x00000c78       0x3c .\CortexM0\ARM_GCC_541\Debug\Lab 4 ADC.a(PWM_R.o)
                0x00000c78                PWM_R_TriggerCommand
 .text.PWM_R_SetInterruptMode
                0x00000cb4       0x1c .\CortexM0\ARM_GCC_541\Debug\Lab 4 ADC.a(PWM_R.o)
                0x00000cb4                PWM_R_SetInterruptMode
 .text.PWM_G_Init
                0x00000cd0       0x5c .\CortexM0\ARM_GCC_541\Debug\Lab 4 ADC.a(PWM_G.o)
                0x00000cd0                PWM_G_Init
 .text.PWM_G_Enable
                0x00000d2c       0x3c .\CortexM0\ARM_GCC_541\Debug\Lab 4 ADC.a(PWM_G.o)
                0x00000d2c                PWM_G_Enable
 .text.PWM_G_Start
                0x00000d68       0x24 .\CortexM0\ARM_GCC_541\Debug\Lab 4 ADC.a(PWM_G.o)
                0x00000d68                PWM_G_Start
 .text.PWM_G_WriteCounter
                0x00000d8c       0x20 .\CortexM0\ARM_GCC_541\Debug\Lab 4 ADC.a(PWM_G.o)
                0x00000d8c                PWM_G_WriteCounter
 .text.PWM_G_WritePeriod
                0x00000dac       0x20 .\CortexM0\ARM_GCC_541\Debug\Lab 4 ADC.a(PWM_G.o)
                0x00000dac                PWM_G_WritePeriod
 .text.PWM_G_WriteCompare
                0x00000dcc       0x20 .\CortexM0\ARM_GCC_541\Debug\Lab 4 ADC.a(PWM_G.o)
                0x00000dcc                PWM_G_WriteCompare
 .text.PWM_G_TriggerCommand
                0x00000dec       0x3c .\CortexM0\ARM_GCC_541\Debug\Lab 4 ADC.a(PWM_G.o)
                0x00000dec                PWM_G_TriggerCommand
 .text.PWM_G_SetInterruptMode
                0x00000e28       0x1c .\CortexM0\ARM_GCC_541\Debug\Lab 4 ADC.a(PWM_G.o)
                0x00000e28                PWM_G_SetInterruptMode
 .text.PWM_B_Init
                0x00000e44       0x5c .\CortexM0\ARM_GCC_541\Debug\Lab 4 ADC.a(PWM_B.o)
                0x00000e44                PWM_B_Init
 .text.PWM_B_Enable
                0x00000ea0       0x3c .\CortexM0\ARM_GCC_541\Debug\Lab 4 ADC.a(PWM_B.o)
                0x00000ea0                PWM_B_Enable
 .text.PWM_B_Start
                0x00000edc       0x24 .\CortexM0\ARM_GCC_541\Debug\Lab 4 ADC.a(PWM_B.o)
                0x00000edc                PWM_B_Start
 .text.PWM_B_WriteCounter
                0x00000f00       0x20 .\CortexM0\ARM_GCC_541\Debug\Lab 4 ADC.a(PWM_B.o)
                0x00000f00                PWM_B_WriteCounter
 .text.PWM_B_WritePeriod
                0x00000f20       0x20 .\CortexM0\ARM_GCC_541\Debug\Lab 4 ADC.a(PWM_B.o)
                0x00000f20                PWM_B_WritePeriod
 .text.PWM_B_WriteCompare
                0x00000f40       0x20 .\CortexM0\ARM_GCC_541\Debug\Lab 4 ADC.a(PWM_B.o)
                0x00000f40                PWM_B_WriteCompare
 .text.PWM_B_TriggerCommand
                0x00000f60       0x3c .\CortexM0\ARM_GCC_541\Debug\Lab 4 ADC.a(PWM_B.o)
                0x00000f60                PWM_B_TriggerCommand
 .text.PWM_B_SetInterruptMode
                0x00000f9c       0x1c .\CortexM0\ARM_GCC_541\Debug\Lab 4 ADC.a(PWM_B.o)
                0x00000f9c                PWM_B_SetInterruptMode
 .text.ADC_Start
                0x00000fb8       0x24 .\CortexM0\ARM_GCC_541\Debug\Lab 4 ADC.a(ADC.o)
                0x00000fb8                ADC_Start
 .text.ADC_Init
                0x00000fdc      0x1c8 .\CortexM0\ARM_GCC_541\Debug\Lab 4 ADC.a(ADC.o)
                0x00000fdc                ADC_Init
 .text.ADC_Enable
                0x000011a4       0x38 .\CortexM0\ARM_GCC_541\Debug\Lab 4 ADC.a(ADC.o)
                0x000011a4                ADC_Enable
 .text.ADC_StartConvert
                0x000011dc       0x1c .\CortexM0\ARM_GCC_541\Debug\Lab 4 ADC.a(ADC.o)
                0x000011dc                ADC_StartConvert
 .text.ADC_IsEndConversion
                0x000011f8       0x48 .\CortexM0\ARM_GCC_541\Debug\Lab 4 ADC.a(ADC.o)
                0x000011f8                ADC_IsEndConversion
 .text.ADC_GetResult16
                0x00001240       0x44 .\CortexM0\ARM_GCC_541\Debug\Lab 4 ADC.a(ADC.o)
                0x00001240                ADC_GetResult16
 .text.ADC_ISR  0x00001284       0x20 .\CortexM0\ARM_GCC_541\Debug\Lab 4 ADC.a(ADC_INT.o)
                0x00001284                ADC_ISR
 .text.CySysClkWcoSetHighPowerMode
                0x000012a4       0x4c .\CortexM0\ARM_GCC_541\Debug\Lab 4 ADC.a(CyLFClk.o)
 .text.CySysClkWcoSetLowPowerMode
                0x000012f0       0x4c .\CortexM0\ARM_GCC_541\Debug\Lab 4 ADC.a(CyLFClk.o)
 .text.CySysClkWcoStart
                0x0000133c       0x20 .\CortexM0\ARM_GCC_541\Debug\Lab 4 ADC.a(CyLFClk.o)
                0x0000133c                CySysClkWcoStart
 .text.CySysClkWcoSetPowerMode
                0x0000135c       0x40 .\CortexM0\ARM_GCC_541\Debug\Lab 4 ADC.a(CyLFClk.o)
                0x0000135c                CySysClkWcoSetPowerMode
 .text.UART_1_Start
                0x0000139c       0x24 .\CortexM0\ARM_GCC_541\Debug\Lab 4 ADC.a(UART_1.o)
                0x0000139c                UART_1_Start
 .text.UART_1_Init
                0x000013c0       0x3c .\CortexM0\ARM_GCC_541\Debug\Lab 4 ADC.a(UART_1.o)
                0x000013c0                UART_1_Init
 .text.UART_1_Enable
                0x000013fc       0x64 .\CortexM0\ARM_GCC_541\Debug\Lab 4 ADC.a(UART_1.o)
                0x000013fc                UART_1_Enable
 .text.UART_1_PutChar
                0x00001460       0x34 .\CortexM0\ARM_GCC_541\Debug\Lab 4 ADC.a(UART_1.o)
                0x00001460                UART_1_PutChar
 .text.UART_1_PutString
                0x00001494       0x58 .\CortexM0\ARM_GCC_541\Debug\Lab 4 ADC.a(UART_1.o)
                0x00001494                UART_1_PutString
 .text.UART_1_IntClock_StartEx
                0x000014ec       0x30 .\CortexM0\ARM_GCC_541\Debug\Lab 4 ADC.a(UART_1_IntClock.o)
                0x000014ec                UART_1_IntClock_StartEx
 *fill*         0x0000151c        0x4 
 .text          0x00001520       0x20 .\CortexM0\ARM_GCC_541\Debug\Lab 4 ADC.a(CyBootAsmGnu.o)
                0x00001520                CyDelayCycles
                0x00001532                CyEnterCriticalSection
                0x0000153a                CyExitCriticalSection
 .text          0x00001540      0x114 c:/program files (x86)/cypress/psoc creator/4.1/psoc creator/import/gnu/arm/5.4.1/bin/../lib/gcc/arm-none-eabi/5.4.1/armv6-m\libgcc.a(_udivsi3.o)
                0x00001540                __aeabi_uidiv
                0x00001540                __udivsi3
                0x0000164c                __aeabi_uidivmod
 .text          0x00001654      0x1d4 c:/program files (x86)/cypress/psoc creator/4.1/psoc creator/import/gnu/arm/5.4.1/bin/../lib/gcc/arm-none-eabi/5.4.1/armv6-m\libgcc.a(_divsi3.o)
                0x00001654                __divsi3
                0x00001654                __aeabi_idiv
                0x00001820                __aeabi_idivmod
 .text          0x00001828        0x4 c:/program files (x86)/cypress/psoc creator/4.1/psoc creator/import/gnu/arm/5.4.1/bin/../lib/gcc/arm-none-eabi/5.4.1/armv6-m\libgcc.a(_dvmd_tls.o)
                0x00001828                __aeabi_idiv0
                0x00001828                __aeabi_ldiv0
 .text.__errno  0x0000182c        0xc c:/program files (x86)/cypress/psoc creator/4.1/psoc creator/import/gnu/arm/5.4.1/bin/../lib/gcc/arm-none-eabi/5.4.1/../../../../arm-none-eabi/lib/armv6-m\libg_nano.a(lib_a-errno.o)
                0x0000182c                __errno
 .text.__libc_init_array
                0x00001838       0x4c c:/program files (x86)/cypress/psoc creator/4.1/psoc creator/import/gnu/arm/5.4.1/bin/../lib/gcc/arm-none-eabi/5.4.1/../../../../arm-none-eabi/lib/armv6-m\libg_nano.a(lib_a-init.o)
                0x00001838                __libc_init_array
 .text.memcpy   0x00001884       0x12 c:/program files (x86)/cypress/psoc creator/4.1/psoc creator/import/gnu/arm/5.4.1/bin/../lib/gcc/arm-none-eabi/5.4.1/../../../../arm-none-eabi/lib/armv6-m\libg_nano.a(lib_a-memcpy-stub.o)
                0x00001884                memcpy
 .text.memset   0x00001896       0x10 c:/program files (x86)/cypress/psoc creator/4.1/psoc creator/import/gnu/arm/5.4.1/bin/../lib/gcc/arm-none-eabi/5.4.1/../../../../arm-none-eabi/lib/armv6-m\libg_nano.a(lib_a-memset.o)
                0x00001896                memset
 *fill*         0x000018a6        0x2 
 .text.sprintf  0x000018a8       0x44 c:/program files (x86)/cypress/psoc creator/4.1/psoc creator/import/gnu/arm/5.4.1/bin/../lib/gcc/arm-none-eabi/5.4.1/../../../../arm-none-eabi/lib/armv6-m\libg_nano.a(lib_a-sprintf.o)
                0x000018a8                siprintf
                0x000018a8                sprintf
 .text.__ssputs_r
                0x000018ec       0xc4 c:/program files (x86)/cypress/psoc creator/4.1/psoc creator/import/gnu/arm/5.4.1/bin/../lib/gcc/arm-none-eabi/5.4.1/../../../../arm-none-eabi/lib/armv6-m\libg_nano.a(lib_a-nano-svfprintf.o)
                0x000018ec                __ssputs_r
 .text._svfprintf_r
                0x000019b0      0x1fc c:/program files (x86)/cypress/psoc creator/4.1/psoc creator/import/gnu/arm/5.4.1/bin/../lib/gcc/arm-none-eabi/5.4.1/../../../../arm-none-eabi/lib/armv6-m\libg_nano.a(lib_a-nano-svfprintf.o)
                0x000019b0                _svfiprintf_r
                0x000019b0                _svfprintf_r
 .text._printf_common
                0x00001bac       0xdc c:/program files (x86)/cypress/psoc creator/4.1/psoc creator/import/gnu/arm/5.4.1/bin/../lib/gcc/arm-none-eabi/5.4.1/../../../../arm-none-eabi/lib/armv6-m\libg_nano.a(lib_a-nano-vfprintf_i.o)
                0x00001bac                _printf_common
 .text._printf_i
                0x00001c88      0x244 c:/program files (x86)/cypress/psoc creator/4.1/psoc creator/import/gnu/arm/5.4.1/bin/../lib/gcc/arm-none-eabi/5.4.1/../../../../arm-none-eabi/lib/armv6-m\libg_nano.a(lib_a-nano-vfprintf_i.o)
                0x00001c88                _printf_i
 .text.memchr   0x00001ecc       0x16 c:/program files (x86)/cypress/psoc creator/4.1/psoc creator/import/gnu/arm/5.4.1/bin/../lib/gcc/arm-none-eabi/5.4.1/../../../../arm-none-eabi/lib/armv6-m\libg_nano.a(lib_a-memchr-stub.o)
                0x00001ecc                memchr
 .text.memmove  0x00001ee2       0x2a c:/program files (x86)/cypress/psoc creator/4.1/psoc creator/import/gnu/arm/5.4.1/bin/../lib/gcc/arm-none-eabi/5.4.1/../../../../arm-none-eabi/lib/armv6-m\libg_nano.a(lib_a-memmove.o)
                0x00001ee2                memmove
 .text._free_r  0x00001f0c       0x98 c:/program files (x86)/cypress/psoc creator/4.1/psoc creator/import/gnu/arm/5.4.1/bin/../lib/gcc/arm-none-eabi/5.4.1/../../../../arm-none-eabi/lib/armv6-m\libg_nano.a(lib_a-nano-freer.o)
                0x00001f0c                _free_r
 .text._malloc_r
                0x00001fa4       0xc0 c:/program files (x86)/cypress/psoc creator/4.1/psoc creator/import/gnu/arm/5.4.1/bin/../lib/gcc/arm-none-eabi/5.4.1/../../../../arm-none-eabi/lib/armv6-m\libg_nano.a(lib_a-nano-mallocr.o)
                0x00001fa4                _malloc_r
 .text._realloc_r
                0x00002064       0x4c c:/program files (x86)/cypress/psoc creator/4.1/psoc creator/import/gnu/arm/5.4.1/bin/../lib/gcc/arm-none-eabi/5.4.1/../../../../arm-none-eabi/lib/armv6-m\libg_nano.a(lib_a-nano-reallocr.o)
                0x00002064                _realloc_r
 .text._sbrk_r  0x000020b0       0x24 c:/program files (x86)/cypress/psoc creator/4.1/psoc creator/import/gnu/arm/5.4.1/bin/../lib/gcc/arm-none-eabi/5.4.1/../../../../arm-none-eabi/lib/armv6-m\libg_nano.a(lib_a-sbrkr.o)
                0x000020b0                _sbrk_r
 .text.__malloc_lock
                0x000020d4        0x2 c:/program files (x86)/cypress/psoc creator/4.1/psoc creator/import/gnu/arm/5.4.1/bin/../lib/gcc/arm-none-eabi/5.4.1/../../../../arm-none-eabi/lib/armv6-m\libg_nano.a(lib_a-mlock.o)
                0x000020d4                __malloc_lock
 .text.__malloc_unlock
                0x000020d6        0x2 c:/program files (x86)/cypress/psoc creator/4.1/psoc creator/import/gnu/arm/5.4.1/bin/../lib/gcc/arm-none-eabi/5.4.1/../../../../arm-none-eabi/lib/armv6-m\libg_nano.a(lib_a-mlock.o)
                0x000020d6                __malloc_unlock
 .text._malloc_usable_size_r
                0x000020d8       0x16 c:/program files (x86)/cypress/psoc creator/4.1/psoc creator/import/gnu/arm/5.4.1/bin/../lib/gcc/arm-none-eabi/5.4.1/../../../../arm-none-eabi/lib/armv6-m\libg_nano.a(lib_a-nano-msizer.o)
                0x000020d8                _malloc_usable_size_r
 *(.plt)
 *(.gnu.warning)
 *(.glue_7t)
 .glue_7t       0x000020ee        0x0 linker stubs
 *(.glue_7)
 .glue_7        0x000020ee        0x0 linker stubs
 *(.vfp11_veneer)
 .vfp11_veneer  0x000020ee        0x0 linker stubs
 *(.bootloader)
 *(.ARM.extab* .gnu.linkonce.armextab.*)
 *(.gcc_except_table)

.v4_bx          0x000020f0        0x0
 .v4_bx         0x000020f0        0x0 linker stubs

.iplt           0x000020f0        0x0
 .iplt          0x000020f0        0x0 c:/program files (x86)/cypress/psoc creator/4.1/psoc creator/import/gnu/arm/5.4.1/bin/../lib/gcc/arm-none-eabi/5.4.1/armv6-m/crtbegin.o

.eh_frame_hdr
 *(.eh_frame_hdr)

.eh_frame       0x000020f0        0x4
 *(.eh_frame)
 .eh_frame      0x000020f0        0x0 c:/program files (x86)/cypress/psoc creator/4.1/psoc creator/import/gnu/arm/5.4.1/bin/../lib/gcc/arm-none-eabi/5.4.1/armv6-m/crtbegin.o
 .eh_frame      0x000020f0        0x4 c:/program files (x86)/cypress/psoc creator/4.1/psoc creator/import/gnu/arm/5.4.1/bin/../lib/gcc/arm-none-eabi/5.4.1/armv6-m/crtend.o
                [!provide]                PROVIDE (__exidx_start, .)

.ARM.exidx
 *(.ARM.exidx* .gnu.linkonce.armexidx.*)
                0x000020f4                __exidx_end = .

.rodata         0x000020f4      0x384
 *(.rodata .rodata.* .gnu.linkonce.r.*)
 .rodata        0x000020f4        0x5 .\CortexM0\ARM_GCC_541\Debug\main.o
 *fill*         0x000020f9        0x3 
 .rodata        0x000020fc      0x2e0 .\CortexM0\ARM_GCC_541\Debug\cyfitter_cfg.o
 .rodata        0x000023dc       0x2e .\CortexM0\ARM_GCC_541\Debug\Lab 4 ADC.a(CyLib.o)
                0x000023dc                cyImoFreqMhz2Reg
 .rodata.str1.1
                0x0000240a        0x2 c:/program files (x86)/cypress/psoc creator/4.1/psoc creator/import/gnu/arm/5.4.1/bin/../lib/gcc/arm-none-eabi/5.4.1/../../../../arm-none-eabi/lib/armv6-m\libg_nano.a(lib_a-impure.o)
 .rodata.str1.1
                0x0000240c       0x11 c:/program files (x86)/cypress/psoc creator/4.1/psoc creator/import/gnu/arm/5.4.1/bin/../lib/gcc/arm-none-eabi/5.4.1/../../../../arm-none-eabi/lib/armv6-m\libg_nano.a(lib_a-nano-svfprintf.o)
 .rodata.str1.1
                0x0000241d       0x22 c:/program files (x86)/cypress/psoc creator/4.1/psoc creator/import/gnu/arm/5.4.1/bin/../lib/gcc/arm-none-eabi/5.4.1/../../../../arm-none-eabi/lib/armv6-m\libg_nano.a(lib_a-nano-vfprintf_i.o)
                0x00002440                . = ALIGN (0x4)
 *fill*         0x0000243f        0x1 
 *(.init)
 .init          0x00002440        0x4 c:/program files (x86)/cypress/psoc creator/4.1/psoc creator/import/gnu/arm/5.4.1/bin/../lib/gcc/arm-none-eabi/5.4.1/armv6-m/crti.o
                0x00002440                _init
 .init          0x00002444        0x8 c:/program files (x86)/cypress/psoc creator/4.1/psoc creator/import/gnu/arm/5.4.1/bin/../lib/gcc/arm-none-eabi/5.4.1/armv6-m/crtn.o
                0x0000244c                . = ALIGN (0x4)
                0x0000244c                __preinit_array_start = .
 *(.preinit_array)
                0x0000244c                __preinit_array_end = .
                0x0000244c                . = ALIGN (0x4)
                0x0000244c                __init_array_start = .
 *(SORT(.init_array.*))
 *(.init_array)
 .init_array    0x0000244c        0x4 c:/program files (x86)/cypress/psoc creator/4.1/psoc creator/import/gnu/arm/5.4.1/bin/../lib/gcc/arm-none-eabi/5.4.1/armv6-m/crtbegin.o
 .init_array    0x00002450        0x4 .\CortexM0\ARM_GCC_541\Debug\Cm0Start.o
                0x00002454                __init_array_end = .
                0x00002454                . = ALIGN (0x4)
 *(.fini)
 .fini          0x00002454        0x4 c:/program files (x86)/cypress/psoc creator/4.1/psoc creator/import/gnu/arm/5.4.1/bin/../lib/gcc/arm-none-eabi/5.4.1/armv6-m/crti.o
                0x00002454                _fini
 .fini          0x00002458        0x8 c:/program files (x86)/cypress/psoc creator/4.1/psoc creator/import/gnu/arm/5.4.1/bin/../lib/gcc/arm-none-eabi/5.4.1/armv6-m/crtn.o
                0x00002460                . = ALIGN (0x4)
                0x00002460                __fini_array_start = .
 *(.fini_array)
 .fini_array    0x00002460        0x4 c:/program files (x86)/cypress/psoc creator/4.1/psoc creator/import/gnu/arm/5.4.1/bin/../lib/gcc/arm-none-eabi/5.4.1/armv6-m/crtbegin.o
 *(SORT(.fini_array.*))
                0x00002464                __fini_array_end = .
                0x00002464                . = ALIGN (0x4)
 *crtbegin.o(.ctors)
 *(EXCLUDE_FILE(*crtend.o) .ctors)
 *(SORT(.ctors.*))
 *crtend.o(.ctors)
                0x00002464                . = ALIGN (0x4)
 *crtbegin.o(.dtors)
 *(EXCLUDE_FILE(*crtend.o) .dtors)
 *(SORT(.dtors.*))
 *crtend.o(.dtors)
                0x00002464                . = ALIGN (0x4)
                0x00002464                __cy_regions = .
                0x00002464        0x4 LONG 0x2478 __cy_region_init_ram
                0x00002468        0x4 LONG 0x200000c8 __cy_region_start_data
                0x0000246c        0x4 LONG 0x80 __cy_region_init_size_ram
                0x00002470        0x4 LONG 0x38 __cy_region_zero_size_ram
                0x00002474                __cy_regions_end = .
                0x00002478                . = ALIGN (0x8)
 *fill*         0x00002474        0x4 
                0x00002478                _etext = .

.cy_checksum_exclude
                0x00002478        0x0
 *(.cy_checksum_exclude)

.ramvectors     0x20000000       0xc0
                0x20000000                __cy_region_start_ram = .
 *(.ramvectors)
 .ramvectors    0x20000000       0xc0 .\CortexM0\ARM_GCC_541\Debug\Cm0Start.o
                0x20000000                CyRamVectors

.noinit         0x200000c0        0x4
 *(.noinit)
 .noinit        0x200000c0        0x4 .\CortexM0\ARM_GCC_541\Debug\Cm0Start.o

.data           0x200000c8       0x80 load address 0x00002478
                0x200000c8                __cy_region_start_data = .
 *(.jcr)
 .jcr           0x200000c8        0x0 c:/program files (x86)/cypress/psoc creator/4.1/psoc creator/import/gnu/arm/5.4.1/bin/../lib/gcc/arm-none-eabi/5.4.1/armv6-m/crtbegin.o
 .jcr           0x200000c8        0x4 c:/program files (x86)/cypress/psoc creator/4.1/psoc creator/import/gnu/arm/5.4.1/bin/../lib/gcc/arm-none-eabi/5.4.1/armv6-m/crtend.o
 *(.got.plt)
 *(.got)
 *(.shdata)
 *(.data .data.* .gnu.linkonce.d.*)
 .data          0x200000cc        0x4 .\CortexM0\ARM_GCC_541\Debug\Cm0Start.o
 .data          0x200000d0       0x14 .\CortexM0\ARM_GCC_541\Debug\Lab 4 ADC.a(CyLib.o)
                0x200000d0                cydelayFreqHz
                0x200000d4                cydelayFreqKhz
                0x200000d8                cydelayFreqMhz
                0x200000dc                cydelay32kMs
                0x200000e0                CySysClkPumpConfig
 .data.impure_data
                0x200000e4       0x60 c:/program files (x86)/cypress/psoc creator/4.1/psoc creator/import/gnu/arm/5.4.1/bin/../lib/gcc/arm-none-eabi/5.4.1/../../../../arm-none-eabi/lib/armv6-m\libg_nano.a(lib_a-impure.o)
 .data._impure_ptr
                0x20000144        0x4 c:/program files (x86)/cypress/psoc creator/4.1/psoc creator/import/gnu/arm/5.4.1/bin/../lib/gcc/arm-none-eabi/5.4.1/../../../../arm-none-eabi/lib/armv6-m\libg_nano.a(lib_a-impure.o)
                0x20000144                _impure_ptr
                0x20000148                . = ALIGN (0x8)
 *(.ram)
                0x20000148                _edata = .

.igot.plt       0x20000148        0x0 load address 0x000024f8
 .igot.plt      0x20000148        0x0 c:/program files (x86)/cypress/psoc creator/4.1/psoc creator/import/gnu/arm/5.4.1/bin/../lib/gcc/arm-none-eabi/5.4.1/armv6-m/crtbegin.o

.bss            0x20000148       0x38 load address 0x000024f8
                0x20000148                PROVIDE (__bss_start__, .)
 *(.shbss)
 *(.bss .bss.* .gnu.linkonce.b.*)
 .bss           0x20000148       0x1c c:/program files (x86)/cypress/psoc creator/4.1/psoc creator/import/gnu/arm/5.4.1/bin/../lib/gcc/arm-none-eabi/5.4.1/armv6-m/crtbegin.o
 .bss           0x20000164        0x1 .\CortexM0\ARM_GCC_541\Debug\Lab 4 ADC.a(PWM_R.o)
                0x20000164                PWM_R_initVar
 .bss           0x20000165        0x1 .\CortexM0\ARM_GCC_541\Debug\Lab 4 ADC.a(PWM_G.o)
                0x20000165                PWM_G_initVar
 .bss           0x20000166        0x1 .\CortexM0\ARM_GCC_541\Debug\Lab 4 ADC.a(PWM_B.o)
                0x20000166                PWM_B_initVar
 .bss           0x20000167        0x1 .\CortexM0\ARM_GCC_541\Debug\Lab 4 ADC.a(ADC.o)
                0x20000167                ADC_initVar
 .bss           0x20000168        0x2 .\CortexM0\ARM_GCC_541\Debug\Lab 4 ADC.a(UART_1.o)
                0x20000168                UART_1_initVar
 *fill*         0x2000016a        0x2 
 .bss.__malloc_sbrk_start
                0x2000016c        0x4 c:/program files (x86)/cypress/psoc creator/4.1/psoc creator/import/gnu/arm/5.4.1/bin/../lib/gcc/arm-none-eabi/5.4.1/../../../../arm-none-eabi/lib/armv6-m\libg_nano.a(lib_a-nano-mallocr.o)
                0x2000016c                __malloc_sbrk_start
 .bss.__malloc_free_list
                0x20000170        0x4 c:/program files (x86)/cypress/psoc creator/4.1/psoc creator/import/gnu/arm/5.4.1/bin/../lib/gcc/arm-none-eabi/5.4.1/../../../../arm-none-eabi/lib/armv6-m\libg_nano.a(lib_a-nano-mallocr.o)
                0x20000170                __malloc_free_list
 *(COMMON)
 COMMON         0x20000174        0x6 .\CortexM0\ARM_GCC_541\Debug\Lab 4 ADC.a(ADC.o)
                0x20000174                ADC_countsPer10Volt
                0x20000178                ADC_offset
 *fill*         0x2000017a        0x2 
 COMMON         0x2000017c        0x4 c:/program files (x86)/cypress/psoc creator/4.1/psoc creator/import/gnu/arm/5.4.1/bin/../lib/gcc/arm-none-eabi/5.4.1/../../../../arm-none-eabi/lib/armv6-m\libg_nano.a(lib_a-reent.o)
                0x2000017c                errno
                0x20000180                . = ALIGN (0x8)
 *(.ram.b)
                0x20000180                _end = .
                0x20000180                __end = .
                0x20000180                PROVIDE (end, .)
                0x20000180                PROVIDE (__bss_end__, .)
                0x00002478                __cy_region_init_ram = LOADADDR (.data)
                0x00000080                __cy_region_init_size_ram = (_edata - ADDR (.data))
                0x00000038                __cy_region_zero_size_ram = (_end - _edata)

.heap           0x20000180      0x100 load address 0x000024f8
                0x20000180                . = _end
                0x20000280                . = (. + 0x100)
 *fill*         0x20000180      0x100 
                0x20000280                __cy_heap_limit = .

.stack          0x20007c00      0x400
                0x20007c00                __cy_stack_limit = .
                0x20008000                . = (. + 0x400)
 *fill*         0x20007c00      0x400 
                0x00000001                ASSERT ((__cy_stack_limit >= __cy_heap_limit), region RAM overflowed with stack)
                0x00000000                cy_checksum_exclude_size = (CY_APPL_LOADABLE == 0x1)?SIZEOF (.cy_checksum_exclude):0x0
                0x00000001                ASSERT ((cy_checksum_exclude_size <= CY_CHECKSUM_EXCLUDE_SIZE), CY_BOOT: Section .cy_checksum_exclude size exceedes specified limit.)
                0x0003ffc0                cyloadermeta_start = (cy_project_type_bootloader || cy_project_type_app_for_stack_and_copier)?(LENGTH (rom) - CY_METADATA_SIZE):0xf0000000

.cyloadermeta
 *(.cyloadermeta)
                0x0003ffc0                cyloadablemeta_start = cy_project_type_app_for_stack_and_copier?((LENGTH (rom) - CY_FLASH_ROW_SIZE) - CY_METADATA_SIZE):((LENGTH (rom) - (CY_FLASH_ROW_SIZE * (CY_APPL_NUM - 0x1))) - CY_METADATA_SIZE)

.cyloadablemeta
 *(.cyloadablemeta)

.cyflashprotect
                0x90400000       0x80
 *(.cyflashprotect)
 .cyflashprotect
                0x90400000       0x80 .\CortexM0\ARM_GCC_541\Debug\cymetadata.o
                0x90400000                cy_meta_flashprotect

.cymeta         0x90500000        0xc
 *(.cymeta)
 .cymeta        0x90500000        0xc .\CortexM0\ARM_GCC_541\Debug\cymetadata.o
                0x90500000                cy_metadata

.cychipprotect  0x90600000        0x1
 *(.cychipprotect)
 .cychipprotect
                0x90600000        0x1 .\CortexM0\ARM_GCC_541\Debug\cymetadata.o
                0x90600000                cy_meta_chipprotect

.rel.dyn        0x000024f8        0x0 load address 0x90600004
 .rel.iplt      0x000024f8        0x0 c:/program files (x86)/cypress/psoc creator/4.1/psoc creator/import/gnu/arm/5.4.1/bin/../lib/gcc/arm-none-eabi/5.4.1/armv6-m/crtbegin.o

.stab
 *(.stab)

.stabstr
 *(.stabstr)

.debug
 *(.debug)

.line
 *(.line)

.debug_srcinfo
 *(.debug_srcinfo)

.debug_sfnames
 *(.debug_sfnames)

.debug_aranges  0x00000000      0xaa0
 *(.debug_aranges)
 .debug_aranges
                0x00000000       0x20 .\CortexM0\ARM_GCC_541\Debug\main.o
 .debug_aranges
                0x00000020       0x48 .\CortexM0\ARM_GCC_541\Debug\LED_RGB.o
 .debug_aranges
                0x00000068       0x50 .\CortexM0\ARM_GCC_541\Debug\cyfitter_cfg.o
 .debug_aranges
                0x000000b8       0x48 .\CortexM0\ARM_GCC_541\Debug\Cm0Start.o
 .debug_aranges
                0x00000100       0x18 .\CortexM0\ARM_GCC_541\Debug\cymetadata.o
 .debug_aranges
                0x00000118      0x1d0 .\CortexM0\ARM_GCC_541\Debug\Lab 4 ADC.a(CyLib.o)
 .debug_aranges
                0x000002e8      0x158 .\CortexM0\ARM_GCC_541\Debug\Lab 4 ADC.a(PWM_R.o)
 .debug_aranges
                0x00000440      0x158 .\CortexM0\ARM_GCC_541\Debug\Lab 4 ADC.a(PWM_G.o)
 .debug_aranges
                0x00000598      0x158 .\CortexM0\ARM_GCC_541\Debug\Lab 4 ADC.a(PWM_B.o)
 .debug_aranges
                0x000006f0       0xa8 .\CortexM0\ARM_GCC_541\Debug\Lab 4 ADC.a(ADC.o)
 .debug_aranges
                0x00000798       0x20 .\CortexM0\ARM_GCC_541\Debug\Lab 4 ADC.a(ADC_INT.o)
 .debug_aranges
                0x000007b8      0x198 .\CortexM0\ARM_GCC_541\Debug\Lab 4 ADC.a(CyLFClk.o)
 .debug_aranges
                0x00000950       0xf0 .\CortexM0\ARM_GCC_541\Debug\Lab 4 ADC.a(UART_1.o)
 .debug_aranges
                0x00000a40       0x40 .\CortexM0\ARM_GCC_541\Debug\Lab 4 ADC.a(UART_1_IntClock.o)
 .debug_aranges
                0x00000a80       0x20 .\CortexM0\ARM_GCC_541\Debug\Lab 4 ADC.a(CyBootAsmGnu.o)

.debug_pubnames
 *(.debug_pubnames)

.debug_info     0x00000000     0x4230
 *(.debug_info .gnu.linkonce.wi.*)
 .debug_info    0x00000000       0xdd .\CortexM0\ARM_GCC_541\Debug\main.o
 .debug_info    0x000000dd      0x223 .\CortexM0\ARM_GCC_541\Debug\LED_RGB.o
 .debug_info    0x00000300      0x454 .\CortexM0\ARM_GCC_541\Debug\cyfitter_cfg.o
 .debug_info    0x00000754      0x312 .\CortexM0\ARM_GCC_541\Debug\Cm0Start.o
 .debug_info    0x00000a66       0xf8 .\CortexM0\ARM_GCC_541\Debug\cymetadata.o
 .debug_info    0x00000b5e      0xac4 .\CortexM0\ARM_GCC_541\Debug\Lab 4 ADC.a(CyLib.o)
 .debug_info    0x00001622      0x6fb .\CortexM0\ARM_GCC_541\Debug\Lab 4 ADC.a(PWM_R.o)
 .debug_info    0x00001d1d      0x6fb .\CortexM0\ARM_GCC_541\Debug\Lab 4 ADC.a(PWM_G.o)
 .debug_info    0x00002418      0x6fb .\CortexM0\ARM_GCC_541\Debug\Lab 4 ADC.a(PWM_B.o)
 .debug_info    0x00002b13      0x491 .\CortexM0\ARM_GCC_541\Debug\Lab 4 ADC.a(ADC.o)
 .debug_info    0x00002fa4       0xcc .\CortexM0\ARM_GCC_541\Debug\Lab 4 ADC.a(ADC_INT.o)
 .debug_info    0x00003070      0xab3 .\CortexM0\ARM_GCC_541\Debug\Lab 4 ADC.a(CyLFClk.o)
 .debug_info    0x00003b23      0x50a .\CortexM0\ARM_GCC_541\Debug\Lab 4 ADC.a(UART_1.o)
 .debug_info    0x0000402d      0x163 .\CortexM0\ARM_GCC_541\Debug\Lab 4 ADC.a(UART_1_IntClock.o)
 .debug_info    0x00004190       0xa0 .\CortexM0\ARM_GCC_541\Debug\Lab 4 ADC.a(CyBootAsmGnu.o)

.debug_abbrev   0x00000000      0xf9c
 *(.debug_abbrev)
 .debug_abbrev  0x00000000       0x70 .\CortexM0\ARM_GCC_541\Debug\main.o
 .debug_abbrev  0x00000070       0xae .\CortexM0\ARM_GCC_541\Debug\LED_RGB.o
 .debug_abbrev  0x0000011e      0x1ad .\CortexM0\ARM_GCC_541\Debug\cyfitter_cfg.o
 .debug_abbrev  0x000002cb      0x1c8 .\CortexM0\ARM_GCC_541\Debug\Cm0Start.o
 .debug_abbrev  0x00000493       0x5d .\CortexM0\ARM_GCC_541\Debug\cymetadata.o
 .debug_abbrev  0x000004f0      0x1a7 .\CortexM0\ARM_GCC_541\Debug\Lab 4 ADC.a(CyLib.o)
 .debug_abbrev  0x00000697       0xfc .\CortexM0\ARM_GCC_541\Debug\Lab 4 ADC.a(PWM_R.o)
 .debug_abbrev  0x00000793       0xfc .\CortexM0\ARM_GCC_541\Debug\Lab 4 ADC.a(PWM_G.o)
 .debug_abbrev  0x0000088f       0xfc .\CortexM0\ARM_GCC_541\Debug\Lab 4 ADC.a(PWM_B.o)
 .debug_abbrev  0x0000098b      0x163 .\CortexM0\ARM_GCC_541\Debug\Lab 4 ADC.a(ADC.o)
 .debug_abbrev  0x00000aee       0x65 .\CortexM0\ARM_GCC_541\Debug\Lab 4 ADC.a(ADC_INT.o)
 .debug_abbrev  0x00000b53      0x22a .\CortexM0\ARM_GCC_541\Debug\Lab 4 ADC.a(CyLFClk.o)
 .debug_abbrev  0x00000d7d      0x163 .\CortexM0\ARM_GCC_541\Debug\Lab 4 ADC.a(UART_1.o)
 .debug_abbrev  0x00000ee0       0xa8 .\CortexM0\ARM_GCC_541\Debug\Lab 4 ADC.a(UART_1_IntClock.o)
 .debug_abbrev  0x00000f88       0x14 .\CortexM0\ARM_GCC_541\Debug\Lab 4 ADC.a(CyBootAsmGnu.o)

.debug_line     0x00000000     0x247d
 *(.debug_line)
 .debug_line    0x00000000       0x7c .\CortexM0\ARM_GCC_541\Debug\main.o
 .debug_line    0x0000007c      0x10a .\CortexM0\ARM_GCC_541\Debug\LED_RGB.o
 .debug_line    0x00000186      0x1da .\CortexM0\ARM_GCC_541\Debug\cyfitter_cfg.o
 .debug_line    0x00000360      0x1d0 .\CortexM0\ARM_GCC_541\Debug\Cm0Start.o
 .debug_line    0x00000530      0x141 .\CortexM0\ARM_GCC_541\Debug\cymetadata.o
 .debug_line    0x00000671      0x57c .\CortexM0\ARM_GCC_541\Debug\Lab 4 ADC.a(CyLib.o)
 .debug_line    0x00000bed      0x373 .\CortexM0\ARM_GCC_541\Debug\Lab 4 ADC.a(PWM_R.o)
 .debug_line    0x00000f60      0x373 .\CortexM0\ARM_GCC_541\Debug\Lab 4 ADC.a(PWM_G.o)
 .debug_line    0x000012d3      0x373 .\CortexM0\ARM_GCC_541\Debug\Lab 4 ADC.a(PWM_B.o)
 .debug_line    0x00001646      0x29c .\CortexM0\ARM_GCC_541\Debug\Lab 4 ADC.a(ADC.o)
 .debug_line    0x000018e2       0x62 .\CortexM0\ARM_GCC_541\Debug\Lab 4 ADC.a(ADC_INT.o)
 .debug_line    0x00001944      0x721 .\CortexM0\ARM_GCC_541\Debug\Lab 4 ADC.a(CyLFClk.o)
 .debug_line    0x00002065      0x2e4 .\CortexM0\ARM_GCC_541\Debug\Lab 4 ADC.a(UART_1.o)
 .debug_line    0x00002349       0xcc .\CortexM0\ARM_GCC_541\Debug\Lab 4 ADC.a(UART_1_IntClock.o)
 .debug_line    0x00002415       0x68 .\CortexM0\ARM_GCC_541\Debug\Lab 4 ADC.a(CyBootAsmGnu.o)

.debug_frame    0x00000000     0x2a68
 *(.debug_frame)
 .debug_frame   0x00000000       0x30 .\CortexM0\ARM_GCC_541\Debug\main.o
 .debug_frame   0x00000030       0xd0 .\CortexM0\ARM_GCC_541\Debug\LED_RGB.o
 .debug_frame   0x00000100       0xe8 .\CortexM0\ARM_GCC_541\Debug\cyfitter_cfg.o
 .debug_frame   0x000001e8       0xc8 .\CortexM0\ARM_GCC_541\Debug\Cm0Start.o
 .debug_frame   0x000002b0      0x6c4 .\CortexM0\ARM_GCC_541\Debug\Lab 4 ADC.a(CyLib.o)
 .debug_frame   0x00000974      0x52c .\CortexM0\ARM_GCC_541\Debug\Lab 4 ADC.a(PWM_R.o)
 .debug_frame   0x00000ea0      0x52c .\CortexM0\ARM_GCC_541\Debug\Lab 4 ADC.a(PWM_G.o)
 .debug_frame   0x000013cc      0x52c .\CortexM0\ARM_GCC_541\Debug\Lab 4 ADC.a(PWM_B.o)
 .debug_frame   0x000018f8      0x248 .\CortexM0\ARM_GCC_541\Debug\Lab 4 ADC.a(ADC.o)
 .debug_frame   0x00001b40       0x30 .\CortexM0\ARM_GCC_541\Debug\Lab 4 ADC.a(ADC_INT.o)
 .debug_frame   0x00001b70      0x5f8 .\CortexM0\ARM_GCC_541\Debug\Lab 4 ADC.a(CyLFClk.o)
 .debug_frame   0x00002168      0x374 .\CortexM0\ARM_GCC_541\Debug\Lab 4 ADC.a(UART_1.o)
 .debug_frame   0x000024dc       0xa4 .\CortexM0\ARM_GCC_541\Debug\Lab 4 ADC.a(UART_1_IntClock.o)
 .debug_frame   0x00002580       0x20 c:/program files (x86)/cypress/psoc creator/4.1/psoc creator/import/gnu/arm/5.4.1/bin/../lib/gcc/arm-none-eabi/5.4.1/armv6-m\libgcc.a(_udivsi3.o)
 .debug_frame   0x000025a0       0x20 c:/program files (x86)/cypress/psoc creator/4.1/psoc creator/import/gnu/arm/5.4.1/bin/../lib/gcc/arm-none-eabi/5.4.1/armv6-m\libgcc.a(_divsi3.o)
 .debug_frame   0x000025c0       0x34 c:/program files (x86)/cypress/psoc creator/4.1/psoc creator/import/gnu/arm/5.4.1/bin/../lib/gcc/arm-none-eabi/5.4.1/armv6-m\libgcc.a(_muldi3.o)
 .debug_frame   0x000025f4       0x30 c:/program files (x86)/cypress/psoc creator/4.1/psoc creator/import/gnu/arm/5.4.1/bin/../lib/gcc/arm-none-eabi/5.4.1/armv6-m\libgcc.a(bpabi.o)
 .debug_frame   0x00002624       0x3c c:/program files (x86)/cypress/psoc creator/4.1/psoc creator/import/gnu/arm/5.4.1/bin/../lib/gcc/arm-none-eabi/5.4.1/armv6-m\libgcc.a(divsf3.o)
 .debug_frame   0x00002660       0x38 c:/program files (x86)/cypress/psoc creator/4.1/psoc creator/import/gnu/arm/5.4.1/bin/../lib/gcc/arm-none-eabi/5.4.1/armv6-m\libgcc.a(mulsf3.o)
 .debug_frame   0x00002698       0x2c c:/program files (x86)/cypress/psoc creator/4.1/psoc creator/import/gnu/arm/5.4.1/bin/../lib/gcc/arm-none-eabi/5.4.1/armv6-m\libgcc.a(floatsisf.o)
 .debug_frame   0x000026c4       0x3c c:/program files (x86)/cypress/psoc creator/4.1/psoc creator/import/gnu/arm/5.4.1/bin/../lib/gcc/arm-none-eabi/5.4.1/armv6-m\libgcc.a(_divdi3.o)
 .debug_frame   0x00002700       0x20 c:/program files (x86)/cypress/psoc creator/4.1/psoc creator/import/gnu/arm/5.4.1/bin/../lib/gcc/arm-none-eabi/5.4.1/../../../../arm-none-eabi/lib/armv6-m\libg_nano.a(lib_a-errno.o)
 .debug_frame   0x00002720       0x28 c:/program files (x86)/cypress/psoc creator/4.1/psoc creator/import/gnu/arm/5.4.1/bin/../lib/gcc/arm-none-eabi/5.4.1/../../../../arm-none-eabi/lib/armv6-m\libg_nano.a(lib_a-exit.o)
 .debug_frame   0x00002748       0x2c c:/program files (x86)/cypress/psoc creator/4.1/psoc creator/import/gnu/arm/5.4.1/bin/../lib/gcc/arm-none-eabi/5.4.1/../../../../arm-none-eabi/lib/armv6-m\libg_nano.a(lib_a-init.o)
 .debug_frame   0x00002774       0x28 c:/program files (x86)/cypress/psoc creator/4.1/psoc creator/import/gnu/arm/5.4.1/bin/../lib/gcc/arm-none-eabi/5.4.1/../../../../arm-none-eabi/lib/armv6-m\libg_nano.a(lib_a-memcpy-stub.o)
 .debug_frame   0x0000279c       0x20 c:/program files (x86)/cypress/psoc creator/4.1/psoc creator/import/gnu/arm/5.4.1/bin/../lib/gcc/arm-none-eabi/5.4.1/../../../../arm-none-eabi/lib/armv6-m\libg_nano.a(lib_a-memset.o)
 .debug_frame   0x000027bc       0x50 c:/program files (x86)/cypress/psoc creator/4.1/psoc creator/import/gnu/arm/5.4.1/bin/../lib/gcc/arm-none-eabi/5.4.1/../../../../arm-none-eabi/lib/armv6-m\libg_nano.a(lib_a-sprintf.o)
 .debug_frame   0x0000280c       0x74 c:/program files (x86)/cypress/psoc creator/4.1/psoc creator/import/gnu/arm/5.4.1/bin/../lib/gcc/arm-none-eabi/5.4.1/../../../../arm-none-eabi/lib/armv6-m\libg_nano.a(lib_a-nano-svfprintf.o)
 .debug_frame   0x00002880       0x54 c:/program files (x86)/cypress/psoc creator/4.1/psoc creator/import/gnu/arm/5.4.1/bin/../lib/gcc/arm-none-eabi/5.4.1/../../../../arm-none-eabi/lib/armv6-m\libg_nano.a(lib_a-nano-vfprintf_i.o)
 .debug_frame   0x000028d4       0x20 c:/program files (x86)/cypress/psoc creator/4.1/psoc creator/import/gnu/arm/5.4.1/bin/../lib/gcc/arm-none-eabi/5.4.1/../../../../arm-none-eabi/lib/armv6-m\libg_nano.a(lib_a-memchr-stub.o)
 .debug_frame   0x000028f4       0x28 c:/program files (x86)/cypress/psoc creator/4.1/psoc creator/import/gnu/arm/5.4.1/bin/../lib/gcc/arm-none-eabi/5.4.1/../../../../arm-none-eabi/lib/armv6-m\libg_nano.a(lib_a-memmove.o)
 .debug_frame   0x0000291c       0x2c c:/program files (x86)/cypress/psoc creator/4.1/psoc creator/import/gnu/arm/5.4.1/bin/../lib/gcc/arm-none-eabi/5.4.1/../../../../arm-none-eabi/lib/armv6-m\libg_nano.a(lib_a-nano-freer.o)
 .debug_frame   0x00002948       0x2c c:/program files (x86)/cypress/psoc creator/4.1/psoc creator/import/gnu/arm/5.4.1/bin/../lib/gcc/arm-none-eabi/5.4.1/../../../../arm-none-eabi/lib/armv6-m\libg_nano.a(lib_a-nano-mallocr.o)
 .debug_frame   0x00002974       0x30 c:/program files (x86)/cypress/psoc creator/4.1/psoc creator/import/gnu/arm/5.4.1/bin/../lib/gcc/arm-none-eabi/5.4.1/../../../../arm-none-eabi/lib/armv6-m\libg_nano.a(lib_a-nano-reallocr.o)
 .debug_frame   0x000029a4       0x2c c:/program files (x86)/cypress/psoc creator/4.1/psoc creator/import/gnu/arm/5.4.1/bin/../lib/gcc/arm-none-eabi/5.4.1/../../../../arm-none-eabi/lib/armv6-m\libg_nano.a(lib_a-sbrkr.o)
 .debug_frame   0x000029d0       0x30 c:/program files (x86)/cypress/psoc creator/4.1/psoc creator/import/gnu/arm/5.4.1/bin/../lib/gcc/arm-none-eabi/5.4.1/../../../../arm-none-eabi/lib/armv6-m\libg_nano.a(lib_a-mlock.o)
 .debug_frame   0x00002a00       0x20 c:/program files (x86)/cypress/psoc creator/4.1/psoc creator/import/gnu/arm/5.4.1/bin/../lib/gcc/arm-none-eabi/5.4.1/../../../../arm-none-eabi/lib/armv6-m\libg_nano.a(lib_a-nano-msizer.o)
 .debug_frame   0x00002a20       0x48 c:/program files (x86)/cypress/psoc creator/4.1/psoc creator/import/gnu/arm/5.4.1/bin/../lib/gcc/arm-none-eabi/5.4.1/../../../../arm-none-eabi/lib/armv6-m\libg_nano.a(lib_a-reent.o)

.debug_str      0x00000000     0x2240
 *(.debug_str)
 .debug_str     0x00000000      0x16f .\CortexM0\ARM_GCC_541\Debug\main.o
                                0x1af (size before relaxing)
 .debug_str     0x0000016f      0x100 .\CortexM0\ARM_GCC_541\Debug\LED_RGB.o
                                0x298 (size before relaxing)
 .debug_str     0x0000026f      0x154 .\CortexM0\ARM_GCC_541\Debug\cyfitter_cfg.o
                                0x323 (size before relaxing)
 .debug_str     0x000003c3      0x119 .\CortexM0\ARM_GCC_541\Debug\Cm0Start.o
                                0x2de (size before relaxing)
 .debug_str     0x000004dc       0x63 .\CortexM0\ARM_GCC_541\Debug\cymetadata.o
                                0x1d8 (size before relaxing)
 .debug_str     0x0000053f      0x60a .\CortexM0\ARM_GCC_541\Debug\Lab 4 ADC.a(CyLib.o)
                                0x7db (size before relaxing)
 .debug_str     0x00000b49      0x3eb .\CortexM0\ARM_GCC_541\Debug\Lab 4 ADC.a(PWM_R.o)
                                0x594 (size before relaxing)
 .debug_str     0x00000f34      0x327 .\CortexM0\ARM_GCC_541\Debug\Lab 4 ADC.a(PWM_G.o)
                                0x594 (size before relaxing)
 .debug_str     0x0000125b      0x327 .\CortexM0\ARM_GCC_541\Debug\Lab 4 ADC.a(PWM_B.o)
                                0x594 (size before relaxing)
 .debug_str     0x00001582      0x1d1 .\CortexM0\ARM_GCC_541\Debug\Lab 4 ADC.a(ADC.o)
                                0x3a3 (size before relaxing)
 .debug_str     0x00001753       0x35 .\CortexM0\ARM_GCC_541\Debug\Lab 4 ADC.a(ADC_INT.o)
                                0x1cd (size before relaxing)
 .debug_str     0x00001788      0x710 .\CortexM0\ARM_GCC_541\Debug\Lab 4 ADC.a(CyLFClk.o)
                                0x90a (size before relaxing)
 .debug_str     0x00001e98      0x2a1 .\CortexM0\ARM_GCC_541\Debug\Lab 4 ADC.a(UART_1.o)
                                0x46b (size before relaxing)
 .debug_str     0x00002139      0x107 .\CortexM0\ARM_GCC_541\Debug\Lab 4 ADC.a(UART_1_IntClock.o)
                                0x297 (size before relaxing)

.debug_loc
 *(.debug_loc)

.debug_macinfo
 *(.debug_macinfo)

.debug_ranges   0x00000000      0x998
 *(.debug_ranges)
 .debug_ranges  0x00000000       0x10 .\CortexM0\ARM_GCC_541\Debug\main.o
 .debug_ranges  0x00000010       0x38 .\CortexM0\ARM_GCC_541\Debug\LED_RGB.o
 .debug_ranges  0x00000048       0x40 .\CortexM0\ARM_GCC_541\Debug\cyfitter_cfg.o
 .debug_ranges  0x00000088       0x38 .\CortexM0\ARM_GCC_541\Debug\Cm0Start.o
 .debug_ranges  0x000000c0      0x1c0 .\CortexM0\ARM_GCC_541\Debug\Lab 4 ADC.a(CyLib.o)
 .debug_ranges  0x00000280      0x148 .\CortexM0\ARM_GCC_541\Debug\Lab 4 ADC.a(PWM_R.o)
 .debug_ranges  0x000003c8      0x148 .\CortexM0\ARM_GCC_541\Debug\Lab 4 ADC.a(PWM_G.o)
 .debug_ranges  0x00000510      0x148 .\CortexM0\ARM_GCC_541\Debug\Lab 4 ADC.a(PWM_B.o)
 .debug_ranges  0x00000658       0x98 .\CortexM0\ARM_GCC_541\Debug\Lab 4 ADC.a(ADC.o)
 .debug_ranges  0x000006f0       0x10 .\CortexM0\ARM_GCC_541\Debug\Lab 4 ADC.a(ADC_INT.o)
 .debug_ranges  0x00000700      0x188 .\CortexM0\ARM_GCC_541\Debug\Lab 4 ADC.a(CyLFClk.o)
 .debug_ranges  0x00000888       0xe0 .\CortexM0\ARM_GCC_541\Debug\Lab 4 ADC.a(UART_1.o)
 .debug_ranges  0x00000968       0x30 .\CortexM0\ARM_GCC_541\Debug\Lab 4 ADC.a(UART_1_IntClock.o)

.comment        0x00000000       0x6e
 .comment       0x00000000       0x6e .\CortexM0\ARM_GCC_541\Debug\main.o
                                 0x6f (size before relaxing)
 .comment       0x0000006e       0x6f .\CortexM0\ARM_GCC_541\Debug\LED_RGB.o
 .comment       0x0000006e       0x6f .\CortexM0\ARM_GCC_541\Debug\cyfitter_cfg.o
 .comment       0x0000006e       0x6f .\CortexM0\ARM_GCC_541\Debug\Cm0Start.o
 .comment       0x0000006e       0x6f .\CortexM0\ARM_GCC_541\Debug\cymetadata.o
 .comment       0x0000006e       0x6f .\CortexM0\ARM_GCC_541\Debug\Lab 4 ADC.a(CyLib.o)
 .comment       0x0000006e       0x6f .\CortexM0\ARM_GCC_541\Debug\Lab 4 ADC.a(PWM_R.o)
 .comment       0x0000006e       0x6f .\CortexM0\ARM_GCC_541\Debug\Lab 4 ADC.a(PWM_G.o)
 .comment       0x0000006e       0x6f .\CortexM0\ARM_GCC_541\Debug\Lab 4 ADC.a(PWM_B.o)
 .comment       0x0000006e       0x6f .\CortexM0\ARM_GCC_541\Debug\Lab 4 ADC.a(ADC.o)
 .comment       0x0000006e       0x6f .\CortexM0\ARM_GCC_541\Debug\Lab 4 ADC.a(ADC_INT.o)
 .comment       0x0000006e       0x6f .\CortexM0\ARM_GCC_541\Debug\Lab 4 ADC.a(CyLFClk.o)
 .comment       0x0000006e       0x6f .\CortexM0\ARM_GCC_541\Debug\Lab 4 ADC.a(UART_1.o)
 .comment       0x0000006e       0x6f .\CortexM0\ARM_GCC_541\Debug\Lab 4 ADC.a(UART_1_IntClock.o)

.debug_weaknames
 *(.debug_weaknames)

.debug_funcnames
 *(.debug_funcnames)

.debug_typenames
 *(.debug_typenames)

.debug_varnames
 *(.debug_varnames)

.note.gnu.arm.ident
 *(.note.gnu.arm.ident)

.ARM.attributes
                0x00000000       0x28
 *(.ARM.attributes)
 .ARM.attributes
                0x00000000       0x1e c:/program files (x86)/cypress/psoc creator/4.1/psoc creator/import/gnu/arm/5.4.1/bin/../lib/gcc/arm-none-eabi/5.4.1/armv6-m/crti.o
 .ARM.attributes
                0x0000001e       0x2c c:/program files (x86)/cypress/psoc creator/4.1/psoc creator/import/gnu/arm/5.4.1/bin/../lib/gcc/arm-none-eabi/5.4.1/armv6-m/crtbegin.o
 .ARM.attributes
                0x0000004a       0x1b c:/program files (x86)/cypress/psoc creator/4.1/psoc creator/import/gnu/arm/5.4.1/bin/../lib/gcc/arm-none-eabi/5.4.1/../../../../arm-none-eabi/lib/armv6-m/crt0.o
 .ARM.attributes
                0x00000065       0x31 .\CortexM0\ARM_GCC_541\Debug\main.o
 .ARM.attributes
                0x00000096       0x31 .\CortexM0\ARM_GCC_541\Debug\LED_RGB.o
 .ARM.attributes
                0x000000c7       0x31 .\CortexM0\ARM_GCC_541\Debug\cyfitter_cfg.o
 .ARM.attributes
                0x000000f8       0x31 .\CortexM0\ARM_GCC_541\Debug\Cm0Start.o
 .ARM.attributes
                0x00000129       0x31 .\CortexM0\ARM_GCC_541\Debug\cymetadata.o
 .ARM.attributes
                0x0000015a       0x31 .\CortexM0\ARM_GCC_541\Debug\Lab 4 ADC.a(CyLib.o)
 .ARM.attributes
                0x0000018b       0x31 .\CortexM0\ARM_GCC_541\Debug\Lab 4 ADC.a(PWM_R.o)
 .ARM.attributes
                0x000001bc       0x31 .\CortexM0\ARM_GCC_541\Debug\Lab 4 ADC.a(PWM_G.o)
 .ARM.attributes
                0x000001ed       0x31 .\CortexM0\ARM_GCC_541\Debug\Lab 4 ADC.a(PWM_B.o)
 .ARM.attributes
                0x0000021e       0x31 .\CortexM0\ARM_GCC_541\Debug\Lab 4 ADC.a(ADC.o)
 .ARM.attributes
                0x0000024f       0x31 .\CortexM0\ARM_GCC_541\Debug\Lab 4 ADC.a(ADC_INT.o)
 .ARM.attributes
                0x00000280       0x31 .\CortexM0\ARM_GCC_541\Debug\Lab 4 ADC.a(CyLFClk.o)
 .ARM.attributes
                0x000002b1       0x31 .\CortexM0\ARM_GCC_541\Debug\Lab 4 ADC.a(UART_1.o)
 .ARM.attributes
                0x000002e2       0x31 .\CortexM0\ARM_GCC_541\Debug\Lab 4 ADC.a(UART_1_IntClock.o)
 .ARM.attributes
                0x00000313       0x21 .\CortexM0\ARM_GCC_541\Debug\Lab 4 ADC.a(CyBootAsmGnu.o)
 .ARM.attributes
                0x00000334       0x1e c:/program files (x86)/cypress/psoc creator/4.1/psoc creator/import/gnu/arm/5.4.1/bin/../lib/gcc/arm-none-eabi/5.4.1/armv6-m\libgcc.a(_udivsi3.o)
 .ARM.attributes
                0x00000352       0x1e c:/program files (x86)/cypress/psoc creator/4.1/psoc creator/import/gnu/arm/5.4.1/bin/../lib/gcc/arm-none-eabi/5.4.1/armv6-m\libgcc.a(_divsi3.o)
 .ARM.attributes
                0x00000370       0x1e c:/program files (x86)/cypress/psoc creator/4.1/psoc creator/import/gnu/arm/5.4.1/bin/../lib/gcc/arm-none-eabi/5.4.1/armv6-m\libgcc.a(_dvmd_tls.o)
 .ARM.attributes
                0x0000038e       0x1e c:/program files (x86)/cypress/psoc creator/4.1/psoc creator/import/gnu/arm/5.4.1/bin/../lib/gcc/arm-none-eabi/5.4.1/armv6-m\libgcc.a(_aeabi_ldivmod.o)
 .ARM.attributes
                0x000003ac       0x2c c:/program files (x86)/cypress/psoc creator/4.1/psoc creator/import/gnu/arm/5.4.1/bin/../lib/gcc/arm-none-eabi/5.4.1/armv6-m\libgcc.a(_muldi3.o)
 .ARM.attributes
                0x000003d8       0x2c c:/program files (x86)/cypress/psoc creator/4.1/psoc creator/import/gnu/arm/5.4.1/bin/../lib/gcc/arm-none-eabi/5.4.1/armv6-m\libgcc.a(bpabi.o)
 .ARM.attributes
                0x00000404       0x2c c:/program files (x86)/cypress/psoc creator/4.1/psoc creator/import/gnu/arm/5.4.1/bin/../lib/gcc/arm-none-eabi/5.4.1/armv6-m\libgcc.a(divsf3.o)
 .ARM.attributes
                0x00000430       0x2c c:/program files (x86)/cypress/psoc creator/4.1/psoc creator/import/gnu/arm/5.4.1/bin/../lib/gcc/arm-none-eabi/5.4.1/armv6-m\libgcc.a(mulsf3.o)
 .ARM.attributes
                0x0000045c       0x2c c:/program files (x86)/cypress/psoc creator/4.1/psoc creator/import/gnu/arm/5.4.1/bin/../lib/gcc/arm-none-eabi/5.4.1/armv6-m\libgcc.a(floatsisf.o)
 .ARM.attributes
                0x00000488       0x1e c:/program files (x86)/cypress/psoc creator/4.1/psoc creator/import/gnu/arm/5.4.1/bin/../lib/gcc/arm-none-eabi/5.4.1/armv6-m\libgcc.a(_clzsi2.o)
 .ARM.attributes
                0x000004a6       0x2c c:/program files (x86)/cypress/psoc creator/4.1/psoc creator/import/gnu/arm/5.4.1/bin/../lib/gcc/arm-none-eabi/5.4.1/armv6-m\libgcc.a(_divdi3.o)
 .ARM.attributes
                0x000004d2       0x1e c:/program files (x86)/cypress/psoc creator/4.1/psoc creator/import/gnu/arm/5.4.1/bin/../lib/gcc/arm-none-eabi/5.4.1/armv6-m\libgcc.a(_clzdi2.o)
 .ARM.attributes
                0x000004f0       0x2c c:/program files (x86)/cypress/psoc creator/4.1/psoc creator/import/gnu/arm/5.4.1/bin/../lib/gcc/arm-none-eabi/5.4.1/../../../../arm-none-eabi/lib/armv6-m\libg_nano.a(lib_a-errno.o)
 .ARM.attributes
                0x0000051c       0x2c c:/program files (x86)/cypress/psoc creator/4.1/psoc creator/import/gnu/arm/5.4.1/bin/../lib/gcc/arm-none-eabi/5.4.1/../../../../arm-none-eabi/lib/armv6-m\libg_nano.a(lib_a-exit.o)
 .ARM.attributes
                0x00000548       0x2c c:/program files (x86)/cypress/psoc creator/4.1/psoc creator/import/gnu/arm/5.4.1/bin/../lib/gcc/arm-none-eabi/5.4.1/../../../../arm-none-eabi/lib/armv6-m\libg_nano.a(lib_a-impure.o)
 .ARM.attributes
                0x00000574       0x2c c:/program files (x86)/cypress/psoc creator/4.1/psoc creator/import/gnu/arm/5.4.1/bin/../lib/gcc/arm-none-eabi/5.4.1/../../../../arm-none-eabi/lib/armv6-m\libg_nano.a(lib_a-init.o)
 .ARM.attributes
                0x000005a0       0x2c c:/program files (x86)/cypress/psoc creator/4.1/psoc creator/import/gnu/arm/5.4.1/bin/../lib/gcc/arm-none-eabi/5.4.1/../../../../arm-none-eabi/lib/armv6-m\libg_nano.a(lib_a-memcpy-stub.o)
 .ARM.attributes
                0x000005cc       0x2c c:/program files (x86)/cypress/psoc creator/4.1/psoc creator/import/gnu/arm/5.4.1/bin/../lib/gcc/arm-none-eabi/5.4.1/../../../../arm-none-eabi/lib/armv6-m\libg_nano.a(lib_a-memset.o)
 .ARM.attributes
                0x000005f8       0x2c c:/program files (x86)/cypress/psoc creator/4.1/psoc creator/import/gnu/arm/5.4.1/bin/../lib/gcc/arm-none-eabi/5.4.1/../../../../arm-none-eabi/lib/armv6-m\libg_nano.a(lib_a-sprintf.o)
 .ARM.attributes
                0x00000624       0x2c c:/program files (x86)/cypress/psoc creator/4.1/psoc creator/import/gnu/arm/5.4.1/bin/../lib/gcc/arm-none-eabi/5.4.1/../../../../arm-none-eabi/lib/armv6-m\libg_nano.a(lib_a-nano-svfprintf.o)
 .ARM.attributes
                0x00000650       0x2c c:/program files (x86)/cypress/psoc creator/4.1/psoc creator/import/gnu/arm/5.4.1/bin/../lib/gcc/arm-none-eabi/5.4.1/../../../../arm-none-eabi/lib/armv6-m\libg_nano.a(lib_a-nano-vfprintf_i.o)
 .ARM.attributes
                0x0000067c       0x2c c:/program files (x86)/cypress/psoc creator/4.1/psoc creator/import/gnu/arm/5.4.1/bin/../lib/gcc/arm-none-eabi/5.4.1/../../../../arm-none-eabi/lib/armv6-m\libg_nano.a(lib_a-memchr-stub.o)
 .ARM.attributes
                0x000006a8       0x2c c:/program files (x86)/cypress/psoc creator/4.1/psoc creator/import/gnu/arm/5.4.1/bin/../lib/gcc/arm-none-eabi/5.4.1/../../../../arm-none-eabi/lib/armv6-m\libg_nano.a(lib_a-memmove.o)
 .ARM.attributes
                0x000006d4       0x2c c:/program files (x86)/cypress/psoc creator/4.1/psoc creator/import/gnu/arm/5.4.1/bin/../lib/gcc/arm-none-eabi/5.4.1/../../../../arm-none-eabi/lib/armv6-m\libg_nano.a(lib_a-nano-freer.o)
 .ARM.attributes
                0x00000700       0x2c c:/program files (x86)/cypress/psoc creator/4.1/psoc creator/import/gnu/arm/5.4.1/bin/../lib/gcc/arm-none-eabi/5.4.1/../../../../arm-none-eabi/lib/armv6-m\libg_nano.a(lib_a-nano-mallocr.o)
 .ARM.attributes
                0x0000072c       0x2c c:/program files (x86)/cypress/psoc creator/4.1/psoc creator/import/gnu/arm/5.4.1/bin/../lib/gcc/arm-none-eabi/5.4.1/../../../../arm-none-eabi/lib/armv6-m\libg_nano.a(lib_a-nano-reallocr.o)
 .ARM.attributes
                0x00000758       0x2c c:/program files (x86)/cypress/psoc creator/4.1/psoc creator/import/gnu/arm/5.4.1/bin/../lib/gcc/arm-none-eabi/5.4.1/../../../../arm-none-eabi/lib/armv6-m\libg_nano.a(lib_a-sbrkr.o)
 .ARM.attributes
                0x00000784       0x2c c:/program files (x86)/cypress/psoc creator/4.1/psoc creator/import/gnu/arm/5.4.1/bin/../lib/gcc/arm-none-eabi/5.4.1/../../../../arm-none-eabi/lib/armv6-m\libg_nano.a(lib_a-mlock.o)
 .ARM.attributes
                0x000007b0       0x2c c:/program files (x86)/cypress/psoc creator/4.1/psoc creator/import/gnu/arm/5.4.1/bin/../lib/gcc/arm-none-eabi/5.4.1/../../../../arm-none-eabi/lib/armv6-m\libg_nano.a(lib_a-nano-msizer.o)
 .ARM.attributes
                0x000007dc       0x2c c:/program files (x86)/cypress/psoc creator/4.1/psoc creator/import/gnu/arm/5.4.1/bin/../lib/gcc/arm-none-eabi/5.4.1/../../../../arm-none-eabi/lib/armv6-m\libg_nano.a(lib_a-reent.o)
 .ARM.attributes
                0x00000808       0x2c c:/program files (x86)/cypress/psoc creator/4.1/psoc creator/import/gnu/arm/5.4.1/bin/../lib/gcc/arm-none-eabi/5.4.1/armv6-m/crtend.o
 .ARM.attributes
                0x00000834       0x1e c:/program files (x86)/cypress/psoc creator/4.1/psoc creator/import/gnu/arm/5.4.1/bin/../lib/gcc/arm-none-eabi/5.4.1/armv6-m/crtn.o

/DISCARD/
 *(.note.GNU-stack)
OUTPUT(C:\Users\Jacob\Documents\Junior\EGR 304\EGR304\HW09 Lab Templates\Lab 4 ADC.cydsn\CortexM0\ARM_GCC_541\Debug\Lab 4 ADC.elf elf32-littlearm)
