Microchip MPLAB XC8 Compiler V1.45 ()

Linker command line:

-W-3 --edf=C:\Program Files (x86)\Microchip\xc8\v1.45\dat\en_msgs.txt -cs \
  -h+dist/default/production\I2CTesting.X.production.sym \
  --cmf=dist/default/production\I2CTesting.X.production.cmf -z -Q18F47K40 \
  -oC:\Users\Jacob\AppData\Local\Temp\s4vs.2 \
  -Mdist/default/production/I2CTesting.X.production.map -E1 -ver=XC8 \
  -ASTACK=0A3h-0e87h -pstack=STACK -ACODE=00h-01FFFFh -ACONST=00h-01FFFFh \
  -ASMALLCONST=0F00h-0FFFhx497 -AMEDIUMCONST=0F00h-0FFFFh,010F00h-01FFFFh \
  -ACOMRAM=01h-05Fh -AABS1=00h-0E87h -ABIGRAM=01h-0E87h \
  -ARAM=060h-0FFh,0100h-01FFhx13,0E00h-0E87h -ABANK0=060h-0FFh \
  -ABANK1=0100h-01FFh -ABANK2=0200h-02FFh -ABANK3=0300h-03FFh \
  -ABANK4=0400h-04FFh -ABANK5=0500h-05FFh -ABANK6=0600h-06FFh \
  -ABANK7=0700h-07FFh -ABANK8=0800h-08FFh -ABANK9=0900h-09FFh \
  -ABANK10=0A00h-0AFFh -ABANK11=0B00h-0BFFh -ABANK12=0C00h-0CFFh \
  -ABANK13=0D00h-0DFFh -ABANK14=0E00h-0E87h \
  -ASFR=0E8Dh-0EFFh,0F00h-0F5Fh,0F60h-0FFFh \
  -preset_vec=00h,intcode=08h,intcodelo,powerup,init -pramtop=0F00h \
  -psmallconst=SMALLCONST -pmediumconst=MEDIUMCONST -pconst=CONST \
  -AFARRAM=00h-00h -ACONFIG=0300000h-030000Bh -pconfig=CONFIG \
  -AIDLOC=0200000h-020000Fh -pidloc=IDLOC -AEEDATA=0310000h-03103FFh \
  -peeprom_data=EEDATA \
  -prdata=COMRAM,nvrram=COMRAM,nvbit=COMRAM,rbss=COMRAM,rbit=COMRAM \
  -pfarbss=FARRAM,fardata=FARRAM,nvFARRAM=FARRAM \
  -pintsave_regs=BIGRAM,bigbss=BIGRAM,bigdata=BIGRAM -pbss=RAM \
  -pidata=CODE,irdata=CODE,ibigdata=CODE,ifardata=CODE -prparam=COMRAM \
  C:\Users\Jacob\AppData\Local\Temp\s4vs.obj \
  dist/default/production\I2CTesting.X.production.obj 

Object code version is 3.11

Machine type is 18F47K40

Call graph: (short form)




                Name                               Link     Load   Length Selector   Space Scale
C:\Users\Jacob\AppData\Local\Temp\s4vs.obj
                init                                 DC       DC        4        4       0
                reset_vec                             0        0        4        0       0
                idloc                            200000   200000       10   200000       0
                config                           300000   300000        C   300000       0
dist/default/production\I2CTesting.X.production.obj
                intcode                               8        8       D4        4       0
                temp                                 4A       4A        1        1       1
                text102                             DDA      DDA        6        4       0
                text101                             DD4      DD4        6        4       0
                text100                             DCE      DCE        6        4       0
                text99                              E10      E10        4        4       0
                text98                              E0C      E0C        4        4       0
                text97                              B7C      B7C       18        4       0
                text96                              4A0      4A0       78        4       0
                text95                              B18      B18       1C        4       0
                text94                              A78      A78       30        4       0
                text93                              E08      E08        4        4       0
                text92                              E04      E04        4        4       0
                text91                              E00      E00        4        4       0
                text90                              A48      A48       30        4       0
                text89                              A18      A18       30        4       0
                text88                              9E8      9E8       30        4       0
                text87                              7B2      7B2       44        4       0
                text86                              DFC      DFC        4        4       0
                text85                              E16      E16        2        4       0
                text84                              DC8      DC8        6        4       0
                text83                              DF8      DF8        4        4       0
                text82                              D96      D96        8        4       0
                text81                              BD6      BD6       16        4       0
                text80                              DC2      DC2        6        4       0
                text79                              5E6      5E6       56        4       0
                text78                              D06      D06        E        4       0
                text77                              D3C      D3C        A        4       0
                text76                              D8E      D8E        8        4       0
                text75                              D86      D86        8        4       0
                text74                              D7E      D7E        8        4       0
                text73                              D76      D76        8        4       0
                text72                              CF8      CF8        E        4       0
                text71                              CEA      CEA        E        4       0
                text70                              D32      D32        A        4       0
                text69                              D6E      D6E        8        4       0
                text68                              D66      D66        8        4       0
                text67                              D5E      D5E        8        4       0
                text66                              76C      76C       46        4       0
                text65                              226      226       8C        4       0
                text64                              518      518       72        4       0
                text63                              DBC      DBC        6        4       0
                text62                              7F6      7F6       40        4       0
                text60                              DF4      DF4        4        4       0
                text59                              B64      B64       18        4       0
                text58                              3AE      3AE       7A        4       0
                text57                              AFC      AFC       1C        4       0
                text56                              C3A      C3A       12        4       0
                text55                              DB6      DB6        6        4       0
                text54                              DB0      DB0        6        4       0
                text53                              AE0      AE0       1C        4       0
                text52                              DF0      DF0        4        4       0
                text51                              DAA      DAA        6        4       0
                text50                              DEC      DEC        4        4       0
                text49                              DE8      DE8        4        4       0
                text48                              B4C      B4C       18        4       0
                text47                              334      334       7A        4       0
                text46                              AC4      AC4       1C        4       0
                text45                              8DE      8DE       38        4       0
                text44                              D28      D28        A        4       0
                text43                              D1E      D1E        A        4       0
                text42                              D14      D14        A        4       0
                text41                              8A6      8A6       38        4       0
                text40                              86E      86E       38        4       0
                text39                              836      836       38        4       0
                text38                              68C      68C       4E        4       0
                text37                              DE4      DE4        4        4       0
                text36                              E14      E14        2        4       0
                text35                              DA4      DA4        6        4       0
                text34                              DE0      DE0        4        4       0
                text33                              D56      D56        8        4       0
                text32                              BC0      BC0       16        4       0
                text31                              D9E      D9E        6        4       0
                text30                              58A      58A       5C        4       0
                text29                              C14      C14       14        4       0
                text28                              C5C      C5C       10        4       0
                text27                              CDC      CDC        E        4       0
                text26                              CCE      CCE        E        4       0
                text25                              CC0      CC0        E        4       0
                text24                              CB2      CB2        E        4       0
                text23                              C00      C00       14        4       0
                text22                              BEC      BEC       14        4       0
                text21                              C4C      C4C       10        4       0
                text20                              CA4      CA4        E        4       0
                text19                              C96      C96        E        4       0
                text18                              C88      C88        E        4       0
                text17                              6DA      6DA       4C        4       0
                text16                              194      194       92        4       0
                text15                              428      428       78        4       0
                text14                              726      726       46        4       0
                text13                              BAA      BAA       16        4       0
                text12                              B34      B34       18        4       0
                text11                              C28      C28       12        4       0
                text10                              982      982       36        4       0
                text9                               D4E      D4E        8        4       0
                text8                               B94      B94       16        4       0
                text7                               C7A      C7A        E        4       0
                text6                               C6C      C6C        E        4       0
                text5                                E0       E0       B4        4       0
                text4                               94C      94C       36        4       0
                text3                               D46      D46        8        4       0
                text2                               AA8      AA8       1C        4       0
                text1                               63C      63C       50        4       0
                text0                               2B2      2B2       82        4       0
                cstackCOMRAM                         31       31       19        1       1
                cstackBANK0                          90       90       13       60       1
                dataBANK0                            60       60       30       60       1
                bssCOMRAM                             1        1       30        1       1
                cinit                               916      916       36        4       0
                idataBANK0                          9B8      9B8       30        4       0

TOTAL           Name                               Link     Load   Length     Space
        CLASS   STACK          

        CLASS   CODE           
                intcode                               8        8       D4         0
                init                                 DC       DC        4         0
                reset_vec                             0        0        4         0
                text102                             DDA      DDA        6         0
                text101                             DD4      DD4        6         0
                text100                             DCE      DCE        6         0
                text99                              E10      E10        4         0
                text98                              E0C      E0C        4         0
                text97                              B7C      B7C       18         0
                text96                              4A0      4A0       78         0
                text95                              B18      B18       1C         0
                text94                              A78      A78       30         0
                text93                              E08      E08        4         0
                text92                              E04      E04        4         0
                text91                              E00      E00        4         0
                text90                              A48      A48       30         0
                text89                              A18      A18       30         0
                text88                              9E8      9E8       30         0
                text87                              7B2      7B2       44         0
                text86                              DFC      DFC        4         0
                text85                              E16      E16        2         0
                text84                              DC8      DC8        6         0
                text83                              DF8      DF8        4         0
                text82                              D96      D96        8         0
                text81                              BD6      BD6       16         0
                text80                              DC2      DC2        6         0
                text79                              5E6      5E6       56         0
                text78                              D06      D06        E         0
                text77                              D3C      D3C        A         0
                text76                              D8E      D8E        8         0
                text75                              D86      D86        8         0
                text74                              D7E      D7E        8         0
                text73                              D76      D76        8         0
                text72                              CF8      CF8        E         0
                text71                              CEA      CEA        E         0
                text70                              D32      D32        A         0
                text69                              D6E      D6E        8         0
                text68                              D66      D66        8         0
                text67                              D5E      D5E        8         0
                text66                              76C      76C       46         0
                text65                              226      226       8C         0
                text64                              518      518       72         0
                text63                              DBC      DBC        6         0
                text62                              7F6      7F6       40         0
                text60                              DF4      DF4        4         0
                text59                              B64      B64       18         0
                text58                              3AE      3AE       7A         0
                text57                              AFC      AFC       1C         0
                text56                              C3A      C3A       12         0
                text55                              DB6      DB6        6         0
                text54                              DB0      DB0        6         0
                text53                              AE0      AE0       1C         0
                text52                              DF0      DF0        4         0
                text51                              DAA      DAA        6         0
                text50                              DEC      DEC        4         0
                text49                              DE8      DE8        4         0
                text48                              B4C      B4C       18         0
                text47                              334      334       7A         0
                text46                              AC4      AC4       1C         0
                text45                              8DE      8DE       38         0
                text44                              D28      D28        A         0
                text43                              D1E      D1E        A         0
                text42                              D14      D14        A         0
                text41                              8A6      8A6       38         0
                text40                              86E      86E       38         0
                text39                              836      836       38         0
                text38                              68C      68C       4E         0
                text37                              DE4      DE4        4         0
                text36                              E14      E14        2         0
                text35                              DA4      DA4        6         0
                text34                              DE0      DE0        4         0
                text33                              D56      D56        8         0
                text32                              BC0      BC0       16         0
                text31                              D9E      D9E        6         0
                text30                              58A      58A       5C         0
                text29                              C14      C14       14         0
                text28                              C5C      C5C       10         0
                text27                              CDC      CDC        E         0
                text26                              CCE      CCE        E         0
                text25                              CC0      CC0        E         0
                text24                              CB2      CB2        E         0
                text23                              C00      C00       14         0
                text22                              BEC      BEC       14         0
                text21                              C4C      C4C       10         0
                text20                              CA4      CA4        E         0
                text19                              C96      C96        E         0
                text18                              C88      C88        E         0
                text17                              6DA      6DA       4C         0
                text16                              194      194       92         0
                text15                              428      428       78         0
                text14                              726      726       46         0
                text13                              BAA      BAA       16         0
                text12                              B34      B34       18         0
                text11                              C28      C28       12         0
                text10                              982      982       36         0
                text9                               D4E      D4E        8         0
                text8                               B94      B94       16         0
                text7                               C7A      C7A        E         0
                text6                               C6C      C6C        E         0
                text5                                E0       E0       B4         0
                text4                               94C      94C       36         0
                text3                               D46      D46        8         0
                text2                               AA8      AA8       1C         0
                text1                               63C      63C       50         0
                text0                               2B2      2B2       82         0
                cinit                               916      916       36         0
                idataBANK0                          9B8      9B8       30         0

        CLASS   CONST          

        CLASS   SMALLCONST     

        CLASS   MEDIUMCONST    

        CLASS   COMRAM         
                temp                                 4A       4A        1         1
                cstackCOMRAM                         31       31       19         1
                bssCOMRAM                             1        1       30         1

        CLASS   ABS1           

        CLASS   BIGRAM         

        CLASS   RAM            

        CLASS   BANK0          
                cstackBANK0                          90       90       13         1
                dataBANK0                            60       60       30         1

        CLASS   BANK1          

        CLASS   BANK2          

        CLASS   BANK3          

        CLASS   BANK4          

        CLASS   BANK5          

        CLASS   BANK6          

        CLASS   BANK7          

        CLASS   BANK8          

        CLASS   BANK9          

        CLASS   BANK10         

        CLASS   BANK11         

        CLASS   BANK12         

        CLASS   BANK13         

        CLASS   BANK14         

        CLASS   SFR            

        CLASS   FARRAM         

        CLASS   CONFIG         
                config                           300000   300000        C         0

        CLASS   IDLOC          
                idloc                            200000   200000       10         0

        CLASS   EEDATA         



SEGMENTS        Name                           Load    Length   Top    Selector   Space  Class

                reset_vec                      000000  000004  000004         0       0  CODE    
                bssCOMRAM                      000001  00004A  00004B         1       1  COMRAM  
                intcode                        000008  000E10  000E18         4       0  CODE    
                dataBANK0                      000060  000043  0000A3        60       1  BANK0   
                idloc                          200000  000010  200010    200000       0  IDLOC   
                config                         300000  00000C  30000C    300000       0  CONFIG  


UNUSED ADDRESS RANGES

        Name                Unused          Largest block    Delta
        BANK0            0000A3-0000FF               5D
        BANK1            000100-0001FF              100
        BANK10           000A00-000AFF              100
        BANK11           000B00-000BFF              100
        BANK12           000C00-000CFF              100
        BANK13           000D00-000DFF              100
        BANK14           000E00-000E87               88
        BANK2            000200-0002FF              100
        BANK3            000300-0003FF              100
        BANK4            000400-0004FF              100
        BANK5            000500-0005FF              100
        BANK6            000600-0006FF              100
        BANK7            000700-0007FF              100
        BANK8            000800-0008FF              100
        BANK9            000900-0009FF              100
        BIGRAM           00004B-00005F               15
                         0000A3-000E87              DE5
        CODE             000004-000007                4
                         000E18-01FFFF            1F1E8
        COMRAM           00004B-00005F               15
        CONST            000004-000007                4
                         000E18-01FFFF            1F1E8
        EEDATA           310000-3103FF              400
        MEDIUMCONST      000F00-00FFFF             F100
                         010F00-01FFFF             F100
        RAM              0000A3-000E87              100
        SFR              000E8D-000FFF               73
        SMALLCONST       000F00-01FFFF              100
        STACK            0000A3-000E87              DE5

                                  Symbol Table

_ANSELA                                  (abs)        000F11
_ANSELB                                  (abs)        000F19
_ANSELC                                  (abs)        000F21
_ANSELD                                  (abs)        000F26
_ANSELE                                  (abs)        000F2E
_INTCONbits                              (abs)        000FF2
_INTERRUPT_Initialize                    text60       000DF4
_INTERRUPT_InterruptManager              intcode      000008
_LATA                                    (abs)        000F83
_LATB                                    (abs)        000F84
_LATC                                    (abs)        000F85
_LATD                                    (abs)        000F86
_LATE                                    (abs)        000F87
_ODCONA                                  (abs)        000F0F
_ODCONB                                  (abs)        000F17
_ODCONC                                  (abs)        000F1F
_ODCOND                                  (abs)        000F24
_ODCONE                                  (abs)        000F2C
_OSCCON1                                 (abs)        000ED8
_OSCCON3                                 (abs)        000EDA
_OSCEN                                   (abs)        000EDC
_OSCFRQ                                  (abs)        000EDE
_OSCILLATOR_Initialize                   text59       000B64
_OSCTUNE                                 (abs)        000EDD
_PIE3bits                                (abs)        000EC5
_PIN_MANAGER_Initialize                  text58       0003AE
_PIR3bits                                (abs)        000ECD
_PMD0                                    (abs)        000EE1
_PMD1                                    (abs)        000EE2
_PMD2                                    (abs)        000EE3
_PMD3                                    (abs)        000EE4
_PMD4                                    (abs)        000EE5
_PMD5                                    (abs)        000EE6
_PMD_Initialize                          text57       000AFC
_RC3PPS                                  (abs)        000EFA
_RC4PPS                                  (abs)        000EFB
_SSP1ADD                                 (abs)        000F93
_SSP1BUF                                 (abs)        000F92
_SSP1CLKPPSbits                          (abs)        000EB7
_SSP1CON1                                (abs)        000F96
_SSP1CON1bits                            (abs)        000F96
_SSP1CON2                                (abs)        000F97
_SSP1CON2bits                            (abs)        000F97
_SSP1DATPPSbits                          (abs)        000EB8
_SSP1MSK                                 (abs)        000F94
_SSP1STAT                                (abs)        000F95
_SSP1STATbits                            (abs)        000F95
_SYSTEM_Initialize                       text56       000C3A
_TRISA                                   (abs)        000F88
_TRISB                                   (abs)        000F89
_TRISC                                   (abs)        000F8A
_TRISD                                   (abs)        000F8B
_TRISE                                   (abs)        000F8C
_WPUA                                    (abs)        000F10
_WPUB                                    (abs)        000F18
_WPUC                                    (abs)        000F20
_WPUD                                    (abs)        000F25
_WPUE                                    (abs)        000F2D
__CFG_BOREN$SBORDIS                      (abs)        000000
__CFG_BORV$VBOR_2P45                     (abs)        000000
__CFG_CLKOUTEN$OFF                       (abs)        000000
__CFG_CP$OFF                             (abs)        000000
__CFG_CPD$OFF                            (abs)        000000
__CFG_CSWEN$ON                           (abs)        000000
__CFG_DEBUG$OFF                          (abs)        000000
__CFG_EBTR0$OFF                          (abs)        000000
__CFG_EBTR1$OFF                          (abs)        000000
__CFG_EBTR2$OFF                          (abs)        000000
__CFG_EBTR3$OFF                          (abs)        000000
__CFG_EBTR4$OFF                          (abs)        000000
__CFG_EBTR5$OFF                          (abs)        000000
__CFG_EBTR6$OFF                          (abs)        000000
__CFG_EBTR7$OFF                          (abs)        000000
__CFG_EBTRB$OFF                          (abs)        000000
__CFG_FCMEN$ON                           (abs)        000000
__CFG_FEXTOSC$OFF                        (abs)        000000
__CFG_LPBOREN$OFF                        (abs)        000000
__CFG_LVP$ON                             (abs)        000000
__CFG_MCLRE$EXTMCLR                      (abs)        000000
__CFG_PPS1WAY$ON                         (abs)        000000
__CFG_PWRTE$OFF                          (abs)        000000
__CFG_RSTOSC$HFINTOSC_1MHZ               (abs)        000000
__CFG_SCANE$ON                           (abs)        000000
__CFG_STVREN$ON                          (abs)        000000
__CFG_WDTCCS$SC                          (abs)        000000
__CFG_WDTCPS$WDTCPS_31                   (abs)        000000
__CFG_WDTCWS$WDTCWS_7                    (abs)        000000
__CFG_WDTE$OFF                           (abs)        000000
__CFG_WRT0$OFF                           (abs)        000000
__CFG_WRT1$OFF                           (abs)        000000
__CFG_WRT2$OFF                           (abs)        000000
__CFG_WRT3$OFF                           (abs)        000000
__CFG_WRT4$OFF                           (abs)        000000
__CFG_WRT5$OFF                           (abs)        000000
__CFG_WRT6$OFF                           (abs)        000000
__CFG_WRT7$OFF                           (abs)        000000
__CFG_WRTB$OFF                           (abs)        000000
__CFG_WRTC$OFF                           (abs)        000000
__CFG_WRTD$OFF                           (abs)        000000
__CFG_XINST$OFF                          (abs)        000000
__CFG_ZCD$OFF                            (abs)        000000
__HRAM                                   (abs)        000000
__Habs1                                  abs1         000000
__Hbank0                                 bank0        000000
__Hbank1                                 bank1        000000
__Hbank10                                bank10       000000
__Hbank11                                bank11       000000
__Hbank12                                bank12       000000
__Hbank13                                bank13       000000
__Hbank14                                bank14       000000
__Hbank2                                 bank2        000000
__Hbank3                                 bank3        000000
__Hbank4                                 bank4        000000
__Hbank5                                 bank5        000000
__Hbank6                                 bank6        000000
__Hbank7                                 bank7        000000
__Hbank8                                 bank8        000000
__Hbank9                                 bank9        000000
__Hbigbss                                bigbss       000000
__Hbigdata                               bigdata      000000
__Hbigram                                bigram       000000
__Hbss                                   bss          000000
__HbssCOMRAM                             bssCOMRAM    000000
__Hcinit                                 cinit        000000
__Hclrtext                               clrtext      000000
__Hcomram                                comram       000000
__Hconfig                                config       30000C
__Hconst                                 const        000000
__HcstackBANK0                           cstackBANK0  000000
__HcstackCOMRAM                          cstackCOMRAM 000000
__Hdata                                  data         000000
__HdataBANK0                             dataBANK0    000000
__Heeprom_data                           eeprom_data  000000
__Hfarbss                                farbss       000000
__Hfardata                               fardata      000000
__Hibigdata                              ibigdata     000000
__Hidata                                 idata        000000
__HidataBANK0                            idataBANK0   000000
__Hidloc                                 idloc        200010
__Hifardata                              ifardata     000000
__Hinit                                  init         0000E0
__Hintcode                               intcode      0000DC
__Hintcode_body                          intcode_body 000000
__Hintcodelo                             intcodelo    0000DC
__Hintentry                              intentry     000000
__Hintret                                intret       000000
__Hintsave_regs                          intsave_regs 000000
__Hirdata                                irdata       000000
__Hmediumconst                           mediumconst  000000
__HnvFARRAM                              nvFARRAM     000000
__Hnvbit                                 nvbit        000000
__Hnvrram                                nvrram       000000
__Hparam                                 rparam       000000
__Hpowerup                               powerup      0000DC
__Hram                                   ram          000000
__Hramtop                                ramtop       000F00
__Hrbit                                  rbit         000000
__Hrbss                                  rbss         000000
__Hrdata                                 rdata        000000
__Hreset_vec                             reset_vec    000004
__Hrparam                                rparam       000000
__Hsfr                                   sfr          000000
__Hsmallconst                            smallconst   000000
__Hspace_0                               (abs)        30000C
__Hspace_1                               (abs)        0000A3
__Hspace_2                               (abs)        000000
__Hstack                                 stack        000000
__Hstruct                                struct       000000
__Htemp                                  temp         00004B
__Htext                                  text         000000
__Htext0                                 text0        000000
__Htext1                                 text1        000000
__Htext10                                text10       000000
__Htext100                               text100      000000
__Htext101                               text101      000000
__Htext102                               text102      000000
__Htext103                               text103      000000
__Htext11                                text11       000000
__Htext12                                text12       000000
__Htext13                                text13       000000
__Htext14                                text14       000000
__Htext15                                text15       000000
__Htext16                                text16       000000
__Htext17                                text17       000000
__Htext18                                text18       000000
__Htext19                                text19       000000
__Htext2                                 text2        000000
__Htext20                                text20       000000
__Htext21                                text21       000000
__Htext22                                text22       000000
__Htext23                                text23       000000
__Htext24                                text24       000000
__Htext25                                text25       000000
__Htext26                                text26       000000
__Htext27                                text27       000000
__Htext28                                text28       000000
__Htext29                                text29       000000
__Htext3                                 text3        000000
__Htext30                                text30       000000
__Htext31                                text31       000000
__Htext32                                text32       000000
__Htext33                                text33       000000
__Htext34                                text34       000000
__Htext35                                text35       000000
__Htext36                                text36       000000
__Htext37                                text37       000000
__Htext38                                text38       000000
__Htext39                                text39       000000
__Htext4                                 text4        000000
__Htext40                                text40       000000
__Htext41                                text41       000000
__Htext42                                text42       000000
__Htext43                                text43       000000
__Htext44                                text44       000000
__Htext45                                text45       000000
__Htext46                                text46       000000
__Htext47                                text47       000000
__Htext48                                text48       000000
__Htext49                                text49       000000
__Htext5                                 text5        000000
__Htext50                                text50       000000
__Htext51                                text51       000000
__Htext52                                text52       000000
__Htext53                                text53       000000
__Htext54                                text54       000000
__Htext55                                text55       000000
__Htext56                                text56       000000
__Htext57                                text57       000000
__Htext58                                text58       000000
__Htext59                                text59       000000
__Htext6                                 text6        000000
__Htext60                                text60       000000
__Htext62                                text62       000000
__Htext63                                text63       000000
__Htext64                                text64       000000
__Htext65                                text65       000000
__Htext66                                text66       000000
__Htext67                                text67       000000
__Htext68                                text68       000000
__Htext69                                text69       000000
__Htext7                                 text7        000000
__Htext70                                text70       000000
__Htext71                                text71       000000
__Htext72                                text72       000000
__Htext73                                text73       000000
__Htext74                                text74       000000
__Htext75                                text75       000000
__Htext76                                text76       000000
__Htext77                                text77       000000
__Htext78                                text78       000000
__Htext79                                text79       000000
__Htext8                                 text8        000000
__Htext80                                text80       000000
__Htext81                                text81       000000
__Htext82                                text82       000000
__Htext83                                text83       000000
__Htext84                                text84       000000
__Htext85                                text85       000000
__Htext86                                text86       000000
__Htext87                                text87       000000
__Htext88                                text88       000000
__Htext89                                text89       000000
__Htext9                                 text9        000000
__Htext90                                text90       000000
__Htext91                                text91       000000
__Htext92                                text92       000000
__Htext93                                text93       000000
__Htext94                                text94       000000
__Htext95                                text95       000000
__Htext96                                text96       000000
__Htext97                                text97       000000
__Htext98                                text98       000000
__Htext99                                text99       000000
__LRAM                                   (abs)        000001
__Labs1                                  abs1         000000
__Lbank0                                 bank0        000000
__Lbank1                                 bank1        000000
__Lbank10                                bank10       000000
__Lbank11                                bank11       000000
__Lbank12                                bank12       000000
__Lbank13                                bank13       000000
__Lbank14                                bank14       000000
__Lbank2                                 bank2        000000
__Lbank3                                 bank3        000000
__Lbank4                                 bank4        000000
__Lbank5                                 bank5        000000
__Lbank6                                 bank6        000000
__Lbank7                                 bank7        000000
__Lbank8                                 bank8        000000
__Lbank9                                 bank9        000000
__Lbigbss                                bigbss       000000
__Lbigdata                               bigdata      000000
__Lbigram                                bigram       000000
__Lbss                                   bss          000000
__LbssCOMRAM                             bssCOMRAM    000000
__Lcinit                                 cinit        000000
__Lclrtext                               clrtext      000000
__Lcomram                                comram       000000
__Lconfig                                config       300000
__Lconst                                 const        000000
__LcstackBANK0                           cstackBANK0  000000
__LcstackCOMRAM                          cstackCOMRAM 000000
__Ldata                                  data         000000
__LdataBANK0                             dataBANK0    000000
__Leeprom_data                           eeprom_data  000000
__Lfarbss                                farbss       000000
__Lfardata                               fardata      000000
__Libigdata                              ibigdata     000000
__Lidata                                 idata        000000
__LidataBANK0                            idataBANK0   000000
__Lidloc                                 idloc        200000
__Lifardata                              ifardata     000000
__Linit                                  init         0000DC
__Lintcode                               intcode      000008
__Lintcode_body                          intcode_body 000000
__Lintcodelo                             intcodelo    0000DC
__Lintentry                              intentry     000000
__Lintret                                intret       000000
__Lintsave_regs                          intsave_regs 000000
__Lirdata                                irdata       000000
__Lmediumconst                           mediumconst  000000
__LnvFARRAM                              nvFARRAM     000000
__Lnvbit                                 nvbit        000000
__Lnvrram                                nvrram       000000
__Lparam                                 rparam       000000
__Lpowerup                               powerup      0000DC
__Lram                                   ram          000000
__Lramtop                                ramtop       000F00
__Lrbit                                  rbit         000000
__Lrbss                                  rbss         000000
__Lrdata                                 rdata        000000
__Lreset_vec                             reset_vec    000000
__Lrparam                                rparam       000000
__Lsfr                                   sfr          000000
__Lsmallconst                            smallconst   000000
__Lspace_0                               (abs)        000000
__Lspace_1                               (abs)        000000
__Lspace_2                               (abs)        000000
__Lstack                                 stack        000000
__Lstruct                                struct       000000
__Ltemp                                  temp         00004A
__Ltext                                  text         000000
__Ltext0                                 text0        000000
__Ltext1                                 text1        000000
__Ltext10                                text10       000000
__Ltext100                               text100      000000
__Ltext101                               text101      000000
__Ltext102                               text102      000000
__Ltext103                               text103      000000
__Ltext11                                text11       000000
__Ltext12                                text12       000000
__Ltext13                                text13       000000
__Ltext14                                text14       000000
__Ltext15                                text15       000000
__Ltext16                                text16       000000
__Ltext17                                text17       000000
__Ltext18                                text18       000000
__Ltext19                                text19       000000
__Ltext2                                 text2        000000
__Ltext20                                text20       000000
__Ltext21                                text21       000000
__Ltext22                                text22       000000
__Ltext23                                text23       000000
__Ltext24                                text24       000000
__Ltext25                                text25       000000
__Ltext26                                text26       000000
__Ltext27                                text27       000000
__Ltext28                                text28       000000
__Ltext29                                text29       000000
__Ltext3                                 text3        000000
__Ltext30                                text30       000000
__Ltext31                                text31       000000
__Ltext32                                text32       000000
__Ltext33                                text33       000000
__Ltext34                                text34       000000
__Ltext35                                text35       000000
__Ltext36                                text36       000000
__Ltext37                                text37       000000
__Ltext38                                text38       000000
__Ltext39                                text39       000000
__Ltext4                                 text4        000000
__Ltext40                                text40       000000
__Ltext41                                text41       000000
__Ltext42                                text42       000000
__Ltext43                                text43       000000
__Ltext44                                text44       000000
__Ltext45                                text45       000000
__Ltext46                                text46       000000
__Ltext47                                text47       000000
__Ltext48                                text48       000000
__Ltext49                                text49       000000
__Ltext5                                 text5        000000
__Ltext50                                text50       000000
__Ltext51                                text51       000000
__Ltext52                                text52       000000
__Ltext53                                text53       000000
__Ltext54                                text54       000000
__Ltext55                                text55       000000
__Ltext56                                text56       000000
__Ltext57                                text57       000000
__Ltext58                                text58       000000
__Ltext59                                text59       000000
__Ltext6                                 text6        000000
__Ltext60                                text60       000000
__Ltext62                                text62       000000
__Ltext63                                text63       000000
__Ltext64                                text64       000000
__Ltext65                                text65       000000
__Ltext66                                text66       000000
__Ltext67                                text67       000000
__Ltext68                                text68       000000
__Ltext69                                text69       000000
__Ltext7                                 text7        000000
__Ltext70                                text70       000000
__Ltext71                                text71       000000
__Ltext72                                text72       000000
__Ltext73                                text73       000000
__Ltext74                                text74       000000
__Ltext75                                text75       000000
__Ltext76                                text76       000000
__Ltext77                                text77       000000
__Ltext78                                text78       000000
__Ltext79                                text79       000000
__Ltext8                                 text8        000000
__Ltext80                                text80       000000
__Ltext81                                text81       000000
__Ltext82                                text82       000000
__Ltext83                                text83       000000
__Ltext84                                text84       000000
__Ltext85                                text85       000000
__Ltext86                                text86       000000
__Ltext87                                text87       000000
__Ltext88                                text88       000000
__Ltext89                                text89       000000
__Ltext9                                 text9        000000
__Ltext90                                text90       000000
__Ltext91                                text91       000000
__Ltext92                                text92       000000
__Ltext93                                text93       000000
__Ltext94                                text94       000000
__Ltext95                                text95       000000
__Ltext96                                text96       000000
__Ltext97                                text97       000000
__Ltext98                                text98       000000
__Ltext99                                text99       000000
__S0                                     (abs)        30000C
__S1                                     (abs)        0000A3
__S2                                     (abs)        000000
___inthi_sp                              stack        000000
___intlo_sp                              stack        000000
___param_bank                            (abs)        000000
___rparam_used                           (abs)        000001
___sp                                    stack        000000
__accesstop                              (abs)        000060
__activetblptr                           (abs)        000003
__end_of_INTERRUPT_Initialize            text60       000DF8
__end_of_INTERRUPT_InterruptManager      intcode      0000DC
__end_of_OSCILLATOR_Initialize           text59       000B7C
__end_of_PIN_MANAGER_Initialize          text58       000428
__end_of_PMD_Initialize                  text57       000B18
__end_of_SYSTEM_Initialize               text56       000C4C
__end_of__initialization                 cinit        000942
__end_of_do_I2C_DO_ACK                   text20       000CB2
__end_of_do_I2C_DO_ADDRESS_NACK          text17       000726
__end_of_do_I2C_DO_NACK_RESTART          text18       000C96
__end_of_do_I2C_DO_NACK_STOP             text19       000CA4
__end_of_do_I2C_IDLE                     text28       000C6C
__end_of_do_I2C_RCEN                     text21       000C5C
__end_of_do_I2C_RESET                    text29       000C28
__end_of_do_I2C_RX                       text15       0004A0
__end_of_do_I2C_SEND_ADR_READ            text23       000C14
__end_of_do_I2C_SEND_ADR_WRITE           text22       000C00
__end_of_do_I2C_SEND_RESTART             text25       000CCE
__end_of_do_I2C_SEND_RESTART_READ        text27       000CEA
__end_of_do_I2C_SEND_RESTART_WRITE       text26       000CDC
__end_of_do_I2C_SEND_STOP                text24       000CC0
__end_of_do_I2C_TX                       text16       000226
__end_of_do_I2C_TX_EMPTY                 text30       0005E6
__end_of_i2c1_driver_TXData              text33       000D5E
__end_of_i2c1_driver_clearBusCollision   text102      000DE0
__end_of_i2c1_driver_getRXData           text34       000DE4
__end_of_i2c1_driver_isNACK              text32       000BD6
__end_of_i2c1_driver_open                text8        000BAA
__end_of_i2c1_driver_resetBus            text36       000E16
__end_of_i2c1_driver_restart             text50       000DF0
__end_of_i2c1_driver_sendACK             text51       000DB0
__end_of_i2c1_driver_sendNACK            text35       000DAA
__end_of_i2c1_driver_setBusCollisionISR  text7        000C88
__end_of_i2c1_driver_setI2cISR           text6        000C7A
__end_of_i2c1_driver_start               text52       000DF4
__end_of_i2c1_driver_startRX             text37       000DE8
__end_of_i2c1_driver_stop                text49       000DEC
__end_of_i2c_ISR                         text14       00076C
__end_of_i2c_busCollisionISR             text101      000DDA
__end_of_i2c_close                       text53       000AFC
__end_of_i2c_masterOperation             text10       0009B8
__end_of_i2c_masterRead                  text9        000D56
__end_of_i2c_masterWrite                 text3        000D4E
__end_of_i2c_open                        text5        000194
__end_of_i2c_poller                      text12       000B4C
__end_of_i2c_readNBytes                  text4        000982
__end_of_i2c_restartWrite                text42       000D1E
__end_of_i2c_setAddressNACKCallback      text2        000AC4
__end_of_i2c_setBuffer                   text48       000B64
__end_of_i2c_setDataCompleteCallback     text46       000AE0
__end_of_i2c_writeNBytes                 text1        00068C
__end_of_main                            text0        000334
__end_of_mssp1_IRQisEnabled              text11       000C3A
__end_of_mssp1_clearIRQ                  text55       000DBC
__end_of_mssp1_disableIRQ                text54       000DB6
__end_of_mssp1_setIRQ                    text31       000DA4
__end_of_mssp1_waitForEvent              text13       000BC0
__end_of_rd1RegCompleteHandler           text40       0008A6
__end_of_rd2RegCompleteHandler           text39       00086E
__end_of_rdBlkRegCompleteHandler         text38       0006DA
__end_of_returnReset                     text43       000D28
__end_of_returnStop                      text44       000D32
__end_of_setCallBack                     text47       0003AE
__end_of_wr1RegCompleteHandler           text41       0008DE
__end_of_wr2RegCompleteHandler           text45       000916
__end_ofi2_do_I2C_DO_ACK                 text69       000D76
__end_ofi2_do_I2C_DO_ADDRESS_NACK        text66       0007B2
__end_ofi2_do_I2C_DO_NACK_RESTART        text67       000D66
__end_ofi2_do_I2C_DO_NACK_STOP           text68       000D6E
__end_ofi2_do_I2C_IDLE                   text77       000D46
__end_ofi2_do_I2C_RCEN                   text70       000D3C
__end_ofi2_do_I2C_RESET                  text78       000D14
__end_ofi2_do_I2C_RX                     text64       00058A
__end_ofi2_do_I2C_SEND_ADR_READ          text72       000D06
__end_ofi2_do_I2C_SEND_ADR_WRITE         text71       000CF8
__end_ofi2_do_I2C_SEND_RESTART           text74       000D86
__end_ofi2_do_I2C_SEND_RESTART_READ      text76       000D96
__end_ofi2_do_I2C_SEND_RESTART_WRITE     text75       000D8E
__end_ofi2_do_I2C_SEND_STOP              text73       000D7E
__end_ofi2_do_I2C_TX                     text65       0002B2
__end_ofi2_do_I2C_TX_EMPTY               text79       00063C
__end_ofi2_i2c1_driver_TXData            text82       000D9E
__end_ofi2_i2c1_driver_getRXData         text83       000DFC
__end_ofi2_i2c1_driver_isNACK            text81       000BEC
__end_ofi2_i2c1_driver_resetBus          text85       000E18
__end_ofi2_i2c1_driver_restart           text99       000E14
__end_ofi2_i2c1_driver_sendACK           text100      000DD4
__end_ofi2_i2c1_driver_sendNACK          text84       000DCE
__end_ofi2_i2c1_driver_startRX           text86       000E00
__end_ofi2_i2c1_driver_stop              text98       000E10
__end_ofi2_i2c_ISR                       text62       000836
__end_ofi2_i2c_restartWrite              text91       000E04
__end_ofi2_i2c_setBuffer                 text97       000B94
__end_ofi2_i2c_setDataCompleteCallback   text95       000B34
__end_ofi2_mssp1_clearIRQ                text63       000DC2
__end_ofi2_mssp1_setIRQ                  text80       000DC8
__end_ofi2_rd1RegCompleteHandler         text89       000A48
__end_ofi2_rd2RegCompleteHandler         text88       000A18
__end_ofi2_rdBlkRegCompleteHandler       text87       0007F6
__end_ofi2_returnReset                   text92       000E08
__end_ofi2_returnStop                    text93       000E0C
__end_ofi2_setCallBack                   text96       000518
__end_ofi2_wr1RegCompleteHandler         text90       000A78
__end_ofi2_wr2RegCompleteHandler         text94       000AA8
__initialization                         cinit        000916
__mediumconst                            mediumconst  000000
__pbssCOMRAM                             bssCOMRAM    000001
__pcinit                                 cinit        000916
__pcstackBANK0                           cstackBANK0  000090
__pcstackCOMRAM                          cstackCOMRAM 000031
__pdataBANK0                             dataBANK0    000060
__pidataBANK0                            idataBANK0   0009B8
__pintcode                               intcode      000008
__ptext0                                 text0        0002B2
__ptext1                                 text1        00063C
__ptext10                                text10       000982
__ptext100                               text100      000DCE
__ptext101                               text101      000DD4
__ptext102                               text102      000DDA
__ptext103                               text103      000000
__ptext11                                text11       000C28
__ptext12                                text12       000B34
__ptext13                                text13       000BAA
__ptext14                                text14       000726
__ptext15                                text15       000428
__ptext16                                text16       000194
__ptext17                                text17       0006DA
__ptext18                                text18       000C88
__ptext19                                text19       000C96
__ptext2                                 text2        000AA8
__ptext20                                text20       000CA4
__ptext21                                text21       000C4C
__ptext22                                text22       000BEC
__ptext23                                text23       000C00
__ptext24                                text24       000CB2
__ptext25                                text25       000CC0
__ptext26                                text26       000CCE
__ptext27                                text27       000CDC
__ptext28                                text28       000C5C
__ptext29                                text29       000C14
__ptext3                                 text3        000D46
__ptext30                                text30       00058A
__ptext31                                text31       000D9E
__ptext32                                text32       000BC0
__ptext33                                text33       000D56
__ptext34                                text34       000DE0
__ptext35                                text35       000DA4
__ptext36                                text36       000E14
__ptext37                                text37       000DE4
__ptext38                                text38       00068C
__ptext39                                text39       000836
__ptext4                                 text4        00094C
__ptext40                                text40       00086E
__ptext41                                text41       0008A6
__ptext42                                text42       000D14
__ptext43                                text43       000D1E
__ptext44                                text44       000D28
__ptext45                                text45       0008DE
__ptext46                                text46       000AC4
__ptext47                                text47       000334
__ptext48                                text48       000B4C
__ptext49                                text49       000DE8
__ptext5                                 text5        0000E0
__ptext50                                text50       000DEC
__ptext51                                text51       000DAA
__ptext52                                text52       000DF0
__ptext53                                text53       000AE0
__ptext54                                text54       000DB0
__ptext55                                text55       000DB6
__ptext56                                text56       000C3A
__ptext57                                text57       000AFC
__ptext58                                text58       0003AE
__ptext59                                text59       000B64
__ptext6                                 text6        000C6C
__ptext60                                text60       000DF4
__ptext62                                text62       0007F6
__ptext63                                text63       000DBC
__ptext64                                text64       000518
__ptext65                                text65       000226
__ptext66                                text66       00076C
__ptext67                                text67       000D5E
__ptext68                                text68       000D66
__ptext69                                text69       000D6E
__ptext7                                 text7        000C7A
__ptext70                                text70       000D32
__ptext71                                text71       000CEA
__ptext72                                text72       000CF8
__ptext73                                text73       000D76
__ptext74                                text74       000D7E
__ptext75                                text75       000D86
__ptext76                                text76       000D8E
__ptext77                                text77       000D3C
__ptext78                                text78       000D06
__ptext79                                text79       0005E6
__ptext8                                 text8        000B94
__ptext80                                text80       000DC2
__ptext81                                text81       000BD6
__ptext82                                text82       000D96
__ptext83                                text83       000DF8
__ptext84                                text84       000DC8
__ptext85                                text85       000E16
__ptext86                                text86       000DFC
__ptext87                                text87       0007B2
__ptext88                                text88       0009E8
__ptext89                                text89       000A18
__ptext9                                 text9        000D4E
__ptext90                                text90       000A48
__ptext91                                text91       000E00
__ptext92                                text92       000E04
__ptext93                                text93       000E08
__ptext94                                text94       000A78
__ptext95                                text95       000B18
__ptext96                                text96       0004A0
__ptext97                                text97       000B7C
__ptext98                                text98       000E0C
__ptext99                                text99       000E10
__ramtop                                 ramtop       000F00
__size_of_INTERRUPT_Initialize           (abs)        000000
__size_of_INTERRUPT_InterruptManager     (abs)        000000
__size_of_OSCILLATOR_Initialize          (abs)        000000
__size_of_PIN_MANAGER_Initialize         (abs)        000000
__size_of_PMD_Initialize                 (abs)        000000
__size_of_SYSTEM_Initialize              (abs)        000000
__size_of_do_I2C_DO_ACK                  (abs)        000000
__size_of_do_I2C_DO_ADDRESS_NACK         (abs)        000000
__size_of_do_I2C_DO_NACK_RESTART         (abs)        000000
__size_of_do_I2C_DO_NACK_STOP            (abs)        000000
__size_of_do_I2C_IDLE                    (abs)        000000
__size_of_do_I2C_RCEN                    (abs)        000000
__size_of_do_I2C_RESET                   (abs)        000000
__size_of_do_I2C_RX                      (abs)        000000
__size_of_do_I2C_SEND_ADR_READ           (abs)        000000
__size_of_do_I2C_SEND_ADR_WRITE          (abs)        000000
__size_of_do_I2C_SEND_RESTART            (abs)        000000
__size_of_do_I2C_SEND_RESTART_READ       (abs)        000000
__size_of_do_I2C_SEND_RESTART_WRITE      (abs)        000000
__size_of_do_I2C_SEND_STOP               (abs)        000000
__size_of_do_I2C_TX                      (abs)        000000
__size_of_do_I2C_TX_EMPTY                (abs)        000000
__size_of_i2c1_driver_TXData             (abs)        000000
__size_of_i2c1_driver_clearBusCollision  (abs)        000000
__size_of_i2c1_driver_getRXData          (abs)        000000
__size_of_i2c1_driver_isNACK             (abs)        000000
__size_of_i2c1_driver_open               (abs)        000000
__size_of_i2c1_driver_resetBus           (abs)        000000
__size_of_i2c1_driver_restart            (abs)        000000
__size_of_i2c1_driver_sendACK            (abs)        000000
__size_of_i2c1_driver_sendNACK           (abs)        000000
__size_of_i2c1_driver_setBusCollisionISR (abs)        000000
__size_of_i2c1_driver_setI2cISR          (abs)        000000
__size_of_i2c1_driver_start              (abs)        000000
__size_of_i2c1_driver_startRX            (abs)        000000
__size_of_i2c1_driver_stop               (abs)        000000
__size_of_i2c_ISR                        (abs)        000000
__size_of_i2c_busCollisionISR            (abs)        000000
__size_of_i2c_close                      (abs)        000000
__size_of_i2c_masterOperation            (abs)        000000
__size_of_i2c_masterRead                 (abs)        000000
__size_of_i2c_masterWrite                (abs)        000000
__size_of_i2c_open                       (abs)        000000
__size_of_i2c_poller                     (abs)        000000
__size_of_i2c_readNBytes                 (abs)        000000
__size_of_i2c_restartWrite               (abs)        000000
__size_of_i2c_setAddressNACKCallback     (abs)        000000
__size_of_i2c_setBuffer                  (abs)        000000
__size_of_i2c_setDataCompleteCallback    (abs)        000000
__size_of_i2c_writeNBytes                (abs)        000000
__size_of_main                           (abs)        000000
__size_of_mssp1_IRQisEnabled             (abs)        000000
__size_of_mssp1_clearIRQ                 (abs)        000000
__size_of_mssp1_disableIRQ               (abs)        000000
__size_of_mssp1_setIRQ                   (abs)        000000
__size_of_mssp1_waitForEvent             (abs)        000000
__size_of_rd1RegCompleteHandler          (abs)        000000
__size_of_rd2RegCompleteHandler          (abs)        000000
__size_of_rdBlkRegCompleteHandler        (abs)        000000
__size_of_returnReset                    (abs)        000000
__size_of_returnStop                     (abs)        000000
__size_of_setCallBack                    (abs)        000000
__size_of_wr1RegCompleteHandler          (abs)        000000
__size_of_wr2RegCompleteHandler          (abs)        000000
__size_ofi2_do_I2C_DO_ACK                (abs)        000000
__size_ofi2_do_I2C_DO_ADDRESS_NACK       (abs)        000000
__size_ofi2_do_I2C_DO_NACK_RESTART       (abs)        000000
__size_ofi2_do_I2C_DO_NACK_STOP          (abs)        000000
__size_ofi2_do_I2C_IDLE                  (abs)        000000
__size_ofi2_do_I2C_RCEN                  (abs)        000000
__size_ofi2_do_I2C_RESET                 (abs)        000000
__size_ofi2_do_I2C_RX                    (abs)        000000
__size_ofi2_do_I2C_SEND_ADR_READ         (abs)        000000
__size_ofi2_do_I2C_SEND_ADR_WRITE        (abs)        000000
__size_ofi2_do_I2C_SEND_RESTART          (abs)        000000
__size_ofi2_do_I2C_SEND_RESTART_READ     (abs)        000000
__size_ofi2_do_I2C_SEND_RESTART_WRITE    (abs)        000000
__size_ofi2_do_I2C_SEND_STOP             (abs)        000000
__size_ofi2_do_I2C_TX                    (abs)        000000
__size_ofi2_do_I2C_TX_EMPTY              (abs)        000000
__size_ofi2_i2c1_driver_TXData           (abs)        000000
__size_ofi2_i2c1_driver_getRXData        (abs)        000000
__size_ofi2_i2c1_driver_isNACK           (abs)        000000
__size_ofi2_i2c1_driver_resetBus         (abs)        000000
__size_ofi2_i2c1_driver_restart          (abs)        000000
__size_ofi2_i2c1_driver_sendACK          (abs)        000000
__size_ofi2_i2c1_driver_sendNACK         (abs)        000000
__size_ofi2_i2c1_driver_startRX          (abs)        000000
__size_ofi2_i2c1_driver_stop             (abs)        000000
__size_ofi2_i2c_ISR                      (abs)        000000
__size_ofi2_i2c_restartWrite             (abs)        000000
__size_ofi2_i2c_setBuffer                (abs)        000000
__size_ofi2_i2c_setDataCompleteCallback  (abs)        000000
__size_ofi2_mssp1_clearIRQ               (abs)        000000
__size_ofi2_mssp1_setIRQ                 (abs)        000000
__size_ofi2_rd1RegCompleteHandler        (abs)        000000
__size_ofi2_rd2RegCompleteHandler        (abs)        000000
__size_ofi2_rdBlkRegCompleteHandler      (abs)        000000
__size_ofi2_returnReset                  (abs)        000000
__size_ofi2_returnStop                   (abs)        000000
__size_ofi2_setCallBack                  (abs)        000000
__size_ofi2_wr1RegCompleteHandler        (abs)        000000
__size_ofi2_wr2RegCompleteHandler        (abs)        000000
__smallconst                             smallconst   000000
_do_I2C_DO_ACK                           text20       000CA4
_do_I2C_DO_ACK$intlevel0                 text20       000CAA
_do_I2C_DO_ADDRESS_NACK                  text17       0006DA
_do_I2C_DO_ADDRESS_NACK$intlevel0        text17       0006E0
_do_I2C_DO_NACK_RESTART                  text18       000C88
_do_I2C_DO_NACK_RESTART$intlevel0        text18       000C8E
_do_I2C_DO_NACK_STOP                     text19       000C96
_do_I2C_DO_NACK_STOP$intlevel0           text19       000C9C
_do_I2C_IDLE                             text28       000C5C
_do_I2C_IDLE$intlevel0                   text28       000C62
_do_I2C_RCEN                             text21       000C4C
_do_I2C_RCEN$intlevel0                   text21       000C52
_do_I2C_RESET                            text29       000C14
_do_I2C_RESET$intlevel0                  text29       000C1A
_do_I2C_RX                               text15       000428
_do_I2C_RX$intlevel0                     text15       00042E
_do_I2C_SEND_ADR_READ                    text23       000C00
_do_I2C_SEND_ADR_READ$intlevel0          text23       000C06
_do_I2C_SEND_ADR_WRITE                   text22       000BEC
_do_I2C_SEND_ADR_WRITE$intlevel0         text22       000BF2
_do_I2C_SEND_RESTART                     text25       000CC0
_do_I2C_SEND_RESTART$intlevel0           text25       000CC6
_do_I2C_SEND_RESTART_READ                text27       000CDC
_do_I2C_SEND_RESTART_READ$intlevel0      text27       000CE2
_do_I2C_SEND_RESTART_WRITE               text26       000CCE
_do_I2C_SEND_RESTART_WRITE$intlevel0     text26       000CD4
_do_I2C_SEND_STOP                        text24       000CB2
_do_I2C_SEND_STOP$intlevel0              text24       000CB8
_do_I2C_TX                               text16       000194
_do_I2C_TX$1023                          cstackCOMRAM 000047
_do_I2C_TX$intlevel0                     text16       00019A
_do_I2C_TX_EMPTY                         text30       00058A
_do_I2C_TX_EMPTY$intlevel0               text30       000590
_fsmStateTable                           dataBANK0    000060
_i2c1_driver_TXData                      text33       000D56
_i2c1_driver_busCollisionISR             bssCOMRAM    00002E
_i2c1_driver_clearBusCollision           text102      000DDA
_i2c1_driver_getRXData                   text34       000DE0
_i2c1_driver_i2cISR                      bssCOMRAM    00002B
_i2c1_driver_isNACK                      text32       000BC0
_i2c1_driver_open                        text8        000B94
_i2c1_driver_resetBus                    text36       000E14
_i2c1_driver_restart                     text50       000DEC
_i2c1_driver_sendACK                     text51       000DAA
_i2c1_driver_sendNACK                    text35       000DA4
_i2c1_driver_setBusCollisionISR          text7        000C7A
_i2c1_driver_setI2cISR                   text6        000C6C
_i2c1_driver_start                       text52       000DF0
_i2c1_driver_startRX                     text37       000DE4
_i2c1_driver_stop                        text49       000DE8
_i2c_ISR                                 text14       000726
_i2c_ISR$intlevel0                       text14       00072C
_i2c_busCollisionISR                     text101      000DD4
_i2c_close                               text53       000AE0
_i2c_masterOperation                     text10       000982
_i2c_masterRead                          text9        000D4E
_i2c_masterWrite                         text3        000D46
_i2c_open                                text5        0000E0
_i2c_poller                              text12       000B34
_i2c_readNBytes                          text4        00094C
_i2c_restartWrite                        text42       000D14
_i2c_restartWrite$intlevel0              text42       000D1A
_i2c_setAddressNACKCallback              text2        000AA8
_i2c_setBuffer                           text48       000B4C
_i2c_setDataCompleteCallback             text46       000AC4
_i2c_status                              bssCOMRAM    000001
_i2c_writeNBytes                         text1        00063C
_main                                    text0        0002B2
_mssp1_IRQisEnabled                      text11       000C28
_mssp1_clearIRQ                          text55       000DB6
_mssp1_disableIRQ                        text54       000DB0
_mssp1_setIRQ                            text31       000D9E
_mssp1_waitForEvent                      text13       000BAA
_rd1RegCompleteHandler                   text40       00086E
_rd1RegCompleteHandler$intlevel0         text40       000874
_rd2RegCompleteHandler                   text39       000836
_rd2RegCompleteHandler$intlevel0         text39       00083C
_rdBlkRegCompleteHandler                 text38       00068C
_rdBlkRegCompleteHandler$intlevel0       text38       000692
_returnReset                             text43       000D1E
_returnReset$intlevel0                   text43       000D24
_returnStop                              text44       000D28
_returnStop$intlevel0                    text44       000D2E
_setCallBack                             text47       000334
_wr1RegCompleteHandler                   text41       0008A6
_wr1RegCompleteHandler$intlevel0         text41       0008AC
_wr2RegCompleteHandler                   text45       0008DE
_wr2RegCompleteHandler$intlevel0         text45       0008E4
btemp                                    temp         00004A
end_of_initialization                    cinit        000942
i2_do_I2C_DO_ACK                         text69       000D6E
i2_do_I2C_DO_ADDRESS_NACK                text66       00076C
i2_do_I2C_DO_NACK_RESTART                text67       000D5E
i2_do_I2C_DO_NACK_STOP                   text68       000D66
i2_do_I2C_IDLE                           text77       000D3C
i2_do_I2C_RCEN                           text70       000D32
i2_do_I2C_RESET                          text78       000D06
i2_do_I2C_RX                             text64       000518
i2_do_I2C_SEND_ADR_READ                  text72       000CF8
i2_do_I2C_SEND_ADR_WRITE                 text71       000CEA
i2_do_I2C_SEND_RESTART                   text74       000D7E
i2_do_I2C_SEND_RESTART_READ              text76       000D8E
i2_do_I2C_SEND_RESTART_WRITE             text75       000D86
i2_do_I2C_SEND_STOP                      text73       000D76
i2_do_I2C_TX                             text65       000226
i2_do_I2C_TX$1023                        cstackCOMRAM 000032
i2_do_I2C_TX_EMPTY                       text79       0005E6
i2_i2c1_driver_TXData                    text82       000D96
i2_i2c1_driver_getRXData                 text83       000DF8
i2_i2c1_driver_isNACK                    text81       000BD6
i2_i2c1_driver_resetBus                  text85       000E16
i2_i2c1_driver_restart                   text99       000E10
i2_i2c1_driver_sendACK                   text100      000DCE
i2_i2c1_driver_sendNACK                  text84       000DC8
i2_i2c1_driver_startRX                   text86       000DFC
i2_i2c1_driver_stop                      text98       000E0C
i2_i2c_ISR                               text62       0007F6
i2_i2c_restartWrite                      text91       000E00
i2_i2c_setBuffer                         text97       000B7C
[...]
 Auto vars:     Size  Location     Type
		None
 Return value:  Size  Location     Type
                  1    wreg      enum E97
 Registers used:
		wreg, fsr2l, fsr2h, status,2, status,0, prodl, prodh, cstack
 Tracked objects:
		On entry : 
		On exit  : 
		Unchanged: 
 Data sizes:     COMRAM   BANK0   BANK1   BANK2   BANK3   BANK4   BANK5   BANK6   BANK7   BANK8   BANK9  BANK10  BANK11  BANK12  BANK13  BANK14
      Params:         2       0       0       0       0       0       0       0       0       0       0       0       0       0       0       0
      Locals:         0       0       0       0       0       0       0       0       0       0       0       0       0       0       0       0
      Temps:          0       0       0       0       0       0       0       0       0       0       0       0       0       0       0       0
      Totals:         2       0       0       0       0       0       0       0       0       0       0       0       0       0       0       0
Total ram usage:        2 bytes
 Hardware stack levels used:    1
 Hardware stack levels required when called:    2
 This function calls:
		i2_i2c_setBuffer
		i2_i2c_setDataCompleteCallback
 This function is called by:
 This function uses a non-reentrant model


 *************** function i2_i2c_setDataCompleteCallback *****************
 Defined at:
		line 89 in file "mcc_generated_files/drivers/i2c_master.c"
 Parameters:    Size  Location     Type
  cb              3    6[COMRAM] PTR FTN(PTR void ,)enum 
		 -> rdBlkRegCompleteHandler(1), wr2RegCompleteHandler(1), rd2RegCompleteHandler(1), rd1RegCompleteHandler(1), 
		 -> wr1RegCompleteHandler(1), Absolute function(1), 
  p               2    9[COMRAM] PTR void 
		 -> i2c_readDataBlock@d(4), i2c_write2ByteRegister@data(2), i2c_read2ByteRegister@result(2), i2c_read1ByteRegister@d2(1), 
		 -> i2c_write1ByteRegister@data(1), NULL(0), 
 Auto vars:     Size  Location     Type
		None
 Return value:  Size  Location     Type
                  1    wreg      void 
 Registers used:
		wreg, fsr2l, fsr2h, status,2, status,0, prodl, prodh, cstack
 Tracked objects:
		On entry : 
		On exit  : 
		Unchanged: 
 Data sizes:     COMRAM   BANK0   BANK1   BANK2   BANK3   BANK4   BANK5   BANK6   BANK7   BANK8   BANK9  BANK10  BANK11  BANK12  BANK13  BANK14
      Params:         5       0       0       0       0       0       0       0       0       0       0       0       0       0       0       0
      Locals:         0       0       0       0       0       0       0       0       0       0       0       0       0       0       0       0
      Temps:          0       0       0       0       0       0       0       0       0       0       0       0       0       0       0       0
      Totals:         5       0       0       0       0       0       0       0       0       0       0       0       0       0       0       0
Total ram usage:        5 bytes
 Hardware stack levels used:    1
 Hardware stack levels required when called:    1
 This function calls:
		i2_setCallBack
 This function is called by:
		i2_wr1RegCompleteHandler
		i2_rd1RegCompleteHandler
		i2_rd2RegCompleteHandler
		i2_wr2RegCompleteHandler
		i2_rdBlkRegCompleteHandler
 This function uses a non-reentrant model


 *************** function i2_setCallBack *****************
 Defined at:
		line 453 in file "mcc_generated_files/drivers/i2c_master.c"
 Parameters:    Size  Location     Type
  idx             1    wreg     enum E11974
  cb              3    0[COMRAM] PTR FTN(PTR void ,)enum 
		 -> rdBlkRegCompleteHandler(1), wr2RegCompleteHandler(1), rd2RegCompleteHandler(1), rd1RegCompleteHandler(1), 
		 -> wr1RegCompleteHandler(1), i2c_restartWrite(1), Absolute function(1), 
  p               2    3[COMRAM] PTR void 
		 -> i2c_readDataBlock@d(4), i2c_write2ByteRegister@data(2), i2c_read2ByteRegister@result(2), i2c_read1ByteRegister@d2(1), 
		 -> i2c_write1ByteRegister@data(1), NULL(0), 
 Auto vars:     Size  Location     Type
  idx             1    5[COMRAM] enum E11974
 Return value:  Size  Location     Type
                  1    wreg      void 
 Registers used:
		wreg, fsr2l, fsr2h, status,2, status,0, prodl, prodh
 Tracked objects:
		On entry : 
		On exit  : 
		Unchanged: 
 Data sizes:     COMRAM   BANK0   BANK1   BANK2   BANK3   BANK4   BANK5   BANK6   BANK7   BANK8   BANK9  BANK10  BANK11  BANK12  BANK13  BANK14
      Params:         5       0       0       0       0       0       0       0       0       0       0       0       0       0       0       0
      Locals:         1       0       0       0       0       0       0       0       0       0       0       0       0       0       0       0
      Temps:          0       0       0       0       0       0       0       0       0       0       0       0       0       0       0       0
      Totals:         6       0       0       0       0       0       0       0       0       0       0       0       0       0       0       0
Total ram usage:        6 bytes
 Hardware stack levels used:    1
 This function calls:
		Nothing
 This function is called by:
		i2_i2c_setDataCompleteCallback
 This function uses a non-reentrant model


 *************** function i2_i2c_setBuffer *****************
 Defined at:
		line 184 in file "mcc_generated_files/drivers/i2c_master.c"
 Parameters:    Size  Location     Type
  buffer          2    0[COMRAM] PTR void 
		 -> main@rec(1), main@data(2), i2c_readDataBlock@reg(1), i2c_readDataBlock@d(4), 
		 -> i2c_write2ByteRegister@reg(1), i2c_write2ByteRegister@data(2), i2c_read2ByteRegister@reg(1), i2c_read2ByteRegister@result(2), 
		 -> i2c_read1ByteRegister@reg(1), i2c_read1ByteRegister@d2(1), i2c_write1ByteRegister@reg(1), i2c_write1ByteRegister@data(1), 
		 -> NULL(0), 
  bufferSize      2    2[COMRAM] unsigned int 
 Auto vars:     Size  Location     Type
		None
 Return value:  Size  Location     Type
                  1    wreg      void 
 Registers used:
		wreg, status,2, status,0
 Tracked objects:
		On entry : 
		On exit  : 
		Unchanged: 
 Data sizes:     COMRAM   BANK0   BANK1   BANK2   BANK3   BANK4   BANK5   BANK6   BANK7   BANK8   BANK9  BANK10  BANK11  BANK12  BANK13  BANK14
      Params:         4       0       0       0       0       0       0       0       0       0       0       0       0       0       0       0
      Locals:         0       0       0       0       0       0       0       0       0       0       0       0       0       0       0       0
      Temps:          0       0       0       0       0       0       0       0       0       0       0       0       0       0       0       0
      Totals:         4       0       0       0       0       0       0       0       0       0       0       0       0       0       0       0
Total ram usage:        4 bytes
 Hardware stack levels used:    1
 This function calls:
		Nothing
 This function is called by:
		i2_wr1RegCompleteHandler
		i2_rd1RegCompleteHandler
		i2_rd2RegCompleteHandler
		i2_wr2RegCompleteHandler
		i2_rdBlkRegCompleteHandler
 This function uses a non-reentrant model


 *************** function i2_i2c1_driver_stop *****************
 Defined at:
		line 156 in file "mcc_generated_files/i2c1_driver.c"
 Parameters:    Size  Location     Type
		None
 Auto vars:     Size  Location     Type
		None
 Return value:  Size  Location     Type
                  1    wreg      void 
 Registers used:
		None
 Tracked objects:
		On entry : 
		On exit  : 
		Unchanged: 
 Data sizes:     COMRAM   BANK0   BANK1   BANK2   BANK3   BANK4   BANK5   BANK6   BANK7   BANK8   BANK9  BANK10  BANK11  BANK12  BANK13  BANK14
      Params:         0       0       0       0       0       0       0       0       0       0       0       0       0       0       0       0
      Locals:         0       0       0       0       0       0       0       0       0       0       0       0       0       0       0       0
      Temps:          0       0       0       0       0       0       0       0       0       0       0       0       0       0       0       0
      Totals:         0       0       0       0       0       0       0       0       0       0       0       0       0       0       0       0
Total ram usage:        0 bytes
 Hardware stack levels used:    1
 This function calls:
		Nothing
 This function is called by:
		i2_do_I2C_SEND_STOP
 This function uses a non-reentrant model


 *************** function i2_i2c1_driver_restart *****************
 Defined at:
		line 151 in file "mcc_generated_files/i2c1_driver.c"
 Parameters:    Size  Location     Type
		None
 Auto vars:     Size  Location     Type
		None
 Return value:  Size  Location     Type
                  1    wreg      void 
 Registers used:
		None
 Tracked objects:
		On entry : 
		On exit  : 
		Unchanged: 
 Data sizes:     COMRAM   BANK0   BANK1   BANK2   BANK3   BANK4   BANK5   BANK6   BANK7   BANK8   BANK9  BANK10  BANK11  BANK12  BANK13  BANK14
      Params:         0       0       0       0       0       0       0       0       0       0       0       0       0       0       0       0
      Locals:         0       0       0       0       0       0       0       0       0       0       0       0       0       0       0       0
      Temps:          0       0       0       0       0       0       0       0       0       0       0       0       0       0       0       0
      Totals:         0       0       0       0       0       0       0       0       0       0       0       0       0       0       0       0
Total ram usage:        0 bytes
 Hardware stack levels used:    1
 This function calls:
		Nothing
 This function is called by:
		i2_do_I2C_SEND_RESTART_READ
		i2_do_I2C_SEND_RESTART_WRITE
		i2_do_I2C_SEND_RESTART
 This function uses a non-reentrant model


 *************** function i2_i2c1_driver_sendACK *****************
 Defined at:
		line 196 in file "mcc_generated_files/i2c1_driver.c"
 Parameters:    Size  Location     Type
		None
 Auto vars:     Size  Location     Type
		None
 Return value:  Size  Location     Type
                  1    wreg      void 
 Registers used:
		None
 Tracked objects:
		On entry : 
		On exit  : 
		Unchanged: 
 Data sizes:     COMRAM   BANK0   BANK1   BANK2   BANK3   BANK4   BANK5   BANK6   BANK7   BANK8   BANK9  BANK10  BANK11  BANK12  BANK13  BANK14
      Params:         0       0       0       0       0       0       0       0       0       0       0       0       0       0       0       0
      Locals:         0       0       0       0       0       0       0       0       0       0       0       0       0       0       0       0
      Temps:          0       0       0       0       0       0       0       0       0       0       0       0       0       0       0       0
      Totals:         0       0       0       0       0       0       0       0       0       0       0       0       0       0       0       0
Total ram usage:        0 bytes
 Hardware stack levels used:    1
 This function calls:
		Nothing
 This function is called by:
		i2_do_I2C_DO_ACK
		i2_do_I2C_RX
 This function uses a non-reentrant model


 *************** function _i2c_busCollisionISR *****************
 Defined at:
		line 435 in file "mcc_generated_files/drivers/i2c_master.c"
 Parameters:    Size  Location     Type
		None
 Auto vars:     Size  Location     Type
		None
 Return value:  Size  Location     Type
                  1    wreg      void 
 Registers used:
		cstack
 Tracked objects:
		On entry : 
		On exit  : 
		Unchanged: 
 Data sizes:     COMRAM   BANK0   BANK1   BANK2   BANK3   BANK4   BANK5   BANK6   BANK7   BANK8   BANK9  BANK10  BANK11  BANK12  BANK13  BANK14
      Params:         0       0       0       0       0       0       0       0       0       0       0       0       0       0       0       0
      Locals:         0       0       0       0       0       0       0       0       0       0       0       0       0       0       0       0
      Temps:          0       0       0       0       0       0       0       0       0       0       0       0       0       0       0       0
      Totals:         0       0       0       0       0       0       0       0       0       0       0       0       0       0       0       0
Total ram usage:        0 bytes
 Hardware stack levels used:    1
 Hardware stack levels required when called:    1
 This function calls:
		_i2c1_driver_clearBusCollision
 This function is called by:
		_i2c_open
		_INTERRUPT_InterruptManager
 This function uses a non-reentrant model


 *************** function _i2c1_driver_clearBusCollision *****************
 Defined at:
		line 253 in file "mcc_generated_files/i2c1_driver.c"
 Parameters:    Size  Location     Type
		None
 Auto vars:     Size  Location     Type
		None
 Return value:  Size  Location     Type
                  1    wreg      void 
 Registers used:
		None
 Tracked objects:
		On entry : 
		On exit  : 
		Unchanged: 
 Data sizes:     COMRAM   BANK0   BANK1   BANK2   BANK3   BANK4   BANK5   BANK6   BANK7   BANK8   BANK9  BANK10  BANK11  BANK12  BANK13  BANK14
      Params:         0       0       0       0       0       0       0       0       0       0       0       0       0       0       0       0
      Locals:         0       0       0       0       0       0       0       0       0       0       0       0       0       0       0       0
      Temps:          0       0       0       0       0       0       0       0       0       0       0       0       0       0       0       0
      Totals:         0       0       0       0       0       0       0       0       0       0       0       0       0       0       0       0
Total ram usage:        0 bytes
 Hardware stack levels used:    1
 This function calls:
		Nothing
 This function is called by:
		_i2c_busCollisionISR
 This function uses a non-reentrant model



MODULE INFORMATION

Module		Function		Class		Link	Load	Size
mcc_generated_files/interrupt_manager.c
		_INTERRUPT_Initialize		CODE           	0DF4	0000	5
		_INTERRUPT_InterruptManager		CODE           	0008	0000	213

mcc_generated_files/interrupt_manager.c estimated size: 218

mcc_generated_files/pin_manager.c
		_PIN_MANAGER_Initialize		CODE           	03AE	0000	123

mcc_generated_files/pin_manager.c estimated size: 123

mcc_generated_files/drivers/i2c_simple_master.c
		_i2c_readNBytes		CODE           	094C	0000	55
		_wr1RegCompleteHandler		CODE           	08A6	0000	57
		_wr2RegCompleteHandler		CODE           	08DE	0000	57
		_i2c_writeNBytes		CODE           	063C	0000	81
		_rdBlkRegCompleteHandler		CODE           	068C	0000	79
		_rd1RegCompleteHandler		CODE           	086E	0000	57
		_rd2RegCompleteHandler		CODE           	0836	0000	57

mcc_generated_files/drivers/i2c_simple_master.c estimated size: 443

shared
		i2_returnReset 		CODE           	0E04	0000	5
		i2_do_I2C_SEND_ADR_READ		CODE           	0CF8	0000	15
		i2_do_I2C_DO_NACK_STOP		CODE           	0D66	0000	9
		i2_mssp1_clearIRQ		CODE           	0DBC	0000	7
		i2_setCallBack 		CODE           	04A0	0000	121
		i2_do_I2C_SEND_RESTART		CODE           	0D7E	0000	9
		i2_i2c_restartWrite		CODE           	0E00	0000	5
		i2_do_I2C_TX_EMPTY		CODE           	05E6	0000	87
		i2_do_I2C_DO_NACK_RESTART		CODE           	0D5E	0000	9
		i2_do_I2C_SEND_RESTART_READ		CODE           	0D8E	0000	9
		i2_do_I2C_DO_ADDRESS_NACK		CODE           	076C	0000	71
		i2_rd1RegCompleteHandler		CODE           	0A18	0000	49
		i2_do_I2C_RX   		CODE           	0518	0000	115
		i2_do_I2C_TX   		CODE           	0226	0000	141
		i2_i2c_ISR     		CODE           	07F6	0000	65
		i2_i2c1_driver_sendNACK		CODE           	0DC8	0000	7
		i2_do_I2C_IDLE 		CODE           	0D3C	0000	11
		i2_do_I2C_RCEN 		CODE           	0D32	0000	11
		i2_i2c1_driver_isNACK		CODE           	0BD6	0000	23
		__initialization		CODE           	0916	0000	45
		i2_mssp1_setIRQ		CODE           	0DC2	0000	7
		i2_i2c1_driver_restart		CODE           	0E10	0000	5
		i2_i2c1_driver_stop		CODE           	0E0C	0000	5
		i2_rd2RegCompleteHandler		CODE           	09E8	0000	49
		i2_i2c_setDataCompleteCallback		CODE           	0B18	0000	29
		i2_do_I2C_RESET		CODE           	0D06	0000	15
		i2_i2c1_driver_startRX		CODE           	0DFC	0000	5
		i2_i2c1_driver_resetBus		CODE           	0E16	0000	3
		i2_i2c1_driver_sendACK		CODE           	0DCE	0000	7
		i2_do_I2C_SEND_RESTART_WRITE		CODE           	0D86	0000	9
		i2_do_I2C_DO_ACK		CODE           	0D6E	0000	9
		i2_do_I2C_SEND_ADR_WRITE		CODE           	0CEA	0000	15
		i2_i2c1_driver_getRXData		CODE           	0DF8	0000	5
		i2_wr1RegCompleteHandler		CODE           	0A48	0000	49
		i2_do_I2C_SEND_STOP		CODE           	0D76	0000	9
		i2_i2c1_driver_TXData		CODE           	0D96	0000	9
		i2_i2c_setBuffer		CODE           	0B7C	0000	25
		i2_rdBlkRegCompleteHandler		CODE           	07B2	0000	69
		i2_wr2RegCompleteHandler		CODE           	0A78	0000	49
		i2_returnStop  		CODE           	0E08	0000	5

shared estimated size: 1192

mcc_generated_files/mcc.c
		_PMD_Initialize		CODE           	0AFC	0000	29
		_OSCILLATOR_Initialize		CODE           	0B64	0000	25
		_SYSTEM_Initialize		CODE           	0C3A	0000	19

mcc_generated_files/mcc.c estimated size: 73

mcc_generated_files/drivers/i2c_master.c
		_i2c_setDataCompleteCallback		CODE           	0AC4	0000	29
		_returnStop    		CODE           	0D28	0000	11
		_i2c_setBuffer 		CODE           	0B4C	0000	25
		_i2c_busCollisionISR		CODE           	0DD4	0000	7
		_i2c_masterRead		CODE           	0D4E	0000	9
		_i2c_ISR       		CODE           	0726	0000	71
		_i2c_close     		CODE           	0AE0	0000	29
		_i2c_masterOperation		CODE           	0982	0000	55
		_do_I2C_TX_EMPTY		CODE           	058A	0000	93
		_setCallBack   		CODE           	0334	0000	123
		_returnReset   		CODE           	0D1E	0000	11
		_do_I2C_SEND_RESTART_WRITE		CODE           	0CCE	0000	15
		_i2c_poller    		CODE           	0B34	0000	25
		_i2c_masterWrite		CODE           	0D46	0000	9
		_do_I2C_DO_NACK_RESTART		CODE           	0C88	0000	15
		_do_I2C_SEND_RESTART_READ		CODE           	0CDC	0000	15
		_i2c_setAddressNACKCallback		CODE           	0AA8	0000	29
		_do_I2C_SEND_ADR_WRITE		CODE           	0BEC	0000	21
		_do_I2C_SEND_STOP		CODE           	0CB2	0000	15
		_i2c_open      		CODE           	00E0	0000	181
		_do_I2C_SEND_ADR_READ		CODE           	0C00	0000	21
		_do_I2C_DO_NACK_STOP		CODE           	0C96	0000	15
		_do_I2C_SEND_RESTART		CODE           	0CC0	0000	15
		_do_I2C_RX     		CODE           	0428	0000	121
		_do_I2C_TX     		CODE           	0194	0000	147
		_do_I2C_IDLE   		CODE           	0C5C	0000	17
		_do_I2C_RCEN   		CODE           	0C4C	0000	17
		_do_I2C_DO_ADDRESS_NACK		CODE           	06DA	0000	77
		_do_I2C_RESET  		CODE           	0C14	0000	21
		_do_I2C_DO_ACK 		CODE           	0CA4	0000	15

mcc_generated_files/drivers/i2c_master.c estimated size: 1254

mcc_generated_files/drivers/i2c_types.c
		_i2c_restartWrite		CODE           	0D14	0000	11

mcc_generated_files/drivers/i2c_types.c estimated size: 11

mcc_generated_files/i2c1_driver.c
		_mssp1_waitForEvent		CODE           	0BAA	0000	23
		_i2c1_driver_open		CODE           	0B94	0000	23
		_mssp1_disableIRQ		CODE           	0DB0	0000	7
		_i2c1_driver_isNACK		CODE           	0BC0	0000	23
		_i2c1_driver_stop		CODE           	0DE8	0000	5
		_i2c1_driver_getRXData		CODE           	0DE0	0000	5
		_i2c1_driver_TXData		CODE           	0D56	0000	9
		_i2c1_driver_setBusCollisionISR		CODE           	0C7A	0000	15
		_i2c1_driver_start		CODE           	0DF0	0000	5
		_i2c1_driver_sendACK		CODE           	0DAA	0000	7
		_mssp1_setIRQ  		CODE           	0D9E	0000	7
		_i2c1_driver_sendNACK		CODE           	0DA4	0000	7
		_i2c1_driver_restart		CODE           	0DEC	0000	5
		_i2c1_driver_resetBus		CODE           	0E14	0000	3
		_i2c1_driver_clearBusCollision		CODE           	0DDA	0000	7
		_mssp1_clearIRQ		CODE           	0DB6	0000	7
		_i2c1_driver_startRX		CODE           	0DE4	0000	5
		_i2c1_driver_setI2cISR		CODE           	0C6C	0000	15
		_mssp1_IRQisEnabled		CODE           	0C28	0000	19

mcc_generated_files/i2c1_driver.c estimated size: 197

main.c
		_main          		CODE           	02B2	0000	131

main.c estimated size: 131

