Microchip MPLAB XC8 Compiler V1.45 ()

Linker command line:

-W-3 --edf=C:\Program Files (x86)\Microchip\xc8\v1.45\dat\en_msgs.txt -cs \
  -h+dist/default/production\I2CTesting.X.production.sym \
  --cmf=dist/default/production\I2CTesting.X.production.cmf -z -Q18F47K40 \
  -oC:\Users\Jacob\AppData\Local\Temp\sei8.2 \
  -Mdist/default/production/I2CTesting.X.production.map -E1 -ver=XC8 \
  -ASTACK=0E9h-0e87h -pstack=STACK -ACODE=00h-01FFFFh -ACONST=00h-01FFFFh \
  -ASMALLCONST=0F00h-0FFFhx497 -AMEDIUMCONST=0F00h-0FFFFh,010F00h-01FFFFh \
  -ACOMRAM=01h-05Fh -AABS1=00h-0E87h -ABIGRAM=01h-0E87h \
  -ARAM=060h-0FFh,0100h-01FFhx13,0E00h-0E87h -ABANK0=060h-0FFh \
  -ABANK1=0100h-01FFh -ABANK2=0200h-02FFh -ABANK3=0300h-03FFh \
  -ABANK4=0400h-04FFh -ABANK5=0500h-05FFh -ABANK6=0600h-06FFh \
  -ABANK7=0700h-07FFh -ABANK8=0800h-08FFh -ABANK9=0900h-09FFh \
  -ABANK10=0A00h-0AFFh -ABANK11=0B00h-0BFFh -ABANK12=0C00h-0CFFh \
  -ABANK13=0D00h-0DFFh -ABANK14=0E00h-0E87h \
  -ASFR=0E8Dh-0EFFh,0F00h-0F5Fh,0F60h-0FFFh \
  -preset_vec=00h,intcode=08h,intcodelo,powerup,init -pramtop=0F00h \
  -psmallconst=SMALLCONST -pmediumconst=MEDIUMCONST -pconst=CONST \
  -AFARRAM=00h-00h -ACONFIG=0300000h-030000Bh -pconfig=CONFIG \
  -AIDLOC=0200000h-020000Fh -pidloc=IDLOC -AEEDATA=0310000h-03103FFh \
  -peeprom_data=EEDATA \
  -prdata=COMRAM,nvrram=COMRAM,nvbit=COMRAM,rbss=COMRAM,rbit=COMRAM \
  -pfarbss=FARRAM,fardata=FARRAM,nvFARRAM=FARRAM \
  -pintsave_regs=BIGRAM,bigbss=BIGRAM,bigdata=BIGRAM -pbss=RAM \
  -pidata=CODE,irdata=CODE,ibigdata=CODE,ifardata=CODE -prparam=COMRAM \
  C:\Users\Jacob\AppData\Local\Temp\sei8.obj \
  dist/default/production\I2CTesting.X.production.obj 

Object code version is 3.11

Machine type is 18F47K40

Call graph: (short form)




                Name                               Link     Load   Length Selector   Space Scale
C:\Users\Jacob\AppData\Local\Temp\sei8.obj
                init                                 DC       DC        4        4       0
                reset_vec                             0        0        4        0       0
                idloc                            200000   200000       10   200000       0
                config                           300000   300000        C   300000       0
dist/default/production\I2CTesting.X.production.obj
                intcode                               8        8       D4        4       0
                temp                                 47       47        1        1       1
                text107                            1144     1144        6        4       0
                text106                            113E     113E        6        4       0
                text105                            1138     1138        6        4       0
                text104                            117A     117A        4        4       0
                text103                            1176     1176        4        4       0
                text102                             E9C      E9C       1A        4       0
                text101                             79E      79E       78        4       0
                text100                             E4C      E4C       1C        4       0
                text99                              D82      D82       30        4       0
                text98                             1172     1172        4        4       0
                text97                             116E     116E        4        4       0
                text96                             116A     116A        4        4       0
                text95                              D52      D52       30        4       0
                text94                              D22      D22       30        4       0
                text93                              CF2      CF2       30        4       0
                text92                              B00      B00       44        4       0
                text91                             1166     1166        4        4       0
                text90                             1180     1180        2        4       0
                text89                             1132     1132        6        4       0
                text88                             1162     1162        4        4       0
                text87                             1100     1100        8        4       0
                text86                              F80      F80       16        4       0
                text85                             112C     112C        6        4       0
                text84                              8E8      8E8       58        4       0
                text83                              FEC      FEC       10        4       0
                text82                             1086     1086        C        4       0
                text81                             10F8     10F8        8        4       0
                text80                             10F0     10F0        8        4       0
                text79                             10E8     10E8        8        4       0
                text78                             10E0     10E0        8        4       0
                text77                              FDC      FDC       10        4       0
                text76                              FCC      FCC       10        4       0
                text75                             107A     107A        C        4       0
                text74                             10D8     10D8        8        4       0
                text73                             10D0     10D0        8        4       0
                text72                             10C8     10C8        8        4       0
                text71                              AB8      AB8       48        4       0
                text70                              61C      61C       90        4       0
                text69                              816      816       74        4       0
                text68                             1126     1126        6        4       0
                text67                              A70      A70       48        4       0
                text65                              ECE      ECE       18        4       0
                text64                             115E     115E        4        4       0
                text63                              EB6      EB6       18        4       0
                text62                              58A      58A       92        4       0
                text61                              E30      E30       1C        4       0
                text60                              F6A      F6A       16        4       0
                text59                              DB2      DB2       28        4       0
                text58                             1120     1120        6        4       0
                text57                             111A     111A        6        4       0
                text56                              DDA      DDA       1E        4       0
                text55                             115A     115A        4        4       0
                text54                             1114     1114        6        4       0
                text53                             1156     1156        4        4       0
                text52                             1152     1152        4        4       0
                text51                              E82      E82       1A        4       0
                text50                              726      726       78        4       0
                text49                              E14      E14       1C        4       0
                text48                              C28      C28       36        4       0
                text47                             10A6     10A6        A        4       0
                text46                             109C     109C        A        4       0
                text45                             1092     1092        A        4       0
                text44                              BF2      BF2       36        4       0
                text43                              BBC      BBC       36        4       0
                text42                              B86      B86       36        4       0
                text41                              A26      A26       4A        4       0
                text40                             114E     114E        4        4       0
                text39                             117E     117E        2        4       0
                text38                             110E     110E        6        4       0
                text37                             114A     114A        4        4       0
                text36                             10C0     10C0        8        4       0
                text35                              F54      F54       16        4       0
                text34                             1108     1108        6        4       0
                text33                              88A      88A       5E        4       0
                text32                              F3E      F3E       16        4       0
                text31                              FBA      FBA       12        4       0
                text30                             106C     106C        E        4       0
                text29                             105E     105E        E        4       0
                text28                             1050     1050        E        4       0
                text27                             1042     1042        E        4       0
                text26                              F28      F28       16        4       0
                text25                              F12      F12       16        4       0
                text24                              FA8      FA8       12        4       0
                text23                             1034     1034        E        4       0
                text22                             1026     1026        E        4       0
                text21                             1018     1018        E        4       0
                text20                              98E      98E       4E        4       0
                text19                              4F4      4F4       96        4       0
                text18                              6AC      6AC       7A        4       0
                text17                              940      940       4E        4       0
                text16                              EFC      EFC       16        4       0
                text15                              E68      E68       1A        4       0
                text14                              F96      F96       12        4       0
                text13                              C90      C90       32        4       0
                text12                             10B8     10B8        8        4       0
                text11                              EE6      EE6       16        4       0
                text10                             100A     100A        E        4       0
                text9                               FFC      FFC        E        4       0
                text8                               3AC      3AC       B0        4       0
                text7                               C5E      C5E       32        4       0
                text6                              10B0     10B0        8        4       0
                text5                               DF8      DF8       1C        4       0
                text4                               9DC      9DC       4A        4       0
                text3                               2EE      2EE       BE        4       0
                text2                               230      230       BE        4       0
                text1                               45C      45C       98        4       0
                text0                                E0       E0      150        4       0
                cstackCOMRAM                          1        1       40        1       1
                cstackBANK0                          C2       C2       27       60       1
                dataBANK0                            92       92       30       60       1
                bssBANK0                             60       60       32       60       1
                bssCOMRAM                            41       41        6        1       1
                cinit                               B44      B44       42        4       0
                idataBANK0                          CC2      CC2       30        4       0

TOTAL           Name                               Link     Load   Length     Space
        CLASS   STACK          

        CLASS   CODE           
                intcode                               8        8       D4         0
                init                                 DC       DC        4         0
                reset_vec                             0        0        4         0
                text107                            1144     1144        6         0
                text106                            113E     113E        6         0
                text105                            1138     1138        6         0
                text104                            117A     117A        4         0
                text103                            1176     1176        4         0
                text102                             E9C      E9C       1A         0
                text101                             79E      79E       78         0
                text100                             E4C      E4C       1C         0
                text99                              D82      D82       30         0
                text98                             1172     1172        4         0
                text97                             116E     116E        4         0
                text96                             116A     116A        4         0
                text95                              D52      D52       30         0
                text94                              D22      D22       30         0
                text93                              CF2      CF2       30         0
                text92                              B00      B00       44         0
                text91                             1166     1166        4         0
                text90                             1180     1180        2         0
                text89                             1132     1132        6         0
                text88                             1162     1162        4         0
                text87                             1100     1100        8         0
                text86                              F80      F80       16         0
                text85                             112C     112C        6         0
                text84                              8E8      8E8       58         0
                text83                              FEC      FEC       10         0
                text82                             1086     1086        C         0
                text81                             10F8     10F8        8         0
                text80                             10F0     10F0        8         0
                text79                             10E8     10E8        8         0
                text78                             10E0     10E0        8         0
                text77                              FDC      FDC       10         0
                text76                              FCC      FCC       10         0
                text75                             107A     107A        C         0
                text74                             10D8     10D8        8         0
                text73                             10D0     10D0        8         0
                text72                             10C8     10C8        8         0
                text71                              AB8      AB8       48         0
                text70                              61C      61C       90         0
                text69                              816      816       74         0
                text68                             1126     1126        6         0
                text67                              A70      A70       48         0
                text65                              ECE      ECE       18         0
                text64                             115E     115E        4         0
                text63                              EB6      EB6       18         0
                text62                              58A      58A       92         0
                text61                              E30      E30       1C         0
                text60                              F6A      F6A       16         0
                text59                              DB2      DB2       28         0
                text58                             1120     1120        6         0
                text57                             111A     111A        6         0
                text56                              DDA      DDA       1E         0
                text55                             115A     115A        4         0
                text54                             1114     1114        6         0
                text53                             1156     1156        4         0
                text52                             1152     1152        4         0
                text51                              E82      E82       1A         0
                text50                              726      726       78         0
                text49                              E14      E14       1C         0
                text48                              C28      C28       36         0
                text47                             10A6     10A6        A         0
                text46                             109C     109C        A         0
                text45                             1092     1092        A         0
                text44                              BF2      BF2       36         0
                text43                              BBC      BBC       36         0
                text42                              B86      B86       36         0
                text41                              A26      A26       4A         0
                text40                             114E     114E        4         0
                text39                             117E     117E        2         0
                text38                             110E     110E        6         0
                text37                             114A     114A        4         0
                text36                             10C0     10C0        8         0
                text35                              F54      F54       16         0
                text34                             1108     1108        6         0
                text33                              88A      88A       5E         0
                text32                              F3E      F3E       16         0
                text31                              FBA      FBA       12         0
                text30                             106C     106C        E         0
                text29                             105E     105E        E         0
                text28                             1050     1050        E         0
                text27                             1042     1042        E         0
                text26                              F28      F28       16         0
                text25                              F12      F12       16         0
                text24                              FA8      FA8       12         0
                text23                             1034     1034        E         0
                text22                             1026     1026        E         0
                text21                             1018     1018        E         0
                text20                              98E      98E       4E         0
                text19                              4F4      4F4       96         0
                text18                              6AC      6AC       7A         0
                text17                              940      940       4E         0
                text16                              EFC      EFC       16         0
                text15                              E68      E68       1A         0
                text14                              F96      F96       12         0
                text13                              C90      C90       32         0
                text12                             10B8     10B8        8         0
                text11                              EE6      EE6       16         0
                text10                             100A     100A        E         0
                text9                               FFC      FFC        E         0
                text8                               3AC      3AC       B0         0
                text7                               C5E      C5E       32         0
                text6                              10B0     10B0        8         0
                text5                               DF8      DF8       1C         0
                text4                               9DC      9DC       4A         0
                text3                               2EE      2EE       BE         0
                text2                               230      230       BE         0
                text1                               45C      45C       98         0
                text0                                E0       E0      150         0
                cinit                               B44      B44       42         0
                idataBANK0                          CC2      CC2       30         0

        CLASS   CONST          

        CLASS   SMALLCONST     

        CLASS   MEDIUMCONST    

        CLASS   COMRAM         
                temp                                 47       47        1         1
                cstackCOMRAM                          1        1       40         1
                bssCOMRAM                            41       41        6         1

        CLASS   ABS1           

        CLASS   BIGRAM         

        CLASS   RAM            

        CLASS   BANK0          
                cstackBANK0                          C2       C2       27         1
                dataBANK0                            92       92       30         1
                bssBANK0                             60       60       32         1

        CLASS   BANK1          

        CLASS   BANK2          

        CLASS   BANK3          

        CLASS   BANK4          

        CLASS   BANK5          

        CLASS   BANK6          

        CLASS   BANK7          

        CLASS   BANK8          

        CLASS   BANK9          

        CLASS   BANK10         

        CLASS   BANK11         

        CLASS   BANK12         

        CLASS   BANK13         

        CLASS   BANK14         

        CLASS   SFR            

        CLASS   FARRAM         

        CLASS   CONFIG         
                config                           300000   300000        C         0

        CLASS   IDLOC          
                idloc                            200000   200000       10         0

        CLASS   EEDATA         



SEGMENTS        Name                           Load    Length   Top    Selector   Space  Class

                reset_vec                      000000  000004  000004         0       0  CODE    
                cstackCOMRAM                   000001  000047  000048         1       1  COMRAM  
                intcode                        000008  00117A  001182         4       0  CODE    
                bssBANK0                       000060  000089  0000E9        60       1  BANK0   
                idloc                          200000  000010  200010    200000       0  IDLOC   
                config                         300000  00000C  30000C    300000       0  CONFIG  


UNUSED ADDRESS RANGES

        Name                Unused          Largest block    Delta
        BANK0            0000E9-0000FF               17
        BANK1            000100-0001FF              100
        BANK10           000A00-000AFF              100
        BANK11           000B00-000BFF              100
        BANK12           000C00-000CFF              100
        BANK13           000D00-000DFF              100
        BANK14           000E00-000E87               88
        BANK2            000200-0002FF              100
        BANK3            000300-0003FF              100
        BANK4            000400-0004FF              100
        BANK5            000500-0005FF              100
        BANK6            000600-0006FF              100
        BANK7            000700-0007FF              100
        BANK8            000800-0008FF              100
        BANK9            000900-0009FF              100
        BIGRAM           000048-00005F               18
                         0000E9-000E87              D9F
        CODE             000004-000007                4
                         001182-01FFFF            1EE7E
        COMRAM           000048-00005F               18
        CONST            000004-000007                4
                         001182-01FFFF            1EE7E
        EEDATA           310000-3103FF              400
        MEDIUMCONST      001182-00FFFF             EE7E
                         010F00-01FFFF             F100
        RAM              0000E9-000E87              100
        SFR              000E8D-000FFF               73
        SMALLCONST       001182-01FFFF              100
        STACK            0000E9-000E87              D9F

                                  Symbol Table

?_abs                                    cstackCOMRAM 000016
?_updateExpanders                        cstackCOMRAM 000039
_ANSELA                                  (abs)        000F11
_ANSELB                                  (abs)        000F19
_ANSELC                                  (abs)        000F21
_ANSELD                                  (abs)        000F26
_ANSELE                                  (abs)        000F2E
_BAUD2CON                                (abs)        000E9F
_EUSART2_Initialize                      text65       000ECE
_INTCONbits                              (abs)        000FF2
_INTERRUPT_Initialize                    text64       00115E
_INTERRUPT_InterruptManager              intcode      000008
_LATA                                    (abs)        000F83
_LATAbits                                (abs)        000F83
_LATB                                    (abs)        000F84
_LATC                                    (abs)        000F85
_LATD                                    (abs)        000F86
_LATE                                    (abs)        000F87
_ODCONA                                  (abs)        000F0F
_ODCONB                                  (abs)        000F17
_ODCONC                                  (abs)        000F1F
_ODCOND                                  (abs)        000F24
_ODCONE                                  (abs)        000F2C
_OSCCON1                                 (abs)        000ED8
_OSCCON3                                 (abs)        000EDA
_OSCEN                                   (abs)        000EDC
_OSCFRQ                                  (abs)        000EDE
_OSCILLATOR_Initialize                   text63       000EB6
_OSCTUNE                                 (abs)        000EDD
_PIE3bits                                (abs)        000EC5
_PIN_MANAGER_Initialize                  text62       00058A
_PIR3bits                                (abs)        000ECD
_PMD0                                    (abs)        000EE1
_PMD1                                    (abs)        000EE2
_PMD2                                    (abs)        000EE3
_PMD3                                    (abs)        000EE4
_PMD4                                    (abs)        000EE5
_PMD5                                    (abs)        000EE6
_PMD_Initialize                          text61       000E30
_RC2REG                                  (abs)        000E99
_RC2STA                                  (abs)        000E9D
_RC2STAbits                              (abs)        000E9D
_RC3PPS                                  (abs)        000EFA
_RC4PPS                                  (abs)        000EFB
_RD7PPS                                  (abs)        000F06
_RX2PPSbits                              (abs)        000E8D
_SP2BRGH                                 (abs)        000E9C
_SP2BRGL                                 (abs)        000E9B
_SSP1ADD                                 (abs)        000F93
_SSP1BUF                                 (abs)        000F92
_SSP1CLKPPSbits                          (abs)        000EB7
_SSP1CON1                                (abs)        000F96
_SSP1CON1bits                            (abs)        000F96
_SSP1CON2                                (abs)        000F97
_SSP1CON2bits                            (abs)        000F97
_SSP1DATPPSbits                          (abs)        000EB8
_SSP1MSK                                 (abs)        000F94
_SSP1STAT                                (abs)        000F95
_SSP1STATbits                            (abs)        000F95
_SYSTEM_Initialize                       text60       000F6A
_TRISA                                   (abs)        000F88
_TRISB                                   (abs)        000F89
_TRISC                                   (abs)        000F8A
_TRISD                                   (abs)        000F8B
_TRISE                                   (abs)        000F8C
_TX2REG                                  (abs)        000E9A
_TX2STA                                  (abs)        000E9E
_TX2STAbits                              (abs)        000E9E
_WPUA                                    (abs)        000F10
_WPUB                                    (abs)        000F18
_WPUC                                    (abs)        000F20
_WPUD                                    (abs)        000F25
_WPUE                                    (abs)        000F2D
__CFG_BOREN$SBORDIS                      (abs)        000000
__CFG_BORV$VBOR_2P45                     (abs)        000000
__CFG_CLKOUTEN$OFF                       (abs)        000000
__CFG_CP$OFF                             (abs)        000000
__CFG_CPD$OFF                            (abs)        000000
__CFG_CSWEN$ON                           (abs)        000000
__CFG_DEBUG$OFF                          (abs)        000000
__CFG_EBTR0$OFF                          (abs)        000000
__CFG_EBTR1$OFF                          (abs)        000000
__CFG_EBTR2$OFF                          (abs)        000000
__CFG_EBTR3$OFF                          (abs)        000000
__CFG_EBTR4$OFF                          (abs)        000000
__CFG_EBTR5$OFF                          (abs)        000000
__CFG_EBTR6$OFF                          (abs)        000000
__CFG_EBTR7$OFF                          (abs)        000000
__CFG_EBTRB$OFF                          (abs)        000000
__CFG_FCMEN$ON                           (abs)        000000
__CFG_FEXTOSC$OFF                        (abs)        000000
__CFG_LPBOREN$OFF                        (abs)        000000
__CFG_LVP$ON                             (abs)        000000
__CFG_MCLRE$EXTMCLR                      (abs)        000000
__CFG_PPS1WAY$ON                         (abs)        000000
__CFG_PWRTE$OFF                          (abs)        000000
__CFG_RSTOSC$HFINTOSC_1MHZ               (abs)        000000
__CFG_SCANE$ON                           (abs)        000000
__CFG_STVREN$ON                          (abs)        000000
__CFG_WDTCCS$SC                          (abs)        000000
__CFG_WDTCPS$WDTCPS_31                   (abs)        000000
__CFG_WDTCWS$WDTCWS_7                    (abs)        000000
__CFG_WDTE$OFF                           (abs)        000000
__CFG_WRT0$OFF                           (abs)        000000
__CFG_WRT1$OFF                           (abs)        000000
__CFG_WRT2$OFF                           (abs)        000000
__CFG_WRT3$OFF                           (abs)        000000
__CFG_WRT4$OFF                           (abs)        000000
__CFG_WRT5$OFF                           (abs)        000000
__CFG_WRT6$OFF                           (abs)        000000
__CFG_WRT7$OFF                           (abs)        000000
__CFG_WRTB$OFF                           (abs)        000000
__CFG_WRTC$OFF                           (abs)        000000
__CFG_WRTD$OFF                           (abs)        000000
__CFG_XINST$OFF                          (abs)        000000
__CFG_ZCD$OFF                            (abs)        000000
__HRAM                                   (abs)        000000
__Habs1                                  abs1         000000
__Hbank0                                 bank0        000000
__Hbank1                                 bank1        000000
__Hbank10                                bank10       000000
__Hbank11                                bank11       000000
__Hbank12                                bank12       000000
__Hbank13                                bank13       000000
__Hbank14                                bank14       000000
__Hbank2                                 bank2        000000
__Hbank3                                 bank3        000000
__Hbank4                                 bank4        000000
__Hbank5                                 bank5        000000
__Hbank6                                 bank6        000000
__Hbank7                                 bank7        000000
__Hbank8                                 bank8        000000
__Hbank9                                 bank9        000000
__Hbigbss                                bigbss       000000
__Hbigdata                               bigdata      000000
__Hbigram                                bigram       000000
__Hbss                                   bss          000000
__HbssBANK0                              bssBANK0     000000
__HbssCOMRAM                             bssCOMRAM    000000
__Hcinit                                 cinit        000000
__Hclrtext                               clrtext      000000
__Hcomram                                comram       000000
__Hconfig                                config       30000C
__Hconst                                 const        000000
__HcstackBANK0                           cstackBANK0  000000
__HcstackCOMRAM                          cstackCOMRAM 000000
__Hdata                                  data         000000
__HdataBANK0                             dataBANK0    000000
__Heeprom_data                           eeprom_data  000000
__Hfarbss                                farbss       000000
__Hfardata                               fardata      000000
__Hibigdata                              ibigdata     000000
__Hidata                                 idata        000000
__HidataBANK0                            idataBANK0   000000
__Hidloc                                 idloc        200010
__Hifardata                              ifardata     000000
__Hinit                                  init         0000E0
__Hintcode                               intcode      0000DC
__Hintcode_body                          intcode_body 000000
__Hintcodelo                             intcodelo    0000DC
__Hintentry                              intentry     000000
__Hintret                                intret       000000
__Hintsave_regs                          intsave_regs 000000
__Hirdata                                irdata       000000
__Hmediumconst                           mediumconst  000000
__HnvFARRAM                              nvFARRAM     000000
__Hnvbit                                 nvbit        000000
__Hnvrram                                nvrram       000000
__Hparam                                 rparam       000000
__Hpowerup                               powerup      0000DC
__Hram                                   ram          000000
__Hramtop                                ramtop       000F00
__Hrbit                                  rbit         000000
__Hrbss                                  rbss         000000
__Hrdata                                 rdata        000000
__Hreset_vec                             reset_vec    000004
__Hrparam                                rparam       000000
__Hsfr                                   sfr          000000
__Hsmallconst                            smallconst   000000
__Hspace_0                               (abs)        30000C
__Hspace_1                               (abs)        0000E9
__Hspace_2                               (abs)        000000
__Hstack                                 stack        000000
__Hstruct                                struct       000000
__Htemp                                  temp         000048
__Htext                                  text         000000
__Htext0                                 text0        000000
__Htext1                                 text1        000000
__Htext10                                text10       000000
__Htext100                               text100      000000
__Htext101                               text101      000000
__Htext102                               text102      000000
__Htext103                               text103      000000
__Htext104                               text104      000000
__Htext105                               text105      000000
__Htext106                               text106      000000
__Htext107                               text107      000000
__Htext108                               text108      000000
__Htext11                                text11       000000
__Htext12                                text12       000000
__Htext13                                text13       000000
__Htext14                                text14       000000
__Htext15                                text15       000000
__Htext16                                text16       000000
__Htext17                                text17       000000
__Htext18                                text18       000000
__Htext19                                text19       000000
__Htext2                                 text2        000000
__Htext20                                text20       000000
__Htext21                                text21       000000
__Htext22                                text22       000000
__Htext23                                text23       000000
__Htext24                                text24       000000
__Htext25                                text25       000000
__Htext26                                text26       000000
__Htext27                                text27       000000
__Htext28                                text28       000000
__Htext29                                text29       000000
__Htext3                                 text3        000000
__Htext30                                text30       000000
__Htext31                                text31       000000
__Htext32                                text32       000000
__Htext33                                text33       000000
__Htext34                                text34       000000
__Htext35                                text35       000000
__Htext36                                text36       000000
__Htext37                                text37       000000
__Htext38                                text38       000000
__Htext39                                text39       000000
__Htext4                                 text4        000000
__Htext40                                text40       000000
__Htext41                                text41       000000
__Htext42                                text42       000000
__Htext43                                text43       000000
__Htext44                                text44       000000
__Htext45                                text45       000000
__Htext46                                text46       000000
__Htext47                                text47       000000
__Htext48                                text48       000000
__Htext49                                text49       000000
__Htext5                                 text5        000000
__Htext50                                text50       000000
__Htext51                                text51       000000
__Htext52                                text52       000000
__Htext53                                text53       000000
__Htext54                                text54       000000
__Htext55                                text55       000000
__Htext56                                text56       000000
__Htext57                                text57       000000
__Htext58                                text58       000000
__Htext59                                text59       000000
__Htext6                                 text6        000000
__Htext60                                text60       000000
__Htext61                                text61       000000
__Htext62                                text62       000000
__Htext63                                text63       000000
__Htext64                                text64       000000
__Htext65                                text65       000000
__Htext67                                text67       000000
__Htext68                                text68       000000
__Htext69                                text69       000000
__Htext7                                 text7        000000
__Htext70                                text70       000000
__Htext71                                text71       000000
__Htext72                                text72       000000
__Htext73                                text73       000000
__Htext74                                text74       000000
__Htext75                                text75       000000
__Htext76                                text76       000000
__Htext77                                text77       000000
__Htext78                                text78       000000
__Htext79                                text79       000000
__Htext8                                 text8        000000
__Htext80                                text80       000000
__Htext81                                text81       000000
__Htext82                                text82       000000
__Htext83                                text83       000000
__Htext84                                text84       000000
__Htext85                                text85       000000
__Htext86                                text86       000000
__Htext87                                text87       000000
__Htext88                                text88       000000
__Htext89                                text89       000000
__Htext9                                 text9        000000
__Htext90                                text90       000000
__Htext91                                text91       000000
__Htext92                                text92       000000
__Htext93                                text93       000000
__Htext94                                text94       000000
__Htext95                                text95       000000
__Htext96                                text96       000000
__Htext97                                text97       000000
__Htext98                                text98       000000
__Htext99                                text99       000000
__LRAM                                   (abs)        000001
__Labs1                                  abs1         000000
__Lbank0                                 bank0        000000
__Lbank1                                 bank1        000000
__Lbank10                                bank10       000000
__Lbank11                                bank11       000000
__Lbank12                                bank12       000000
__Lbank13                                bank13       000000
__Lbank14                                bank14       000000
__Lbank2                                 bank2        000000
__Lbank3                                 bank3        000000
__Lbank4                                 bank4        000000
__Lbank5                                 bank5        000000
__Lbank6                                 bank6        000000
__Lbank7                                 bank7        000000
__Lbank8                                 bank8        000000
__Lbank9                                 bank9        000000
__Lbigbss                                bigbss       000000
__Lbigdata                               bigdata      000000
__Lbigram                                bigram       000000
__Lbss                                   bss          000000
__LbssBANK0                              bssBANK0     000000
__LbssCOMRAM                             bssCOMRAM    000000
__Lcinit                                 cinit        000000
__Lclrtext                               clrtext      000000
__Lcomram                                comram       000000
__Lconfig                                config       300000
__Lconst                                 const        000000
__LcstackBANK0                           cstackBANK0  000000
__LcstackCOMRAM                          cstackCOMRAM 000000
__Ldata                                  data         000000
__LdataBANK0                             dataBANK0    000000
__Leeprom_data                           eeprom_data  000000
__Lfarbss                                farbss       000000
__Lfardata                               fardata      000000
__Libigdata                              ibigdata     000000
__Lidata                                 idata        000000
__LidataBANK0                            idataBANK0   000000
__Lidloc                                 idloc        200000
__Lifardata                              ifardata     000000
__Linit                                  init         0000DC
__Lintcode                               intcode      000008
__Lintcode_body                          intcode_body 000000
__Lintcodelo                             intcodelo    0000DC
__Lintentry                              intentry     000000
__Lintret                                intret       000000
__Lintsave_regs                          intsave_regs 000000
__Lirdata                                irdata       000000
__Lmediumconst                           mediumconst  000000
__LnvFARRAM                              nvFARRAM     000000
__Lnvbit                                 nvbit        000000
__Lnvrram                                nvrram       000000
__Lparam                                 rparam       000000
__Lpowerup                               powerup      0000DC
__Lram                                   ram          000000
__Lramtop                                ramtop       000F00
__Lrbit                                  rbit         000000
__Lrbss                                  rbss         000000
__Lrdata                                 rdata        000000
__Lreset_vec                             reset_vec    000000
__Lrparam                                rparam       000000
__Lsfr                                   sfr          000000
__Lsmallconst                            smallconst   000000
__Lspace_0                               (abs)        000000
__Lspace_1                               (abs)        000000
__Lspace_2                               (abs)        000000
__Lstack                                 stack        000000
__Lstruct                                struct       000000
__Ltemp                                  temp         000047
__Ltext                                  text         000000
__Ltext0                                 text0        000000
__Ltext1                                 text1        000000
__Ltext10                                text10       000000
__Ltext100                               text100      000000
__Ltext101                               text101      000000
__Ltext102                               text102      000000
__Ltext103                               text103      000000
__Ltext104                               text104      000000
__Ltext105                               text105      000000
__Ltext106                               text106      000000
__Ltext107                               text107      000000
__Ltext108                               text108      000000
__Ltext11                                text11       000000
__Ltext12                                text12       000000
__Ltext13                                text13       000000
__Ltext14                                text14       000000
__Ltext15                                text15       000000
__Ltext16                                text16       000000
__Ltext17                                text17       000000
__Ltext18                                text18       000000
__Ltext19                                text19       000000
__Ltext2                                 text2        000000
__Ltext20                                text20       000000
__Ltext21                                text21       000000
__Ltext22                                text22       000000
__Ltext23                                text23       000000
__Ltext24                                text24       000000
__Ltext25                                text25       000000
__Ltext26                                text26       000000
__Ltext27                                text27       000000
__Ltext28                                text28       000000
__Ltext29                                text29       000000
__Ltext3                                 text3        000000
__Ltext30                                text30       000000
__Ltext31                                text31       000000
__Ltext32                                text32       000000
__Ltext33                                text33       000000
__Ltext34                                text34       000000
__Ltext35                                text35       000000
__Ltext36                                text36       000000
__Ltext37                                text37       000000
__Ltext38                                text38       000000
__Ltext39                                text39       000000
__Ltext4                                 text4        000000
__Ltext40                                text40       000000
__Ltext41                                text41       000000
__Ltext42                                text42       000000
__Ltext43                                text43       000000
__Ltext44                                text44       000000
__Ltext45                                text45       000000
__Ltext46                                text46       000000
__Ltext47                                text47       000000
__Ltext48                                text48       000000
__Ltext49                                text49       000000
__Ltext5                                 text5        000000
__Ltext50                                text50       000000
__Ltext51                                text51       000000
__Ltext52                                text52       000000
__Ltext53                                text53       000000
__Ltext54                                text54       000000
__Ltext55                                text55       000000
__Ltext56                                text56       000000
__Ltext57                                text57       000000
__Ltext58                                text58       000000
__Ltext59                                text59       000000
__Ltext6                                 text6        000000
__Ltext60                                text60       000000
__Ltext61                                text61       000000
__Ltext62                                text62       000000
__Ltext63                                text63       000000
__Ltext64                                text64       000000
__Ltext65                                text65       000000
__Ltext67                                text67       000000
__Ltext68                                text68       000000
__Ltext69                                text69       000000
__Ltext7                                 text7        000000
__Ltext70                                text70       000000
__Ltext71                                text71       000000
__Ltext72                                text72       000000
__Ltext73                                text73       000000
__Ltext74                                text74       000000
__Ltext75                                text75       000000
__Ltext76                                text76       000000
__Ltext77                                text77       000000
__Ltext78                                text78       000000
__Ltext79                                text79       000000
__Ltext8                                 text8        000000
__Ltext80                                text80       000000
__Ltext81                                text81       000000
__Ltext82                                text82       000000
__Ltext83                                text83       000000
__Ltext84                                text84       000000
__Ltext85                                text85       000000
__Ltext86                                text86       000000
__Ltext87                                text87       000000
__Ltext88                                text88       000000
__Ltext89                                text89       000000
__Ltext9                                 text9        000000
__Ltext90                                text90       000000
__Ltext91                                text91       000000
__Ltext92                                text92       000000
__Ltext93                                text93       000000
__Ltext94                                text94       000000
__Ltext95                                text95       000000
__Ltext96                                text96       000000
__Ltext97                                text97       000000
__Ltext98                                text98       000000
__Ltext99                                text99       000000
__S0                                     (abs)        30000C
__S1                                     (abs)        0000E9
__S2                                     (abs)        000000
___inthi_sp                              stack        000000
___intlo_sp                              stack        000000
___param_bank                            (abs)        000000
___rparam_used                           (abs)        000001
___sp                                    stack        000000
__accesstop                              (abs)        000060
__activetblptr                           (abs)        000003
__end_of_EUSART2_Initialize              text65       000EE6
__end_of_INTERRUPT_Initialize            text64       001162
__end_of_INTERRUPT_InterruptManager      intcode      0000DC
__end_of_OSCILLATOR_Initialize           text63       000ECE
__end_of_PIN_MANAGER_Initialize          text62       00061C
__end_of_PMD_Initialize                  text61       000E4C
__end_of_SYSTEM_Initialize               text60       000F80
__end_of__initialization                 cinit        000B7C
__end_of_abs                             text59       000DDA
__end_of_do_I2C_DO_ACK                   text23       001042
__end_of_do_I2C_DO_ADDRESS_NACK          text20       0009DC
__end_of_do_I2C_DO_NACK_RESTART          text21       001026
__end_of_do_I2C_DO_NACK_STOP             text22       001034
__end_of_do_I2C_IDLE                     text31       000FCC
__end_of_do_I2C_RCEN                     text24       000FBA
__end_of_do_I2C_RESET                    text32       000F54
__end_of_do_I2C_RX                       text18       000726
__end_of_do_I2C_SEND_ADR_READ            text26       000F3E
__end_of_do_I2C_SEND_ADR_WRITE           text25       000F28
__end_of_do_I2C_SEND_RESTART             text28       00105E
__end_of_do_I2C_SEND_RESTART_READ        text30       00107A
__end_of_do_I2C_SEND_RESTART_WRITE       text29       00106C
__end_of_do_I2C_SEND_STOP                text27       001050
__end_of_do_I2C_TX                       text19       00058A
__end_of_do_I2C_TX_EMPTY                 text33       0008E8
__end_of_getSpaces                       text1        0004F4
__end_of_i2c1_driver_TXData              text36       0010C8
__end_of_i2c1_driver_clearBusCollision   text107      00114A
__end_of_i2c1_driver_getRXData           text37       00114E
__end_of_i2c1_driver_isNACK              text35       000F6A
__end_of_i2c1_driver_open                text11       000EFC
__end_of_i2c1_driver_resetBus            text39       001180
__end_of_i2c1_driver_restart             text53       00115A
__end_of_i2c1_driver_sendACK             text54       00111A
__end_of_i2c1_driver_sendNACK            text38       001114
__end_of_i2c1_driver_setBusCollisionISR  text10       001018
__end_of_i2c1_driver_setI2cISR           text9        00100A
__end_of_i2c1_driver_start               text55       00115E
__end_of_i2c1_driver_startRX             text40       001152
__end_of_i2c1_driver_stop                text52       001156
__end_of_i2c_ISR                         text17       00098E
__end_of_i2c_busCollisionISR             text106      001144
__end_of_i2c_close                       text56       000DF8
__end_of_i2c_masterOperation             text13       000CC2
__end_of_i2c_masterRead                  text12       0010C0
__end_of_i2c_masterWrite                 text6        0010B8
__end_of_i2c_open                        text8        00045C
__end_of_i2c_poller                      text15       000E82
__end_of_i2c_readNBytes                  text7        000C90
__end_of_i2c_restartWrite                text45       00109C
__end_of_i2c_setAddressNACKCallback      text5        000E14
__end_of_i2c_setBuffer                   text51       000E9C
__end_of_i2c_setDataCompleteCallback     text49       000E30
__end_of_i2c_writeNBytes                 text4        000A26
__end_of_main                            text0        000230
__end_of_mssp1_IRQisEnabled              text14       000FA8
__end_of_mssp1_clearIRQ                  text58       001126
__end_of_mssp1_disableIRQ                text57       001120
__end_of_mssp1_setIRQ                    text34       00110E
__end_of_mssp1_waitForEvent              text16       000F12
__end_of_rd1RegCompleteHandler           text43       000BF2
__end_of_rd2RegCompleteHandler           text42       000BBC
__end_of_rdBlkRegCompleteHandler         text41       000A70
__end_of_readIoExpander                  text3        0003AC
__end_of_returnReset                     text46       0010A6
__end_of_returnStop                      text47       0010B0
__end_of_setCallBack                     text50       00079E
__end_of_updateExpanders                 text2        0002EE
__end_of_wr1RegCompleteHandler           text44       000C28
__end_of_wr2RegCompleteHandler           text48       000C5E
__end_ofi2_do_I2C_DO_ACK                 text74       0010E0
__end_ofi2_do_I2C_DO_ADDRESS_NACK        text71       000B00
__end_ofi2_do_I2C_DO_NACK_RESTART        text72       0010D0
__end_ofi2_do_I2C_DO_NACK_STOP           text73       0010D8
__end_ofi2_do_I2C_IDLE                   text82       001092
__end_ofi2_do_I2C_RCEN                   text75       001086
__end_ofi2_do_I2C_RESET                  text83       000FFC
__end_ofi2_do_I2C_RX                     text69       00088A
__end_ofi2_do_I2C_SEND_ADR_READ          text77       000FEC
__end_ofi2_do_I2C_SEND_ADR_WRITE         text76       000FDC
__end_ofi2_do_I2C_SEND_RESTART           text79       0010F0
__end_ofi2_do_I2C_SEND_RESTART_READ      text81       001100
__end_ofi2_do_I2C_SEND_RESTART_WRITE     text80       0010F8
__end_ofi2_do_I2C_SEND_STOP              text78       0010E8
__end_ofi2_do_I2C_TX                     text70       0006AC
__end_ofi2_do_I2C_TX_EMPTY               text84       000940
__end_ofi2_i2c1_driver_TXData            text87       001108
__end_ofi2_i2c1_driver_getRXData         text88       001166
__end_ofi2_i2c1_driver_isNACK            text86       000F96
__end_ofi2_i2c1_driver_resetBus          text90       001182
__end_ofi2_i2c1_driver_restart           text104      00117E
__end_ofi2_i2c1_driver_sendACK           text105      00113E
__end_ofi2_i2c1_driver_sendNACK          text89       001138
__end_ofi2_i2c1_driver_startRX           text91       00116A
__end_ofi2_i2c1_driver_stop              text103      00117A
__end_ofi2_i2c_ISR                       text67       000AB8
__end_ofi2_i2c_restartWrite              text96       00116E
__end_ofi2_i2c_setBuffer                 text102      000EB6
__end_ofi2_i2c_setDataCompleteCallback   text100      000E68
__end_ofi2_mssp1_clearIRQ                text68       00112C
__end_ofi2_mssp1_setIRQ                  text85       001132
__end_ofi2_rd1RegCompleteHandler         text94       000D52
__end_ofi2_rd2RegCompleteHandler         text93       000D22
__end_ofi2_rdBlkRegCompleteHandler       text92       000B44
__end_ofi2_returnReset                   text97       001172
__end_ofi2_returnStop                    text98       001176
__end_ofi2_setCallBack                   text101      000816
__end_ofi2_wr1RegCompleteHandler         text95       000D82
__end_ofi2_wr2RegCompleteHandler         text99       000DB2
__initialization                         cinit        000B44
__mediumconst                            mediumconst  000000
__pbssBANK0                              bssBANK0     000060
__pbssCOMRAM                             bssCOMRAM    000041
__pcinit                                 cinit        000B44
__pcstackBANK0                           cstackBANK0  0000C2
__pcstackCOMRAM                          cstackCOMRAM 000001
__pdataBANK0                             dataBANK0    000092
__pidataBANK0                            idataBANK0   000CC2
__pintcode                               intcode      000008
__ptext0                                 text0        0000E0
__ptext1                                 text1        00045C
__ptext10                                text10       00100A
__ptext100                               text100      000E4C
__ptext101                               text101      00079E
__ptext102                               text102      000E9C
__ptext103                               text103      001176
__ptext104                               text104      00117A
__ptext105                               text105      001138
__ptext106                               text106      00113E
__ptext107                               text107      001144
__ptext108                               text108      000000
__ptext11                                text11       000EE6
__ptext12                                text12       0010B8
__ptext13                                text13       000C90
__ptext14                                text14       000F96
__ptext15                                text15       000E68
__ptext16                                text16       000EFC
__ptext17                                text17       000940
__ptext18                                text18       0006AC
__ptext19                                text19       0004F4
__ptext2                                 text2        000230
__ptext20                                text20       00098E
__ptext21                                text21       001018
__ptext22                                text22       001026
__ptext23                                text23       001034
__ptext24                                text24       000FA8
__ptext25                                text25       000F12
__ptext26                                text26       000F28
__ptext27                                text27       001042
__ptext28                                text28       001050
__ptext29                                text29       00105E
__ptext3                                 text3        0002EE
__ptext30                                text30       00106C
__ptext31                                text31       000FBA
__ptext32                                text32       000F3E
__ptext33                                text33       00088A
__ptext34                                text34       001108
__ptext35                                text35       000F54
__ptext36                                text36       0010C0
__ptext37                                text37       00114A
__ptext38                                text38       00110E
__ptext39                                text39       00117E
__ptext4                                 text4        0009DC
__ptext40                                text40       00114E
__ptext41                                text41       000A26
__ptext42                                text42       000B86
__ptext43                                text43       000BBC
__ptext44                                text44       000BF2
__ptext45                                text45       001092
__ptext46                                text46       00109C
__ptext47                                text47       0010A6
__ptext48                                text48       000C28
__ptext49                                text49       000E14
__ptext5                                 text5        000DF8
__ptext50                                text50       000726
__ptext51                                text51       000E82
__ptext52                                text52       001152
__ptext53                                text53       001156
__ptext54                                text54       001114
__ptext55                                text55       00115A
__ptext56                                text56       000DDA
__ptext57                                text57       00111A
__ptext58                                text58       001120
__ptext59                                text59       000DB2
__ptext6                                 text6        0010B0
__ptext60                                text60       000F6A
__ptext61                                text61       000E30
__ptext62                                text62       00058A
__ptext63                                text63       000EB6
__ptext64                                text64       00115E
__ptext65                                text65       000ECE
__ptext67                                text67       000A70
__ptext68                                text68       001126
__ptext69                                text69       000816
__ptext7                                 text7        000C5E
__ptext70                                text70       00061C
__ptext71                                text71       000AB8
__ptext72                                text72       0010C8
__ptext73                                text73       0010D0
__ptext74                                text74       0010D8
__ptext75                                text75       00107A
__ptext76                                text76       000FCC
__ptext77                                text77       000FDC
__ptext78                                text78       0010E0
__ptext79                                text79       0010E8
__ptext8                                 text8        0003AC
__ptext80                                text80       0010F0
__ptext81                                text81       0010F8
__ptext82                                text82       001086
__ptext83                                text83       000FEC
__ptext84                                text84       0008E8
__ptext85                                text85       00112C
__ptext86                                text86       000F80
__ptext87                                text87       001100
__ptext88                                text88       001162
__ptext89                                text89       001132
__ptext9                                 text9        000FFC
__ptext90                                text90       001180
__ptext91                                text91       001166
__ptext92                                text92       000B00
__ptext93                                text93       000CF2
__ptext94                                text94       000D22
__ptext95                                text95       000D52
__ptext96                                text96       00116A
__ptext97                                text97       00116E
__ptext98                                text98       001172
__ptext99                                text99       000D82
__ramtop                                 ramtop       000F00
__size_of_EUSART2_Initialize             (abs)        000000
__size_of_INTERRUPT_Initialize           (abs)        000000
__size_of_INTERRUPT_InterruptManager     (abs)        000000
__size_of_OSCILLATOR_Initialize          (abs)        000000
__size_of_PIN_MANAGER_Initialize         (abs)        000000
__size_of_PMD_Initialize                 (abs)        000000
__size_of_SYSTEM_Initialize              (abs)        000000
__size_of_abs                            (abs)        000000
__size_of_do_I2C_DO_ACK                  (abs)        000000
__size_of_do_I2C_DO_ADDRESS_NACK         (abs)        000000
__size_of_do_I2C_DO_NACK_RESTART         (abs)        000000
__size_of_do_I2C_DO_NACK_STOP            (abs)        000000
__size_of_do_I2C_IDLE                    (abs)        000000
__size_of_do_I2C_RCEN                    (abs)        000000
__size_of_do_I2C_RESET                   (abs)        000000
__size_of_do_I2C_RX                      (abs)        000000
__size_of_do_I2C_SEND_ADR_READ           (abs)        000000
__size_of_do_I2C_SEND_ADR_WRITE          (abs)        000000
__size_of_do_I2C_SEND_RESTART            (abs)        000000
__size_of_do_I2C_SEND_RESTART_READ       (abs)        000000
__size_of_do_I2C_SEND_RESTART_WRITE      (abs)        000000
__size_of_do_I2C_SEND_STOP               (abs)        000000
__size_of_do_I2C_TX                      (abs)        000000
__size_of_do_I2C_TX_EMPTY                (abs)        000000
__size_of_getSpaces                      (abs)        000000
__size_of_i2c1_driver_TXData             (abs)        000000
__size_of_i2c1_driver_clearBusCollision  (abs)        000000
__size_of_i2c1_driver_getRXData          (abs)        000000
__size_of_i2c1_driver_isNACK             (abs)        000000
__size_of_i2c1_driver_open               (abs)        000000
__size_of_i2c1_driver_resetBus           (abs)        000000
__size_of_i2c1_driver_restart            (abs)        000000
__size_of_i2c1_driver_sendACK            (abs)        000000
__size_of_i2c1_driver_sendNACK           (abs)        000000
__size_of_i2c1_driver_setBusCollisionISR (abs)        000000
__size_of_i2c1_driver_setI2cISR          (abs)        000000
__size_of_i2c1_driver_start              (abs)        000000
__size_of_i2c1_driver_startRX            (abs)        000000
__size_of_i2c1_driver_stop               (abs)        000000
__size_of_i2c_ISR                        (abs)        000000
__size_of_i2c_busCollisionISR            (abs)        000000
__size_of_i2c_close                      (abs)        000000
__size_of_i2c_masterOperation            (abs)        000000
__size_of_i2c_masterRead                 (abs)        000000
__size_of_i2c_masterWrite                (abs)        000000
__size_of_i2c_open                       (abs)        000000
__size_of_i2c_poller                     (abs)        000000
__size_of_i2c_readNBytes                 (abs)        000000
__size_of_i2c_restartWrite               (abs)        000000
__size_of_i2c_setAddressNACKCallback     (abs)        000000
__size_of_i2c_setBuffer                  (abs)        000000
__size_of_i2c_setDataCompleteCallback    (abs)        000000
__size_of_i2c_writeNBytes                (abs)        000000
__size_of_main                           (abs)        000000
__size_of_mssp1_IRQisEnabled             (abs)        000000
__size_of_mssp1_clearIRQ                 (abs)        000000
__size_of_mssp1_disableIRQ               (abs)        000000
__size_of_mssp1_setIRQ                   (abs)        000000
__size_of_mssp1_waitForEvent             (abs)        000000
__size_of_rd1RegCompleteHandler          (abs)        000000
__size_of_rd2RegCompleteHandler          (abs)        000000
__size_of_rdBlkRegCompleteHandler        (abs)        000000
__size_of_readIoExpander                 (abs)        000000
__size_of_returnReset                    (abs)        000000
__size_of_returnStop                     (abs)        000000
__size_of_setCallBack                    (abs)        000000
__size_of_updateExpanders                (abs)        000000
__size_of_wr1RegCompleteHandler          (abs)        000000
__size_of_wr2RegCompleteHandler          (abs)        000000
__size_ofi2_do_I2C_DO_ACK                (abs)        000000
__size_ofi2_do_I2C_DO_ADDRESS_NACK       (abs)        000000
__size_ofi2_do_I2C_DO_NACK_RESTART       (abs)        000000
__size_ofi2_do_I2C_DO_NACK_STOP          (abs)        000000
__size_ofi2_do_I2C_IDLE                  (abs)        000000
__size_ofi2_do_I2C_RCEN                  (abs)        000000
__size_ofi2_do_I2C_RESET                 (abs)        000000
__size_ofi2_do_I2C_RX                    (abs)        000000
__size_ofi2_do_I2C_SEND_ADR_READ         (abs)        000000
__size_ofi2_do_I2C_SEND_ADR_WRITE        (abs)        000000
__size_ofi2_do_I2C_SEND_RESTART          (abs)        000000
__size_ofi2_do_I2C_SEND_RESTART_READ     (abs)        000000
__size_ofi2_do_I2C_SEND_RESTART_WRITE    (abs)        000000
__size_ofi2_do_I2C_SEND_STOP             (abs)        000000
__size_ofi2_do_I2C_TX                    (abs)        000000
__size_ofi2_do_I2C_TX_EMPTY              (abs)        000000
__size_ofi2_i2c1_driver_TXData           (abs)        000000
__size_ofi2_i2c1_driver_getRXData        (abs)        000000
__size_ofi2_i2c1_driver_isNACK           (abs)        000000
__size_ofi2_i2c1_driver_resetBus         (abs)        000000
__size_ofi2_i2c1_driver_restart          (abs)        000000
__size_ofi2_i2c1_driver_sendACK          (abs)        000000
__size_ofi2_i2c1_driver_sendNACK         (abs)        000000
__size_ofi2_i2c1_driver_startRX          (abs)        000000
__size_ofi2_i2c1_driver_stop             (abs)        000000
__size_ofi2_i2c_ISR                      (abs)        000000
__size_ofi2_i2c_restartWrite             (abs)        000000
__size_ofi2_i2c_setBuffer                (abs)        000000
__size_ofi2_i2c_setDataCompleteCallback  (abs)        000000
__size_ofi2_mssp1_clearIRQ               (abs)        000000
__size_ofi2_mssp1_setIRQ                 (abs)        000000
__size_ofi2_rd1RegCompleteHandler        (abs)        000000
__size_ofi2_rd2RegCompleteHandler        (abs)        000000
__size_ofi2_rdBlkRegCompleteHandler      (abs)        000000
__size_ofi2_returnReset                  (abs)        000000
__size_ofi2_returnStop                   (abs)        000000
__size_ofi2_setCallBack                  (abs)        000000
__size_ofi2_wr1RegCompleteHandler        (abs)        000000
__size_ofi2_wr2RegCompleteHandler        (abs)        000000
__smallconst                             smallconst   000000
_abs                                     text59       000DB2
_do_I2C_DO_ACK                           text23       001034
_do_I2C_DO_ACK$intlevel0                 text23       00103A
_do_I2C_DO_ADDRESS_NACK                  text20       00098E
_do_I2C_DO_ADDRESS_NACK$intlevel0        text20       000994
_do_I2C_DO_NACK_RESTART                  text21       001018
_do_I2C_DO_NACK_RESTART$intlevel0        text21       00101E
_do_I2C_DO_NACK_STOP                     text22       001026
_do_I2C_DO_NACK_STOP$intlevel0           text22       00102C
_do_I2C_IDLE                             text31       000FBA
_do_I2C_IDLE$intlevel0                   text31       000FC0
_do_I2C_RCEN                             text24       000FA8
_do_I2C_RCEN$intlevel0                   text24       000FAE
_do_I2C_RESET                            text32       000F3E
_do_I2C_RESET$intlevel0                  text32       000F44
_do_I2C_RX                               text18       0006AC
_do_I2C_RX$intlevel0                     text18       0006B2
_do_I2C_SEND_ADR_READ                    text26       000F28
_do_I2C_SEND_ADR_READ$intlevel0          text26       000F2E
_do_I2C_SEND_ADR_WRITE                   text25       000F12
_do_I2C_SEND_ADR_WRITE$intlevel0         text25       000F18
_do_I2C_SEND_RESTART                     text28       001050
_do_I2C_SEND_RESTART$intlevel0           text28       001056
_do_I2C_SEND_RESTART_READ                text30       00106C
_do_I2C_SEND_RESTART_READ$intlevel0      text30       001072
_do_I2C_SEND_RESTART_WRITE               text29       00105E
_do_I2C_SEND_RESTART_WRITE$intlevel0     text29       001064
_do_I2C_SEND_STOP                        text27       001042
_do_I2C_SEND_STOP$intlevel0              text27       001048
_do_I2C_TX                               text19       0004F4
_do_I2C_TX$1036                          cstackCOMRAM 000017
_do_I2C_TX$intlevel0                     text19       0004FA
_do_I2C_TX_EMPTY                         text33       00088A
_do_I2C_TX_EMPTY$intlevel0               text33       000890
_fsmStateTable                           dataBANK0    000092
_getSpaces                               text1        00045C
_i2c1_driver_TXData                      text36       0010C0
_i2c1_driver_busCollisionISR             bssCOMRAM    000044
_i2c1_driver_clearBusCollision           text107      001144
_i2c1_driver_getRXData                   text37       00114A
_i2c1_driver_i2cISR                      bssCOMRAM    000041
_i2c1_driver_isNACK                      text35       000F54
_i2c1_driver_open                        text11       000EE6
_i2c1_driver_resetBus                    text39       00117E
_i2c1_driver_restart                     text53       001156
_i2c1_driver_sendACK                     text54       001114
_i2c1_driver_sendNACK                    text38       00110E
_i2c1_driver_setBusCollisionISR          text10       00100A
_i2c1_driver_setI2cISR                   text9        000FFC
_i2c1_driver_start                       text55       00115A
_i2c1_driver_startRX                     text40       00114E
_i2c1_driver_stop                        text52       001152
_i2c_ISR                                 text17       000940
_i2c_ISR$intlevel0                       text17       000946
_i2c_busCollisionISR                     text106      00113E
_i2c_close                               text56       000DDA
_i2c_masterOperation                     text13       000C90
_i2c_masterRead                          text12       0010B8
[...]
      Locals:         0       0       0       0       0       0       0       0       0       0       0       0       0       0       0       0
      Temps:          0       0       0       0       0       0       0       0       0       0       0       0       0       0       0       0
      Totals:         2       0       0       0       0       0       0       0       0       0       0       0       0       0       0       0
Total ram usage:        2 bytes
 Hardware stack levels used:    1
 Hardware stack levels required when called:    2
 This function calls:
		i2_i2c_setBuffer
		i2_i2c_setDataCompleteCallback
 This function is called by:
 This function uses a non-reentrant model


 *************** function i2_i2c_setDataCompleteCallback *****************
 Defined at:
		line 89 in file "mcc_generated_files/drivers/i2c_master.c"
 Parameters:    Size  Location     Type
  cb              3    6[COMRAM] PTR FTN(PTR void ,)enum 
		 -> rdBlkRegCompleteHandler(1), wr2RegCompleteHandler(1), rd2RegCompleteHandler(1), rd1RegCompleteHandler(1), 
		 -> wr1RegCompleteHandler(1), Absolute function(1), 
  p               2    9[COMRAM] PTR void 
		 -> i2c_readDataBlock@d(4), i2c_write2ByteRegister@data(2), i2c_read2ByteRegister@result(2), i2c_read1ByteRegister@d2(1), 
		 -> i2c_write1ByteRegister@data(1), NULL(0), 
 Auto vars:     Size  Location     Type
		None
 Return value:  Size  Location     Type
                  1    wreg      void 
 Registers used:
		wreg, fsr2l, fsr2h, status,2, status,0, prodl, prodh, cstack
 Tracked objects:
		On entry : 
		On exit  : 
		Unchanged: 
 Data sizes:     COMRAM   BANK0   BANK1   BANK2   BANK3   BANK4   BANK5   BANK6   BANK7   BANK8   BANK9  BANK10  BANK11  BANK12  BANK13  BANK14
      Params:         5       0       0       0       0       0       0       0       0       0       0       0       0       0       0       0
      Locals:         0       0       0       0       0       0       0       0       0       0       0       0       0       0       0       0
      Temps:          0       0       0       0       0       0       0       0       0       0       0       0       0       0       0       0
      Totals:         5       0       0       0       0       0       0       0       0       0       0       0       0       0       0       0
Total ram usage:        5 bytes
 Hardware stack levels used:    1
 Hardware stack levels required when called:    1
 This function calls:
		i2_setCallBack
 This function is called by:
		i2_wr1RegCompleteHandler
		i2_rd1RegCompleteHandler
		i2_rd2RegCompleteHandler
		i2_wr2RegCompleteHandler
		i2_rdBlkRegCompleteHandler
 This function uses a non-reentrant model


 *************** function i2_setCallBack *****************
 Defined at:
		line 453 in file "mcc_generated_files/drivers/i2c_master.c"
 Parameters:    Size  Location     Type
  idx             1    wreg     enum E11974
  cb              3    0[COMRAM] PTR FTN(PTR void ,)enum 
		 -> rdBlkRegCompleteHandler(1), wr2RegCompleteHandler(1), rd2RegCompleteHandler(1), rd1RegCompleteHandler(1), 
		 -> wr1RegCompleteHandler(1), i2c_restartWrite(1), Absolute function(1), 
  p               2    3[COMRAM] PTR void 
		 -> i2c_readDataBlock@d(4), i2c_write2ByteRegister@data(2), i2c_read2ByteRegister@result(2), i2c_read1ByteRegister@d2(1), 
		 -> i2c_write1ByteRegister@data(1), NULL(0), 
 Auto vars:     Size  Location     Type
  idx             1    5[COMRAM] enum E11974
 Return value:  Size  Location     Type
                  1    wreg      void 
 Registers used:
		wreg, fsr2l, fsr2h, status,2, status,0, prodl, prodh
 Tracked objects:
		On entry : 
		On exit  : 
		Unchanged: 
 Data sizes:     COMRAM   BANK0   BANK1   BANK2   BANK3   BANK4   BANK5   BANK6   BANK7   BANK8   BANK9  BANK10  BANK11  BANK12  BANK13  BANK14
      Params:         5       0       0       0       0       0       0       0       0       0       0       0       0       0       0       0
      Locals:         1       0       0       0       0       0       0       0       0       0       0       0       0       0       0       0
      Temps:          0       0       0       0       0       0       0       0       0       0       0       0       0       0       0       0
      Totals:         6       0       0       0       0       0       0       0       0       0       0       0       0       0       0       0
Total ram usage:        6 bytes
 Hardware stack levels used:    1
 This function calls:
		Nothing
 This function is called by:
		i2_i2c_setDataCompleteCallback
 This function uses a non-reentrant model


 *************** function i2_i2c_setBuffer *****************
 Defined at:
		line 184 in file "mcc_generated_files/drivers/i2c_master.c"
 Parameters:    Size  Location     Type
  buffer          2    0[COMRAM] PTR void 
		 -> readIoExpander@rec(1), readIoExpander@data(2), i2c_readDataBlock@reg(1), i2c_readDataBlock@d(4), 
		 -> i2c_write2ByteRegister@reg(1), i2c_write2ByteRegister@data(2), i2c_read2ByteRegister@reg(1), i2c_read2ByteRegister@result(2), 
		 -> i2c_read1ByteRegister@reg(1), i2c_read1ByteRegister@d2(1), i2c_write1ByteRegister@reg(1), i2c_write1ByteRegister@data(1), 
		 -> NULL(0), 
  bufferSize      2    2[COMRAM] unsigned int 
 Auto vars:     Size  Location     Type
		None
 Return value:  Size  Location     Type
                  1    wreg      void 
 Registers used:
		wreg, status,2, status,0
 Tracked objects:
		On entry : 
		On exit  : 
		Unchanged: 
 Data sizes:     COMRAM   BANK0   BANK1   BANK2   BANK3   BANK4   BANK5   BANK6   BANK7   BANK8   BANK9  BANK10  BANK11  BANK12  BANK13  BANK14
      Params:         4       0       0       0       0       0       0       0       0       0       0       0       0       0       0       0
      Locals:         0       0       0       0       0       0       0       0       0       0       0       0       0       0       0       0
      Temps:          0       0       0       0       0       0       0       0       0       0       0       0       0       0       0       0
      Totals:         4       0       0       0       0       0       0       0       0       0       0       0       0       0       0       0
Total ram usage:        4 bytes
 Hardware stack levels used:    1
 This function calls:
		Nothing
 This function is called by:
		i2_wr1RegCompleteHandler
		i2_rd1RegCompleteHandler
		i2_rd2RegCompleteHandler
		i2_wr2RegCompleteHandler
		i2_rdBlkRegCompleteHandler
 This function uses a non-reentrant model


 *************** function i2_i2c1_driver_stop *****************
 Defined at:
		line 156 in file "mcc_generated_files/i2c1_driver.c"
 Parameters:    Size  Location     Type
		None
 Auto vars:     Size  Location     Type
		None
 Return value:  Size  Location     Type
                  1    wreg      void 
 Registers used:
		None
 Tracked objects:
		On entry : 
		On exit  : 
		Unchanged: 
 Data sizes:     COMRAM   BANK0   BANK1   BANK2   BANK3   BANK4   BANK5   BANK6   BANK7   BANK8   BANK9  BANK10  BANK11  BANK12  BANK13  BANK14
      Params:         0       0       0       0       0       0       0       0       0       0       0       0       0       0       0       0
      Locals:         0       0       0       0       0       0       0       0       0       0       0       0       0       0       0       0
      Temps:          0       0       0       0       0       0       0       0       0       0       0       0       0       0       0       0
      Totals:         0       0       0       0       0       0       0       0       0       0       0       0       0       0       0       0
Total ram usage:        0 bytes
 Hardware stack levels used:    1
 This function calls:
		Nothing
 This function is called by:
		i2_do_I2C_SEND_STOP
 This function uses a non-reentrant model


 *************** function i2_i2c1_driver_restart *****************
 Defined at:
		line 151 in file "mcc_generated_files/i2c1_driver.c"
 Parameters:    Size  Location     Type
		None
 Auto vars:     Size  Location     Type
		None
 Return value:  Size  Location     Type
                  1    wreg      void 
 Registers used:
		None
 Tracked objects:
		On entry : 
		On exit  : 
		Unchanged: 
 Data sizes:     COMRAM   BANK0   BANK1   BANK2   BANK3   BANK4   BANK5   BANK6   BANK7   BANK8   BANK9  BANK10  BANK11  BANK12  BANK13  BANK14
      Params:         0       0       0       0       0       0       0       0       0       0       0       0       0       0       0       0
      Locals:         0       0       0       0       0       0       0       0       0       0       0       0       0       0       0       0
      Temps:          0       0       0       0       0       0       0       0       0       0       0       0       0       0       0       0
      Totals:         0       0       0       0       0       0       0       0       0       0       0       0       0       0       0       0
Total ram usage:        0 bytes
 Hardware stack levels used:    1
 This function calls:
		Nothing
 This function is called by:
		i2_do_I2C_SEND_RESTART_READ
		i2_do_I2C_SEND_RESTART_WRITE
		i2_do_I2C_SEND_RESTART
 This function uses a non-reentrant model


 *************** function i2_i2c1_driver_sendACK *****************
 Defined at:
		line 196 in file "mcc_generated_files/i2c1_driver.c"
 Parameters:    Size  Location     Type
		None
 Auto vars:     Size  Location     Type
		None
 Return value:  Size  Location     Type
                  1    wreg      void 
 Registers used:
		None
 Tracked objects:
		On entry : 
		On exit  : 
		Unchanged: 
 Data sizes:     COMRAM   BANK0   BANK1   BANK2   BANK3   BANK4   BANK5   BANK6   BANK7   BANK8   BANK9  BANK10  BANK11  BANK12  BANK13  BANK14
      Params:         0       0       0       0       0       0       0       0       0       0       0       0       0       0       0       0
      Locals:         0       0       0       0       0       0       0       0       0       0       0       0       0       0       0       0
      Temps:          0       0       0       0       0       0       0       0       0       0       0       0       0       0       0       0
      Totals:         0       0       0       0       0       0       0       0       0       0       0       0       0       0       0       0
Total ram usage:        0 bytes
 Hardware stack levels used:    1
 This function calls:
		Nothing
 This function is called by:
		i2_do_I2C_DO_ACK
		i2_do_I2C_RX
 This function uses a non-reentrant model


 *************** function _i2c_busCollisionISR *****************
 Defined at:
		line 435 in file "mcc_generated_files/drivers/i2c_master.c"
 Parameters:    Size  Location     Type
		None
 Auto vars:     Size  Location     Type
		None
 Return value:  Size  Location     Type
                  1    wreg      void 
 Registers used:
		cstack
 Tracked objects:
		On entry : 
		On exit  : 
		Unchanged: 
 Data sizes:     COMRAM   BANK0   BANK1   BANK2   BANK3   BANK4   BANK5   BANK6   BANK7   BANK8   BANK9  BANK10  BANK11  BANK12  BANK13  BANK14
      Params:         0       0       0       0       0       0       0       0       0       0       0       0       0       0       0       0
      Locals:         0       0       0       0       0       0       0       0       0       0       0       0       0       0       0       0
      Temps:          0       0       0       0       0       0       0       0       0       0       0       0       0       0       0       0
      Totals:         0       0       0       0       0       0       0       0       0       0       0       0       0       0       0       0
Total ram usage:        0 bytes
 Hardware stack levels used:    1
 Hardware stack levels required when called:    1
 This function calls:
		_i2c1_driver_clearBusCollision
 This function is called by:
		_i2c_open
		_INTERRUPT_InterruptManager
 This function uses a non-reentrant model


 *************** function _i2c1_driver_clearBusCollision *****************
 Defined at:
		line 253 in file "mcc_generated_files/i2c1_driver.c"
 Parameters:    Size  Location     Type
		None
 Auto vars:     Size  Location     Type
		None
 Return value:  Size  Location     Type
                  1    wreg      void 
 Registers used:
		None
 Tracked objects:
		On entry : 
		On exit  : 
		Unchanged: 
 Data sizes:     COMRAM   BANK0   BANK1   BANK2   BANK3   BANK4   BANK5   BANK6   BANK7   BANK8   BANK9  BANK10  BANK11  BANK12  BANK13  BANK14
      Params:         0       0       0       0       0       0       0       0       0       0       0       0       0       0       0       0
      Locals:         0       0       0       0       0       0       0       0       0       0       0       0       0       0       0       0
      Temps:          0       0       0       0       0       0       0       0       0       0       0       0       0       0       0       0
      Totals:         0       0       0       0       0       0       0       0       0       0       0       0       0       0       0       0
Total ram usage:        0 bytes
 Hardware stack levels used:    1
 This function calls:
		Nothing
 This function is called by:
		_i2c_busCollisionISR
 This function uses a non-reentrant model



MODULE INFORMATION

Module		Function		Class		Link	Load	Size
mcc_generated_files/eusart2.c
		_EUSART2_Initialize		CODE           	0ECE	0000	25

mcc_generated_files/eusart2.c estimated size: 25

mcc_generated_files/interrupt_manager.c
		_INTERRUPT_Initialize		CODE           	115E	0000	5
		_INTERRUPT_InterruptManager		CODE           	0008	0000	213

mcc_generated_files/interrupt_manager.c estimated size: 218

mcc_generated_files/pin_manager.c
		_PIN_MANAGER_Initialize		CODE           	058A	0000	147

mcc_generated_files/pin_manager.c estimated size: 147

mcc_generated_files/drivers/i2c_simple_master.c
		_i2c_readNBytes		CODE           	0C5E	0000	51
		_wr1RegCompleteHandler		CODE           	0BF2	0000	55
		_wr2RegCompleteHandler		CODE           	0C28	0000	55
		_i2c_writeNBytes		CODE           	09DC	0000	75
		_rdBlkRegCompleteHandler		CODE           	0A26	0000	75
		_rd1RegCompleteHandler		CODE           	0BBC	0000	55
		_rd2RegCompleteHandler		CODE           	0B86	0000	55

mcc_generated_files/drivers/i2c_simple_master.c estimated size: 421

shared
		i2_returnReset 		CODE           	116E	0000	5
		i2_do_I2C_SEND_ADR_READ		CODE           	0FDC	0000	17
		i2_do_I2C_DO_NACK_STOP		CODE           	10D0	0000	9
		i2_mssp1_clearIRQ		CODE           	1126	0000	7
		i2_setCallBack 		CODE           	079E	0000	121
		i2_do_I2C_SEND_RESTART		CODE           	10E8	0000	9
		i2_i2c_restartWrite		CODE           	116A	0000	5
		i2_do_I2C_TX_EMPTY		CODE           	08E8	0000	89
		i2_do_I2C_DO_NACK_RESTART		CODE           	10C8	0000	9
		i2_do_I2C_SEND_RESTART_READ		CODE           	10F8	0000	9
		i2_do_I2C_DO_ADDRESS_NACK		CODE           	0AB8	0000	73
		i2_rd1RegCompleteHandler		CODE           	0D22	0000	49
		i2_do_I2C_RX   		CODE           	0816	0000	117
		i2_do_I2C_TX   		CODE           	061C	0000	145
		i2_i2c_ISR     		CODE           	0A70	0000	73
		i2_i2c1_driver_sendNACK		CODE           	1132	0000	7
		i2_do_I2C_IDLE 		CODE           	1086	0000	13
		i2_do_I2C_RCEN 		CODE           	107A	0000	13
		i2_i2c1_driver_isNACK		CODE           	0F80	0000	23
		__initialization		CODE           	0B44	0000	57
		i2_mssp1_setIRQ		CODE           	112C	0000	7
		i2_i2c1_driver_restart		CODE           	117A	0000	5
		i2_i2c1_driver_stop		CODE           	1176	0000	5
		i2_rd2RegCompleteHandler		CODE           	0CF2	0000	49
		i2_i2c_setDataCompleteCallback		CODE           	0E4C	0000	29
		i2_do_I2C_RESET		CODE           	0FEC	0000	17
		i2_i2c1_driver_startRX		CODE           	1166	0000	5
		i2_i2c1_driver_resetBus		CODE           	1180	0000	3
		i2_i2c1_driver_sendACK		CODE           	1138	0000	7
		i2_do_I2C_SEND_RESTART_WRITE		CODE           	10F0	0000	9
		i2_do_I2C_DO_ACK		CODE           	10D8	0000	9
		i2_do_I2C_SEND_ADR_WRITE		CODE           	0FCC	0000	17
		i2_i2c1_driver_getRXData		CODE           	1162	0000	5
		i2_wr1RegCompleteHandler		CODE           	0D52	0000	49
		i2_do_I2C_SEND_STOP		CODE           	10E0	0000	9
		i2_i2c1_driver_TXData		CODE           	1100	0000	9
		i2_i2c_setBuffer		CODE           	0E9C	0000	27
		i2_rdBlkRegCompleteHandler		CODE           	0B00	0000	69
		i2_wr2RegCompleteHandler		CODE           	0D82	0000	49
		i2_returnStop  		CODE           	1172	0000	5

shared estimated size: 1234

mcc_generated_files/mcc.c
		_PMD_Initialize		CODE           	0E30	0000	29
		_OSCILLATOR_Initialize		CODE           	0EB6	0000	25
		_SYSTEM_Initialize		CODE           	0F6A	0000	23

mcc_generated_files/mcc.c estimated size: 77

mcc_generated_files/drivers/i2c_master.c
		_i2c_setDataCompleteCallback		CODE           	0E14	0000	29
		_returnStop    		CODE           	10A6	0000	11
		_i2c_setBuffer 		CODE           	0E82	0000	27
		_i2c_busCollisionISR		CODE           	113E	0000	7
		_i2c_masterRead		CODE           	10B8	0000	9
		_i2c_ISR       		CODE           	0940	0000	79
		_i2c_close     		CODE           	0DDA	0000	31
		_i2c_masterOperation		CODE           	0C90	0000	51
		_do_I2C_TX_EMPTY		CODE           	088A	0000	95
		_setCallBack   		CODE           	0726	0000	121
		_returnReset   		CODE           	109C	0000	11
		_do_I2C_SEND_RESTART_WRITE		CODE           	105E	0000	15
		_i2c_poller    		CODE           	0E68	0000	27
		_i2c_masterWrite		CODE           	10B0	0000	9
		_do_I2C_DO_NACK_RESTART		CODE           	1018	0000	15
		_do_I2C_SEND_RESTART_READ		CODE           	106C	0000	15
		_i2c_setAddressNACKCallback		CODE           	0DF8	0000	29
		_do_I2C_SEND_ADR_WRITE		CODE           	0F12	0000	23
		_do_I2C_SEND_STOP		CODE           	1042	0000	15
		_i2c_open      		CODE           	03AC	0000	177
		_do_I2C_SEND_ADR_READ		CODE           	0F28	0000	23
		_do_I2C_DO_NACK_STOP		CODE           	1026	0000	15
		_do_I2C_SEND_RESTART		CODE           	1050	0000	15
		_do_I2C_RX     		CODE           	06AC	0000	123
		_do_I2C_TX     		CODE           	04F4	0000	151
		_do_I2C_IDLE   		CODE           	0FBA	0000	19
		_do_I2C_RCEN   		CODE           	0FA8	0000	19
		_do_I2C_DO_ADDRESS_NACK		CODE           	098E	0000	79
		_do_I2C_RESET  		CODE           	0F3E	0000	23
		_do_I2C_DO_ACK 		CODE           	1034	0000	15

mcc_generated_files/drivers/i2c_master.c estimated size: 1278

mcc_generated_files/drivers/i2c_types.c
		_i2c_restartWrite		CODE           	1092	0000	11

mcc_generated_files/drivers/i2c_types.c estimated size: 11

mcc_generated_files/i2c1_driver.c
		_mssp1_waitForEvent		CODE           	0EFC	0000	23
		_i2c1_driver_open		CODE           	0EE6	0000	23
		_mssp1_disableIRQ		CODE           	111A	0000	7
		_i2c1_driver_isNACK		CODE           	0F54	0000	23
		_i2c1_driver_stop		CODE           	1152	0000	5
		_i2c1_driver_getRXData		CODE           	114A	0000	5
		_i2c1_driver_TXData		CODE           	10C0	0000	9
		_i2c1_driver_setBusCollisionISR		CODE           	100A	0000	15
		_i2c1_driver_start		CODE           	115A	0000	5
		_i2c1_driver_sendACK		CODE           	1114	0000	7
		_mssp1_setIRQ  		CODE           	1108	0000	7
		_i2c1_driver_sendNACK		CODE           	110E	0000	7
		_i2c1_driver_restart		CODE           	1156	0000	5
		_i2c1_driver_resetBus		CODE           	117E	0000	3
		_i2c1_driver_clearBusCollision		CODE           	1144	0000	7
		_mssp1_clearIRQ		CODE           	1120	0000	7
		_i2c1_driver_startRX		CODE           	114E	0000	5
		_i2c1_driver_setI2cISR		CODE           	0FFC	0000	15
		_mssp1_IRQisEnabled		CODE           	0F96	0000	19

mcc_generated_files/i2c1_driver.c estimated size: 197

C:\Program Files (x86)\Microchip\xc8\v1.45\sources\common\abs.c
		_abs           		CODE           	0DB2	0000	41

C:\Program Files (x86)\Microchip\xc8\v1.45\sources\common\abs.c estimated size: 41

main.c
		_updateExpanders		CODE           	0230	0000	191
		_getSpaces     		CODE           	045C	0000	153
		_main          		CODE           	00E0	0000	337
		_readIoExpander		CODE           	02EE	0000	191

main.c estimated size: 872

