Archive member included to satisfy reference by file (symbol)

.\CortexM3\ARM_GCC_541\Debug\FinalProject.a(CyLib.o)
                              .\CortexM3\ARM_GCC_541\Debug\Cm3Start.o (CyHalt)
.\CortexM3\ARM_GCC_541\Debug\FinalProject.a(cyPm.o)
                              .\CortexM3\ARM_GCC_541\Debug\FinalProject.a(CyLib.o) (CyPmReadStatus)
.\CortexM3\ARM_GCC_541\Debug\FinalProject.a(lcd.o)
                              .\CortexM3\ARM_GCC_541\Debug\main.o (lcd_WriteControl)
.\CortexM3\ARM_GCC_541\Debug\FinalProject.a(servoPwm.o)
                              .\CortexM3\ARM_GCC_541\Debug\main.o (servoPwm_WriteCompare1)
.\CortexM3\ARM_GCC_541\Debug\FinalProject.a(enc.o)
                              .\CortexM3\ARM_GCC_541\Debug\main.o (enc_GetCounter)
.\CortexM3\ARM_GCC_541\Debug\FinalProject.a(enc_INT.o)
                              .\CortexM3\ARM_GCC_541\Debug\FinalProject.a(enc.o) (enc_ISR)
.\CortexM3\ARM_GCC_541\Debug\FinalProject.a(enc_Cnt16.o)
                              .\CortexM3\ARM_GCC_541\Debug\FinalProject.a(enc.o) (enc_Cnt16_Stop)
.\CortexM3\ARM_GCC_541\Debug\FinalProject.a(motorPwm.o)
                              .\CortexM3\ARM_GCC_541\Debug\main.o (motorPwm_WriteCompare1)
.\CortexM3\ARM_GCC_541\Debug\FinalProject.a(mag.o)
                              .\CortexM3\ARM_GCC_541\Debug\main.o (mag_Write)
.\CortexM3\ARM_GCC_541\Debug\FinalProject.a(CyBootAsmGnu.o)
                              .\CortexM3\ARM_GCC_541\Debug\cyfitter_cfg.o (CyDelayCycles)
.\CortexM3\ARM_GCC_541\Debug\FinalProject.a(CyFlash.o)
                              .\CortexM3\ARM_GCC_541\Debug\FinalProject.a(cyPm.o) (CyFlash_SetWaitCycles)
.\CortexM3\ARM_GCC_541\Debug\FinalProject.a(CySpc.o)
                              .\CortexM3\ARM_GCC_541\Debug\FinalProject.a(CyFlash.o) (CySpcStart)
c:/program files (x86)/cypress/psoc creator/4.1/psoc creator/import/gnu/arm/5.4.1/bin/../lib/gcc/arm-none-eabi/5.4.1/armv7-m\libgcc.a(_arm_addsubsf3.o)
                              .\CortexM3\ARM_GCC_541\Debug\main.o (__aeabi_fadd)
c:/program files (x86)/cypress/psoc creator/4.1/psoc creator/import/gnu/arm/5.4.1/bin/../lib/gcc/arm-none-eabi/5.4.1/armv7-m\libgcc.a(_arm_muldivsf3.o)
                              .\CortexM3\ARM_GCC_541\Debug\main.o (__aeabi_fmul)
c:/program files (x86)/cypress/psoc creator/4.1/psoc creator/import/gnu/arm/5.4.1/bin/../lib/gcc/arm-none-eabi/5.4.1/armv7-m\libgcc.a(_arm_fixsfsi.o)
                              .\CortexM3\ARM_GCC_541\Debug\main.o (__aeabi_f2iz)
c:/program files (x86)/cypress/psoc creator/4.1/psoc creator/import/gnu/arm/5.4.1/bin/../lib/gcc/arm-none-eabi/5.4.1/../../../../arm-none-eabi/lib/armv7-m\libg_nano.a(lib_a-errno.o)
                              .\CortexM3\ARM_GCC_541\Debug\Cm3Start.o (__errno)
c:/program files (x86)/cypress/psoc creator/4.1/psoc creator/import/gnu/arm/5.4.1/bin/../lib/gcc/arm-none-eabi/5.4.1/../../../../arm-none-eabi/lib/armv7-m\libg_nano.a(lib_a-exit.o)
                              c:/program files (x86)/cypress/psoc creator/4.1/psoc creator/import/gnu/arm/5.4.1/bin/../lib/gcc/arm-none-eabi/5.4.1/../../../../arm-none-eabi/lib/armv7-m/crt0.o (exit)
c:/program files (x86)/cypress/psoc creator/4.1/psoc creator/import/gnu/arm/5.4.1/bin/../lib/gcc/arm-none-eabi/5.4.1/../../../../arm-none-eabi/lib/armv7-m\libg_nano.a(lib_a-impure.o)
                              c:/program files (x86)/cypress/psoc creator/4.1/psoc creator/import/gnu/arm/5.4.1/bin/../lib/gcc/arm-none-eabi/5.4.1/../../../../arm-none-eabi/lib/armv7-m\libg_nano.a(lib_a-exit.o) (_global_impure_ptr)
c:/program files (x86)/cypress/psoc creator/4.1/psoc creator/import/gnu/arm/5.4.1/bin/../lib/gcc/arm-none-eabi/5.4.1/../../../../arm-none-eabi/lib/armv7-m\libg_nano.a(lib_a-init.o)
                              c:/program files (x86)/cypress/psoc creator/4.1/psoc creator/import/gnu/arm/5.4.1/bin/../lib/gcc/arm-none-eabi/5.4.1/../../../../arm-none-eabi/lib/armv7-m/crt0.o (__libc_init_array)
c:/program files (x86)/cypress/psoc creator/4.1/psoc creator/import/gnu/arm/5.4.1/bin/../lib/gcc/arm-none-eabi/5.4.1/../../../../arm-none-eabi/lib/armv7-m\libg_nano.a(lib_a-memcpy-stub.o)
                              .\CortexM3\ARM_GCC_541\Debug\cyfitter_cfg.o (memcpy)
c:/program files (x86)/cypress/psoc creator/4.1/psoc creator/import/gnu/arm/5.4.1/bin/../lib/gcc/arm-none-eabi/5.4.1/../../../../arm-none-eabi/lib/armv7-m\libg_nano.a(lib_a-memset.o)
                              c:/program files (x86)/cypress/psoc creator/4.1/psoc creator/import/gnu/arm/5.4.1/bin/../lib/gcc/arm-none-eabi/5.4.1/../../../../arm-none-eabi/lib/armv7-m/crt0.o (memset)

Allocating common symbols
Common symbol       size              file

dieTemperature      0x2               .\CortexM3\ARM_GCC_541\Debug\FinalProject.a(CyFlash.o)

Discarded input sections

 .text          0x00000000        0x0 c:/program files (x86)/cypress/psoc creator/4.1/psoc creator/import/gnu/arm/5.4.1/bin/../lib/gcc/arm-none-eabi/5.4.1/armv7-m/crti.o
 .data          0x00000000        0x0 c:/program files (x86)/cypress/psoc creator/4.1/psoc creator/import/gnu/arm/5.4.1/bin/../lib/gcc/arm-none-eabi/5.4.1/armv7-m/crti.o
 .bss           0x00000000        0x0 c:/program files (x86)/cypress/psoc creator/4.1/psoc creator/import/gnu/arm/5.4.1/bin/../lib/gcc/arm-none-eabi/5.4.1/armv7-m/crti.o
 .data          0x00000000        0x4 c:/program files (x86)/cypress/psoc creator/4.1/psoc creator/import/gnu/arm/5.4.1/bin/../lib/gcc/arm-none-eabi/5.4.1/armv7-m/crtbegin.o
 .text          0x00000000       0x74 c:/program files (x86)/cypress/psoc creator/4.1/psoc creator/import/gnu/arm/5.4.1/bin/../lib/gcc/arm-none-eabi/5.4.1/../../../../arm-none-eabi/lib/armv7-m/crt0.o
 .data          0x00000000        0x0 c:/program files (x86)/cypress/psoc creator/4.1/psoc creator/import/gnu/arm/5.4.1/bin/../lib/gcc/arm-none-eabi/5.4.1/../../../../arm-none-eabi/lib/armv7-m/crt0.o
 .bss           0x00000000        0x0 c:/program files (x86)/cypress/psoc creator/4.1/psoc creator/import/gnu/arm/5.4.1/bin/../lib/gcc/arm-none-eabi/5.4.1/../../../../arm-none-eabi/lib/armv7-m/crt0.o
 .ARM.extab     0x00000000        0x0 c:/program files (x86)/cypress/psoc creator/4.1/psoc creator/import/gnu/arm/5.4.1/bin/../lib/gcc/arm-none-eabi/5.4.1/../../../../arm-none-eabi/lib/armv7-m/crt0.o
 .ARM.exidx     0x00000000        0x8 c:/program files (x86)/cypress/psoc creator/4.1/psoc creator/import/gnu/arm/5.4.1/bin/../lib/gcc/arm-none-eabi/5.4.1/../../../../arm-none-eabi/lib/armv7-m/crt0.o
 .text          0x00000000        0x0 .\CortexM3\ARM_GCC_541\Debug\main.o
 .data          0x00000000        0x0 .\CortexM3\ARM_GCC_541\Debug\main.o
 .bss           0x00000000        0x0 .\CortexM3\ARM_GCC_541\Debug\main.o
 .text          0x00000000        0x0 .\CortexM3\ARM_GCC_541\Debug\cyfitter_cfg.o
 .data          0x00000000        0x0 .\CortexM3\ARM_GCC_541\Debug\cyfitter_cfg.o
 .bss           0x00000000        0x0 .\CortexM3\ARM_GCC_541\Debug\cyfitter_cfg.o
 .text.SetAnalogRoutingPumps
                0x00000000       0x10 .\CortexM3\ARM_GCC_541\Debug\cyfitter_cfg.o
 .text          0x00000000        0x0 .\CortexM3\ARM_GCC_541\Debug\cymetadata.o
 .data          0x00000000        0x0 .\CortexM3\ARM_GCC_541\Debug\cymetadata.o
 .bss           0x00000000        0x0 .\CortexM3\ARM_GCC_541\Debug\cymetadata.o
 .text          0x00000000        0x0 .\CortexM3\ARM_GCC_541\Debug\Cm3Start.o
 .data          0x00000000        0x4 .\CortexM3\ARM_GCC_541\Debug\Cm3Start.o
 .bss           0x00000000        0x0 .\CortexM3\ARM_GCC_541\Debug\Cm3Start.o
 .text._exit    0x00000000        0xc .\CortexM3\ARM_GCC_541\Debug\Cm3Start.o
 .text._sbrk    0x00000000       0x30 .\CortexM3\ARM_GCC_541\Debug\Cm3Start.o
 .text          0x00000000        0x0 .\CortexM3\ARM_GCC_541\Debug\FinalProject.a(CyLib.o)
 .bss           0x00000000       0x1c .\CortexM3\ARM_GCC_541\Debug\FinalProject.a(CyLib.o)
 .text.CyUSB_PowerOnCheck
                0x00000000       0x48 .\CortexM3\ARM_GCC_541\Debug\FinalProject.a(CyLib.o)
 .text.CyBusClk_Internal_SetDivider
                0x00000000       0x48 .\CortexM3\ARM_GCC_541\Debug\FinalProject.a(CyLib.o)
 .text.CyPLL_OUT_Stop
                0x00000000       0x10 .\CortexM3\ARM_GCC_541\Debug\FinalProject.a(CyLib.o)
 .text.CyIMO_Stop
                0x00000000       0x1c .\CortexM3\ARM_GCC_541\Debug\FinalProject.a(CyLib.o)
 .text.CyIMO_EnableDoubler
                0x00000000       0x10 .\CortexM3\ARM_GCC_541\Debug\FinalProject.a(CyLib.o)
 .text.CyIMO_DisableDoubler
                0x00000000       0x10 .\CortexM3\ARM_GCC_541\Debug\FinalProject.a(CyLib.o)
 .text.CyMasterClk_SetSource
                0x00000000       0x18 .\CortexM3\ARM_GCC_541\Debug\FinalProject.a(CyLib.o)
 .text.CyMasterClk_SetDivider
                0x00000000        0xc .\CortexM3\ARM_GCC_541\Debug\FinalProject.a(CyLib.o)
 .text.CyBusClk_SetDivider
                0x00000000       0x70 .\CortexM3\ARM_GCC_541\Debug\FinalProject.a(CyLib.o)
 .text.CyUsbClk_SetSource
                0x00000000       0x18 .\CortexM3\ARM_GCC_541\Debug\FinalProject.a(CyLib.o)
 .text.CyILO_Start1K
                0x00000000       0x10 .\CortexM3\ARM_GCC_541\Debug\FinalProject.a(CyLib.o)
 .text.CyILO_Stop1K
                0x00000000       0x10 .\CortexM3\ARM_GCC_541\Debug\FinalProject.a(CyLib.o)
 .text.CyILO_Start100K
                0x00000000       0x10 .\CortexM3\ARM_GCC_541\Debug\FinalProject.a(CyLib.o)
 .text.CyILO_Stop100K
                0x00000000       0x10 .\CortexM3\ARM_GCC_541\Debug\FinalProject.a(CyLib.o)
 .text.CyPLL_OUT_Start
                0x00000000       0x78 .\CortexM3\ARM_GCC_541\Debug\FinalProject.a(CyLib.o)
 .text.CyIMO_Start
                0x00000000       0x60 .\CortexM3\ARM_GCC_541\Debug\FinalProject.a(CyLib.o)
 .text.CyILO_Enable33K
                0x00000000       0x10 .\CortexM3\ARM_GCC_541\Debug\FinalProject.a(CyLib.o)
 .text.CyILO_Disable33K
                0x00000000       0x10 .\CortexM3\ARM_GCC_541\Debug\FinalProject.a(CyLib.o)
 .text.CyILO_SetSource
                0x00000000       0x18 .\CortexM3\ARM_GCC_541\Debug\FinalProject.a(CyLib.o)
 .text.CyILO_SetPowerMode
                0x00000000       0x24 .\CortexM3\ARM_GCC_541\Debug\FinalProject.a(CyLib.o)
 .text.CyXTAL_32KHZ_Stop
                0x00000000       0x30 .\CortexM3\ARM_GCC_541\Debug\FinalProject.a(CyLib.o)
 .text.CyXTAL_32KHZ_ReadStatus
                0x00000000       0x10 .\CortexM3\ARM_GCC_541\Debug\FinalProject.a(CyLib.o)
 .text.CyXTAL_Start
                0x00000000       0xac .\CortexM3\ARM_GCC_541\Debug\FinalProject.a(CyLib.o)
 .text.CyXTAL_Stop
                0x00000000       0x10 .\CortexM3\ARM_GCC_541\Debug\FinalProject.a(CyLib.o)
 .text.CyXTAL_EnableErrStatus
                0x00000000       0x10 .\CortexM3\ARM_GCC_541\Debug\FinalProject.a(CyLib.o)
 .text.CyXTAL_DisableErrStatus
                0x00000000       0x10 .\CortexM3\ARM_GCC_541\Debug\FinalProject.a(CyLib.o)
 .text.CyXTAL_ReadStatus
                0x00000000       0x18 .\CortexM3\ARM_GCC_541\Debug\FinalProject.a(CyLib.o)
 .text.CyXTAL_EnableFaultRecovery
                0x00000000       0x10 .\CortexM3\ARM_GCC_541\Debug\FinalProject.a(CyLib.o)
 .text.CyXTAL_DisableFaultRecovery
                0x00000000       0x10 .\CortexM3\ARM_GCC_541\Debug\FinalProject.a(CyLib.o)
 .text.CyXTAL_SetStartup
                0x00000000       0x18 .\CortexM3\ARM_GCC_541\Debug\FinalProject.a(CyLib.o)
 .text.CyXTAL_SetFbVoltage
                0x00000000       0x18 .\CortexM3\ARM_GCC_541\Debug\FinalProject.a(CyLib.o)
 .text.CyXTAL_SetWdVoltage
                0x00000000       0x18 .\CortexM3\ARM_GCC_541\Debug\FinalProject.a(CyLib.o)
 .text.CyPLL_OUT_SetPQ
                0x00000000       0x60 .\CortexM3\ARM_GCC_541\Debug\FinalProject.a(CyLib.o)
 .text.CyPLL_OUT_SetSource
                0x00000000       0x34 .\CortexM3\ARM_GCC_541\Debug\FinalProject.a(CyLib.o)
 .text.CyIMO_SetTrimValue
                0x00000000       0xcc .\CortexM3\ARM_GCC_541\Debug\FinalProject.a(CyLib.o)
 .text.CyIMO_SetFreq
                0x00000000       0xf4 .\CortexM3\ARM_GCC_541\Debug\FinalProject.a(CyLib.o)
 .text.CyIMO_SetSource
                0x00000000       0x58 .\CortexM3\ARM_GCC_541\Debug\FinalProject.a(CyLib.o)
 .text.CySoftwareReset
                0x00000000       0x10 .\CortexM3\ARM_GCC_541\Debug\FinalProject.a(CyLib.o)
 .text.CyXTAL_32KHZ_SetPowerMode
                0x00000000       0x84 .\CortexM3\ARM_GCC_541\Debug\FinalProject.a(CyLib.o)
 .text.CyXTAL_32KHZ_Start
                0x00000000       0x74 .\CortexM3\ARM_GCC_541\Debug\FinalProject.a(CyLib.o)
 .text.CyDelayFreq
                0x00000000       0x4c .\CortexM3\ARM_GCC_541\Debug\FinalProject.a(CyLib.o)
 .text.CyWdtStart
                0x00000000       0x40 .\CortexM3\ARM_GCC_541\Debug\FinalProject.a(CyLib.o)
 .text.CyWdtClear
                0x00000000        0xc .\CortexM3\ARM_GCC_541\Debug\FinalProject.a(CyLib.o)
 .text.CyVdStickyStatus
                0x00000000       0x2c .\CortexM3\ARM_GCC_541\Debug\FinalProject.a(CyLib.o)
 .text.CyVdLvDigitEnable
                0x00000000       0x84 .\CortexM3\ARM_GCC_541\Debug\FinalProject.a(CyLib.o)
 .text.CyVdLvAnalogEnable
                0x00000000       0x80 .\CortexM3\ARM_GCC_541\Debug\FinalProject.a(CyLib.o)
 .text.CyVdLvDigitDisable
                0x00000000       0x30 .\CortexM3\ARM_GCC_541\Debug\FinalProject.a(CyLib.o)
 .text.CyVdLvAnalogDisable
                0x00000000       0x28 .\CortexM3\ARM_GCC_541\Debug\FinalProject.a(CyLib.o)
 .text.CyVdHvAnalogEnable
                0x00000000       0x54 .\CortexM3\ARM_GCC_541\Debug\FinalProject.a(CyLib.o)
 .text.CyVdHvAnalogDisable
                0x00000000       0x20 .\CortexM3\ARM_GCC_541\Debug\FinalProject.a(CyLib.o)
 .text.CyVdRealTimeStatus
                0x00000000       0x1c .\CortexM3\ARM_GCC_541\Debug\FinalProject.a(CyLib.o)
 .text.CyDisableInts
                0x00000000       0x1c .\CortexM3\ARM_GCC_541\Debug\FinalProject.a(CyLib.o)
 .text.CyEnableInts
                0x00000000       0x18 .\CortexM3\ARM_GCC_541\Debug\FinalProject.a(CyLib.o)
 .text.CyFlushCache
                0x00000000       0x44 .\CortexM3\ARM_GCC_541\Debug\FinalProject.a(CyLib.o)
 .text.CyIntSetSysVector
                0x00000000       0x28 .\CortexM3\ARM_GCC_541\Debug\FinalProject.a(CyLib.o)
 .text.CyIntGetSysVector
                0x00000000       0x20 .\CortexM3\ARM_GCC_541\Debug\FinalProject.a(CyLib.o)
 .text.CyIntGetVector
                0x00000000       0x24 .\CortexM3\ARM_GCC_541\Debug\FinalProject.a(CyLib.o)
 .text.CyIntGetPriority
                0x00000000       0x20 .\CortexM3\ARM_GCC_541\Debug\FinalProject.a(CyLib.o)
 .text.CyIntGetState
                0x00000000       0x24 .\CortexM3\ARM_GCC_541\Debug\FinalProject.a(CyLib.o)
 .text.CySysTickStop
                0x00000000       0x10 .\CortexM3\ARM_GCC_541\Debug\FinalProject.a(CyLib.o)
 .text.CySysTickEnableInterrupt
                0x00000000       0x10 .\CortexM3\ARM_GCC_541\Debug\FinalProject.a(CyLib.o)
 .text.CySysTickEnable
                0x00000000       0x18 .\CortexM3\ARM_GCC_541\Debug\FinalProject.a(CyLib.o)
 .text.CySysTickDisableInterrupt
                0x00000000       0x10 .\CortexM3\ARM_GCC_541\Debug\FinalProject.a(CyLib.o)
 .text.CySysTickSetReload
                0x00000000       0x10 .\CortexM3\ARM_GCC_541\Debug\FinalProject.a(CyLib.o)
 .text.CySysTickGetReload
                0x00000000       0x10 .\CortexM3\ARM_GCC_541\Debug\FinalProject.a(CyLib.o)
 .text.CySysTickGetValue
                0x00000000       0x10 .\CortexM3\ARM_GCC_541\Debug\FinalProject.a(CyLib.o)
 .text.CySysTickSetClockSource
                0x00000000       0x20 .\CortexM3\ARM_GCC_541\Debug\FinalProject.a(CyLib.o)
 .text.CySysTickGetClockSource
                0x00000000       0x10 .\CortexM3\ARM_GCC_541\Debug\FinalProject.a(CyLib.o)
 .text.CySysTickGetCountFlag
                0x00000000       0x10 .\CortexM3\ARM_GCC_541\Debug\FinalProject.a(CyLib.o)
 .text.CySysTickServiceCallbacks
                0x00000000       0x28 .\CortexM3\ARM_GCC_541\Debug\FinalProject.a(CyLib.o)
 .text.CySysTickClear
                0x00000000        0xc .\CortexM3\ARM_GCC_541\Debug\FinalProject.a(CyLib.o)
 .text.CySysTickInit
                0x00000000       0x58 .\CortexM3\ARM_GCC_541\Debug\FinalProject.a(CyLib.o)
 .text.CySysTickStart
                0x00000000       0x1c .\CortexM3\ARM_GCC_541\Debug\FinalProject.a(CyLib.o)
 .text.CySysTickSetCallback
                0x00000000       0x10 .\CortexM3\ARM_GCC_541\Debug\FinalProject.a(CyLib.o)
 .text.CySysTickGetCallback
                0x00000000       0x10 .\CortexM3\ARM_GCC_541\Debug\FinalProject.a(CyLib.o)
 .text.CyGetUniqueId
                0x00000000       0x70 .\CortexM3\ARM_GCC_541\Debug\FinalProject.a(CyLib.o)
 .text          0x00000000        0x0 .\CortexM3\ARM_GCC_541\Debug\FinalProject.a(cyPm.o)
 .data          0x00000000        0x0 .\CortexM3\ARM_GCC_541\Debug\FinalProject.a(cyPm.o)
 .bss           0x00000000       0x43 .\CortexM3\ARM_GCC_541\Debug\FinalProject.a(cyPm.o)
 .text.CyPmHibSlpSaveSet
                0x00000000      0x1dc .\CortexM3\ARM_GCC_541\Debug\FinalProject.a(cyPm.o)
 .text.CyPmHibSlpRestore
                0x00000000       0xd8 .\CortexM3\ARM_GCC_541\Debug\FinalProject.a(cyPm.o)
 .text.CyPmHviLviSaveDisable
                0x00000000       0xa0 .\CortexM3\ARM_GCC_541\Debug\FinalProject.a(cyPm.o)
 .text.CyPmHibSaveSet
                0x00000000       0x98 .\CortexM3\ARM_GCC_541\Debug\FinalProject.a(cyPm.o)
 .text.CyPmHviLviRestore
                0x00000000       0x48 .\CortexM3\ARM_GCC_541\Debug\FinalProject.a(cyPm.o)
 .text.CyPmHibRestore
                0x00000000       0x60 .\CortexM3\ARM_GCC_541\Debug\FinalProject.a(cyPm.o)
 .text.CyPmSaveClocks
                0x00000000      0x218 .\CortexM3\ARM_GCC_541\Debug\FinalProject.a(cyPm.o)
 .text.CyPmRestoreClocks
                0x00000000      0x24c .\CortexM3\ARM_GCC_541\Debug\FinalProject.a(cyPm.o)
 .text.CyPmAltAct
                0x00000000       0x6c .\CortexM3\ARM_GCC_541\Debug\FinalProject.a(cyPm.o)
 .text.CyPmSleep
                0x00000000       0xf4 .\CortexM3\ARM_GCC_541\Debug\FinalProject.a(cyPm.o)
 .text.CyPmHibernateEx
                0x00000000       0xf4 .\CortexM3\ARM_GCC_541\Debug\FinalProject.a(cyPm.o)
 .text.CyPmHibernate
                0x00000000        0xc .\CortexM3\ARM_GCC_541\Debug\FinalProject.a(cyPm.o)
 .text.CyPmReadStatus
                0x00000000       0x30 .\CortexM3\ARM_GCC_541\Debug\FinalProject.a(cyPm.o)
 .text.CyPmCtwSetInterval
                0x00000000       0x5c .\CortexM3\ARM_GCC_541\Debug\FinalProject.a(cyPm.o)
 .text.CyPmOppsSet
                0x00000000       0x2c .\CortexM3\ARM_GCC_541\Debug\FinalProject.a(cyPm.o)
 .text.CyPmFtwSetInterval
                0x00000000       0x5c .\CortexM3\ARM_GCC_541\Debug\FinalProject.a(cyPm.o)
 .rodata        0x00000000        0xf .\CortexM3\ARM_GCC_541\Debug\FinalProject.a(cyPm.o)
 .text          0x00000000        0x0 .\CortexM3\ARM_GCC_541\Debug\FinalProject.a(lcd.o)
 .data          0x00000000        0x0 .\CortexM3\ARM_GCC_541\Debug\FinalProject.a(lcd.o)
 .text.lcd_PutChar
                0x00000000        0x8 .\CortexM3\ARM_GCC_541\Debug\FinalProject.a(lcd.o)
 .text.lcd_Stop
                0x00000000       0x14 .\CortexM3\ARM_GCC_541\Debug\FinalProject.a(lcd.o)
 .text.lcd_PrintInt8
                0x00000000       0x20 .\CortexM3\ARM_GCC_541\Debug\FinalProject.a(lcd.o)
 .text.lcd_PrintInt16
                0x00000000       0x14 .\CortexM3\ARM_GCC_541\Debug\FinalProject.a(lcd.o)
 .text.lcd_PrintInt32
                0x00000000       0x1c .\CortexM3\ARM_GCC_541\Debug\FinalProject.a(lcd.o)
 .rodata        0x00000000       0x10 .\CortexM3\ARM_GCC_541\Debug\FinalProject.a(lcd.o)
 .text          0x00000000        0x0 .\CortexM3\ARM_GCC_541\Debug\FinalProject.a(servoPwm.o)
 .data          0x00000000        0x0 .\CortexM3\ARM_GCC_541\Debug\FinalProject.a(servoPwm.o)
 .text.servoPwm_Stop
                0x00000000       0x10 .\CortexM3\ARM_GCC_541\Debug\FinalProject.a(servoPwm.o)
 .text.servoPwm_ReadCounter
                0x00000000       0x14 .\CortexM3\ARM_GCC_541\Debug\FinalProject.a(servoPwm.o)
 .text.servoPwm_ReadControlRegister
                0x00000000        0xc .\CortexM3\ARM_GCC_541\Debug\FinalProject.a(servoPwm.o)
 .text.servoPwm_WriteControlRegister
                0x00000000        0xc .\CortexM3\ARM_GCC_541\Debug\FinalProject.a(servoPwm.o)
 .text.servoPwm_ReadCompare1
                0x00000000        0xc .\CortexM3\ARM_GCC_541\Debug\FinalProject.a(servoPwm.o)
 .text.servoPwm_ReadCompare2
                0x00000000        0xc .\CortexM3\ARM_GCC_541\Debug\FinalProject.a(servoPwm.o)
 .text.servoPwm_ReadPeriod
                0x00000000        0xc .\CortexM3\ARM_GCC_541\Debug\FinalProject.a(servoPwm.o)
 .text          0x00000000        0x0 .\CortexM3\ARM_GCC_541\Debug\FinalProject.a(enc.o)
 .data          0x00000000        0x0 .\CortexM3\ARM_GCC_541\Debug\FinalProject.a(enc.o)
 .text.enc_Stop
                0x00000000       0x28 .\CortexM3\ARM_GCC_541\Debug\FinalProject.a(enc.o)
 .text.enc_GetInterruptMask
                0x00000000       0x10 .\CortexM3\ARM_GCC_541\Debug\FinalProject.a(enc.o)
 .text          0x00000000        0x0 .\CortexM3\ARM_GCC_541\Debug\FinalProject.a(enc_INT.o)
 .data          0x00000000        0x0 .\CortexM3\ARM_GCC_541\Debug\FinalProject.a(enc_INT.o)
 .text          0x00000000        0x0 .\CortexM3\ARM_GCC_541\Debug\FinalProject.a(enc_Cnt16.o)
 .data          0x00000000        0x0 .\CortexM3\ARM_GCC_541\Debug\FinalProject.a(enc_Cnt16.o)
 .text.enc_Cnt16_Stop
                0x00000000       0x10 .\CortexM3\ARM_GCC_541\Debug\FinalProject.a(enc_Cnt16.o)
 .text.enc_Cnt16_ReadControlRegister
                0x00000000        0xc .\CortexM3\ARM_GCC_541\Debug\FinalProject.a(enc_Cnt16.o)
 .text.enc_Cnt16_WriteControlRegister
                0x00000000        0xc .\CortexM3\ARM_GCC_541\Debug\FinalProject.a(enc_Cnt16.o)
 .text.enc_Cnt16_ReadPeriod
                0x00000000        0xc .\CortexM3\ARM_GCC_541\Debug\FinalProject.a(enc_Cnt16.o)
 .text.enc_Cnt16_ReadCompare
                0x00000000        0xc .\CortexM3\ARM_GCC_541\Debug\FinalProject.a(enc_Cnt16.o)
 .text          0x00000000        0x0 .\CortexM3\ARM_GCC_541\Debug\FinalProject.a(motorPwm.o)
 .data          0x00000000        0x0 .\CortexM3\ARM_GCC_541\Debug\FinalProject.a(motorPwm.o)
 .text.motorPwm_Stop
                0x00000000       0x10 .\CortexM3\ARM_GCC_541\Debug\FinalProject.a(motorPwm.o)
 .text.motorPwm_ReadCounter
                0x00000000       0x14 .\CortexM3\ARM_GCC_541\Debug\FinalProject.a(motorPwm.o)
 .text.motorPwm_ReadControlRegister
                0x00000000        0xc .\CortexM3\ARM_GCC_541\Debug\FinalProject.a(motorPwm.o)
 .text.motorPwm_WriteControlRegister
                0x00000000        0xc .\CortexM3\ARM_GCC_541\Debug\FinalProject.a(motorPwm.o)
 .text.motorPwm_ReadCompare1
                0x00000000        0xc .\CortexM3\ARM_GCC_541\Debug\FinalProject.a(motorPwm.o)
 .text.motorPwm_ReadCompare2
                0x00000000        0xc .\CortexM3\ARM_GCC_541\Debug\FinalProject.a(motorPwm.o)
 .text.motorPwm_ReadPeriod
                0x00000000        0xc .\CortexM3\ARM_GCC_541\Debug\FinalProject.a(motorPwm.o)
 .text          0x00000000        0x0 .\CortexM3\ARM_GCC_541\Debug\FinalProject.a(mag.o)
 .data          0x00000000        0x0 .\CortexM3\ARM_GCC_541\Debug\FinalProject.a(mag.o)
 .bss           0x00000000        0x0 .\CortexM3\ARM_GCC_541\Debug\FinalProject.a(mag.o)
 .text.mag_SetDriveMode
                0x00000000       0x18 .\CortexM3\ARM_GCC_541\Debug\FinalProject.a(mag.o)
 .text.mag_Read
                0x00000000       0x10 .\CortexM3\ARM_GCC_541\Debug\FinalProject.a(mag.o)
 .text.mag_ReadDataReg
                0x00000000       0x10 .\CortexM3\ARM_GCC_541\Debug\FinalProject.a(mag.o)
 .data          0x00000000        0x0 .\CortexM3\ARM_GCC_541\Debug\FinalProject.a(CyBootAsmGnu.o)
 .bss           0x00000000        0x0 .\CortexM3\ARM_GCC_541\Debug\FinalProject.a(CyBootAsmGnu.o)
 .text          0x00000000        0x0 .\CortexM3\ARM_GCC_541\Debug\FinalProject.a(CyFlash.o)
 .data          0x00000000        0x0 .\CortexM3\ARM_GCC_541\Debug\FinalProject.a(CyFlash.o)
 .bss           0x00000000        0x0 .\CortexM3\ARM_GCC_541\Debug\FinalProject.a(CyFlash.o)
 .text.CyFlashGetSpcAlgorithm
                0x00000000       0x4c .\CortexM3\ARM_GCC_541\Debug\FinalProject.a(CyFlash.o)
 .text.CySetTempInt
                0x00000000       0x60 .\CortexM3\ARM_GCC_541\Debug\FinalProject.a(CyFlash.o)
 .text.CyFlash_Start
                0x00000000       0x54 .\CortexM3\ARM_GCC_541\Debug\FinalProject.a(CyFlash.o)
 .text.CyFlash_Stop
                0x00000000       0x24 .\CortexM3\ARM_GCC_541\Debug\FinalProject.a(CyFlash.o)
 .text.CySetTemp
                0x00000000       0x14 .\CortexM3\ARM_GCC_541\Debug\FinalProject.a(CyFlash.o)
 .text.CySetFlashEEBuffer
                0x00000000       0x20 .\CortexM3\ARM_GCC_541\Debug\FinalProject.a(CyFlash.o)
 .text.CyWriteRowFull
                0x00000000       0xf8 .\CortexM3\ARM_GCC_541\Debug\FinalProject.a(CyFlash.o)
 .text.CyWriteRowData
                0x00000000       0x14 .\CortexM3\ARM_GCC_541\Debug\FinalProject.a(CyFlash.o)
 .text.CyFlash_SetWaitCycles
                0x00000000       0x7c .\CortexM3\ARM_GCC_541\Debug\FinalProject.a(CyFlash.o)
 .text.CyEEPROM_Start
                0x00000000       0x54 .\CortexM3\ARM_GCC_541\Debug\FinalProject.a(CyFlash.o)
 .text.CyEEPROM_Stop
                0x00000000       0x24 .\CortexM3\ARM_GCC_541\Debug\FinalProject.a(CyFlash.o)
 .text.CyEEPROM_ReadReserve
                0x00000000       0x1c .\CortexM3\ARM_GCC_541\Debug\FinalProject.a(CyFlash.o)
 .text.CyEEPROM_ReadRelease
                0x00000000       0x10 .\CortexM3\ARM_GCC_541\Debug\FinalProject.a(CyFlash.o)
 COMMON         0x00000000        0x2 .\CortexM3\ARM_GCC_541\Debug\FinalProject.a(CyFlash.o)
 .text          0x00000000        0x0 .\CortexM3\ARM_GCC_541\Debug\FinalProject.a(CySpc.o)
 .data          0x00000000        0x0 .\CortexM3\ARM_GCC_541\Debug\FinalProject.a(CySpc.o)
 .bss           0x00000000        0x8 .\CortexM3\ARM_GCC_541\Debug\FinalProject.a(CySpc.o)
 .text.CySpcStart
                0x00000000       0x24 .\CortexM3\ARM_GCC_541\Debug\FinalProject.a(CySpc.o)
 .text.CySpcStop
                0x00000000       0x24 .\CortexM3\ARM_GCC_541\Debug\FinalProject.a(CySpc.o)
 .text.CySpcReadData
                0x00000000       0x34 .\CortexM3\ARM_GCC_541\Debug\FinalProject.a(CySpc.o)
 .text.CySpcLoadMultiByte
                0x00000000       0x78 .\CortexM3\ARM_GCC_541\Debug\FinalProject.a(CySpc.o)
 .text.CySpcLoadRow
                0x00000000       0x50 .\CortexM3\ARM_GCC_541\Debug\FinalProject.a(CySpc.o)
 .text.CySpcLoadRowFull
                0x00000000       0x80 .\CortexM3\ARM_GCC_541\Debug\FinalProject.a(CySpc.o)
 .text.CySpcWriteRow
                0x00000000       0x4c .\CortexM3\ARM_GCC_541\Debug\FinalProject.a(CySpc.o)
 .text.CySpcEraseSector
                0x00000000       0x3c .\CortexM3\ARM_GCC_541\Debug\FinalProject.a(CySpc.o)
 .text.CySpcGetTemp
                0x00000000       0x3c .\CortexM3\ARM_GCC_541\Debug\FinalProject.a(CySpc.o)
 .text.CySpcLock
                0x00000000       0x4c .\CortexM3\ARM_GCC_541\Debug\FinalProject.a(CySpc.o)
 .text.CySpcUnlock
                0x00000000       0x38 .\CortexM3\ARM_GCC_541\Debug\FinalProject.a(CySpc.o)
 .text.CySpcGetAlgorithm
                0x00000000       0x28 .\CortexM3\ARM_GCC_541\Debug\FinalProject.a(CySpc.o)
 .data          0x00000000        0x0 c:/program files (x86)/cypress/psoc creator/4.1/psoc creator/import/gnu/arm/5.4.1/bin/../lib/gcc/arm-none-eabi/5.4.1/armv7-m\libgcc.a(_arm_addsubsf3.o)
 .bss           0x00000000        0x0 c:/program files (x86)/cypress/psoc creator/4.1/psoc creator/import/gnu/arm/5.4.1/bin/../lib/gcc/arm-none-eabi/5.4.1/armv7-m\libgcc.a(_arm_addsubsf3.o)
 .data          0x00000000        0x0 c:/program files (x86)/cypress/psoc creator/4.1/psoc creator/import/gnu/arm/5.4.1/bin/../lib/gcc/arm-none-eabi/5.4.1/armv7-m\libgcc.a(_arm_muldivsf3.o)
 .bss           0x00000000        0x0 c:/program files (x86)/cypress/psoc creator/4.1/psoc creator/import/gnu/arm/5.4.1/bin/../lib/gcc/arm-none-eabi/5.4.1/armv7-m\libgcc.a(_arm_muldivsf3.o)
 .data          0x00000000        0x0 c:/program files (x86)/cypress/psoc creator/4.1/psoc creator/import/gnu/arm/5.4.1/bin/../lib/gcc/arm-none-eabi/5.4.1/armv7-m\libgcc.a(_arm_fixsfsi.o)
 .bss           0x00000000        0x0 c:/program files (x86)/cypress/psoc creator/4.1/psoc creator/import/gnu/arm/5.4.1/bin/../lib/gcc/arm-none-eabi/5.4.1/armv7-m\libgcc.a(_arm_fixsfsi.o)
 .text          0x00000000        0x0 c:/program files (x86)/cypress/psoc creator/4.1/psoc creator/import/gnu/arm/5.4.1/bin/../lib/gcc/arm-none-eabi/5.4.1/../../../../arm-none-eabi/lib/armv7-m\libg_nano.a(lib_a-errno.o)
 .data          0x00000000        0x0 c:/program files (x86)/cypress/psoc creator/4.1/psoc creator/import/gnu/arm/5.4.1/bin/../lib/gcc/arm-none-eabi/5.4.1/../../../../arm-none-eabi/lib/armv7-m\libg_nano.a(lib_a-errno.o)
 .bss           0x00000000        0x0 c:/program files (x86)/cypress/psoc creator/4.1/psoc creator/import/gnu/arm/5.4.1/bin/../lib/gcc/arm-none-eabi/5.4.1/../../../../arm-none-eabi/lib/armv7-m\libg_nano.a(lib_a-errno.o)
 .text          0x00000000        0x0 c:/program files (x86)/cypress/psoc creator/4.1/psoc creator/import/gnu/arm/5.4.1/bin/../lib/gcc/arm-none-eabi/5.4.1/../../../../arm-none-eabi/lib/armv7-m\libg_nano.a(lib_a-exit.o)
 .data          0x00000000        0x0 c:/program files (x86)/cypress/psoc creator/4.1/psoc creator/import/gnu/arm/5.4.1/bin/../lib/gcc/arm-none-eabi/5.4.1/../../../../arm-none-eabi/lib/armv7-m\libg_nano.a(lib_a-exit.o)
 .bss           0x00000000        0x0 c:/program files (x86)/cypress/psoc creator/4.1/psoc creator/import/gnu/arm/5.4.1/bin/../lib/gcc/arm-none-eabi/5.4.1/../../../../arm-none-eabi/lib/armv7-m\libg_nano.a(lib_a-exit.o)
 .text.exit     0x00000000       0x28 c:/program files (x86)/cypress/psoc creator/4.1/psoc creator/import/gnu/arm/5.4.1/bin/../lib/gcc/arm-none-eabi/5.4.1/../../../../arm-none-eabi/lib/armv7-m\libg_nano.a(lib_a-exit.o)
 .text          0x00000000        0x0 c:/program files (x86)/cypress/psoc creator/4.1/psoc creator/import/gnu/arm/5.4.1/bin/../lib/gcc/arm-none-eabi/5.4.1/../../../../arm-none-eabi/lib/armv7-m\libg_nano.a(lib_a-impure.o)
 .data          0x00000000        0x0 c:/program files (x86)/cypress/psoc creator/4.1/psoc creator/import/gnu/arm/5.4.1/bin/../lib/gcc/arm-none-eabi/5.4.1/../../../../arm-none-eabi/lib/armv7-m\libg_nano.a(lib_a-impure.o)
 .bss           0x00000000        0x0 c:/program files (x86)/cypress/psoc creator/4.1/psoc creator/import/gnu/arm/5.4.1/bin/../lib/gcc/arm-none-eabi/5.4.1/../../../../arm-none-eabi/lib/armv7-m\libg_nano.a(lib_a-impure.o)
 .rodata._global_impure_ptr
                0x00000000        0x4 c:/program files (x86)/cypress/psoc creator/4.1/psoc creator/import/gnu/arm/5.4.1/bin/../lib/gcc/arm-none-eabi/5.4.1/../../../../arm-none-eabi/lib/armv7-m\libg_nano.a(lib_a-impure.o)
 .text          0x00000000        0x0 c:/program files (x86)/cypress/psoc creator/4.1/psoc creator/import/gnu/arm/5.4.1/bin/../lib/gcc/arm-none-eabi/5.4.1/../../../../arm-none-eabi/lib/armv7-m\libg_nano.a(lib_a-init.o)
 .data          0x00000000        0x0 c:/program files (x86)/cypress/psoc creator/4.1/psoc creator/import/gnu/arm/5.4.1/bin/../lib/gcc/arm-none-eabi/5.4.1/../../../../arm-none-eabi/lib/armv7-m\libg_nano.a(lib_a-init.o)
 .bss           0x00000000        0x0 c:/program files (x86)/cypress/psoc creator/4.1/psoc creator/import/gnu/arm/5.4.1/bin/../lib/gcc/arm-none-eabi/5.4.1/../../../../arm-none-eabi/lib/armv7-m\libg_nano.a(lib_a-init.o)
 .text          0x00000000        0x0 c:/program files (x86)/cypress/psoc creator/4.1/psoc creator/import/gnu/arm/5.4.1/bin/../lib/gcc/arm-none-eabi/5.4.1/../../../../arm-none-eabi/lib/armv7-m\libg_nano.a(lib_a-memcpy-stub.o)
 .data          0x00000000        0x0 c:/program files (x86)/cypress/psoc creator/4.1/psoc creator/import/gnu/arm/5.4.1/bin/../lib/gcc/arm-none-eabi/5.4.1/../../../../arm-none-eabi/lib/armv7-m\libg_nano.a(lib_a-memcpy-stub.o)
 .bss           0x00000000        0x0 c:/program files (x86)/cypress/psoc creator/4.1/psoc creator/import/gnu/arm/5.4.1/bin/../lib/gcc/arm-none-eabi/5.4.1/../../../../arm-none-eabi/lib/armv7-m\libg_nano.a(lib_a-memcpy-stub.o)
 .text          0x00000000        0x0 c:/program files (x86)/cypress/psoc creator/4.1/psoc creator/import/gnu/arm/5.4.1/bin/../lib/gcc/arm-none-eabi/5.4.1/../../../../arm-none-eabi/lib/armv7-m\libg_nano.a(lib_a-memset.o)
 .data          0x00000000        0x0 c:/program files (x86)/cypress/psoc creator/4.1/psoc creator/import/gnu/arm/5.4.1/bin/../lib/gcc/arm-none-eabi/5.4.1/../../../../arm-none-eabi/lib/armv7-m\libg_nano.a(lib_a-memset.o)
 .bss           0x00000000        0x0 c:/program files (x86)/cypress/psoc creator/4.1/psoc creator/import/gnu/arm/5.4.1/bin/../lib/gcc/arm-none-eabi/5.4.1/../../../../arm-none-eabi/lib/armv7-m\libg_nano.a(lib_a-memset.o)
 .text          0x00000000        0x0 c:/program files (x86)/cypress/psoc creator/4.1/psoc creator/import/gnu/arm/5.4.1/bin/../lib/gcc/arm-none-eabi/5.4.1/armv7-m/crtend.o
 .data          0x00000000        0x0 c:/program files (x86)/cypress/psoc creator/4.1/psoc creator/import/gnu/arm/5.4.1/bin/../lib/gcc/arm-none-eabi/5.4.1/armv7-m/crtend.o
 .bss           0x00000000        0x0 c:/program files (x86)/cypress/psoc creator/4.1/psoc creator/import/gnu/arm/5.4.1/bin/../lib/gcc/arm-none-eabi/5.4.1/armv7-m/crtend.o
 .text          0x00000000        0x0 c:/program files (x86)/cypress/psoc creator/4.1/psoc creator/import/gnu/arm/5.4.1/bin/../lib/gcc/arm-none-eabi/5.4.1/armv7-m/crtn.o
 .data          0x00000000        0x0 c:/program files (x86)/cypress/psoc creator/4.1/psoc creator/import/gnu/arm/5.4.1/bin/../lib/gcc/arm-none-eabi/5.4.1/armv7-m/crtn.o
 .bss           0x00000000        0x0 c:/program files (x86)/cypress/psoc creator/4.1/psoc creator/import/gnu/arm/5.4.1/bin/../lib/gcc/arm-none-eabi/5.4.1/armv7-m/crtn.o

Memory Configuration

Name             Origin             Length             Attributes
rom              0x00000000         0x00040000         xr
ram              0x1fff8000         0x00010000         xrw
*default*        0x00000000         0xffffffff

Linker script and memory map

LOAD c:/program files (x86)/cypress/psoc creator/4.1/psoc creator/import/gnu/arm/5.4.1/bin/../lib/gcc/arm-none-eabi/5.4.1/armv7-m/crti.o
LOAD c:/program files (x86)/cypress/psoc creator/4.1/psoc creator/import/gnu/arm/5.4.1/bin/../lib/gcc/arm-none-eabi/5.4.1/armv7-m/crtbegin.o
LOAD c:/program files (x86)/cypress/psoc creator/4.1/psoc creator/import/gnu/arm/5.4.1/bin/../lib/gcc/arm-none-eabi/5.4.1/../../../../arm-none-eabi/lib/armv7-m/crt0.o
START GROUP
LOAD .\CortexM3\ARM_GCC_541\Debug\main.o
LOAD .\CortexM3\ARM_GCC_541\Debug\cyfitter_cfg.o
LOAD .\CortexM3\ARM_GCC_541\Debug\cymetadata.o
LOAD .\CortexM3\ARM_GCC_541\Debug\Cm3Start.o
LOAD .\CortexM3\ARM_GCC_541\Debug\FinalProject.a
LOAD C:\Program Files (x86)\Cypress\PSoC Creator\4.1\PSoC Creator\psoc\content\cycomponentlibrary\CyComponentLibrary.cylib\CortexM3\ARM_GCC_541\Debug\CyComponentLibrary.a
LOAD c:/program files (x86)/cypress/psoc creator/4.1/psoc creator/import/gnu/arm/5.4.1/bin/../lib/gcc/arm-none-eabi/5.4.1/../../../../arm-none-eabi/lib/armv7-m\libm.a
END GROUP
START GROUP
LOAD c:/program files (x86)/cypress/psoc creator/4.1/psoc creator/import/gnu/arm/5.4.1/bin/../lib/gcc/arm-none-eabi/5.4.1/armv7-m\libgcc.a
LOAD c:/program files (x86)/cypress/psoc creator/4.1/psoc creator/import/gnu/arm/5.4.1/bin/../lib/gcc/arm-none-eabi/5.4.1/../../../../arm-none-eabi/lib/armv7-m\libg_nano.a
LOAD c:/program files (x86)/cypress/psoc creator/4.1/psoc creator/import/gnu/arm/5.4.1/bin/../lib/gcc/arm-none-eabi/5.4.1/../../../../arm-none-eabi/lib/armv7-m\libc_nano.a
END GROUP
START GROUP
LOAD c:/program files (x86)/cypress/psoc creator/4.1/psoc creator/import/gnu/arm/5.4.1/bin/../lib/gcc/arm-none-eabi/5.4.1/armv7-m\libgcc.a
LOAD c:/program files (x86)/cypress/psoc creator/4.1/psoc creator/import/gnu/arm/5.4.1/bin/../lib/gcc/arm-none-eabi/5.4.1/../../../../arm-none-eabi/lib/armv7-m\libc_nano.a
END GROUP
LOAD c:/program files (x86)/cypress/psoc creator/4.1/psoc creator/import/gnu/arm/5.4.1/bin/../lib/gcc/arm-none-eabi/5.4.1/armv7-m/crtend.o
LOAD c:/program files (x86)/cypress/psoc creator/4.1/psoc creator/import/gnu/arm/5.4.1/bin/../lib/gcc/arm-none-eabi/5.4.1/armv7-m/crtn.o
START GROUP
LOAD c:/program files (x86)/cypress/psoc creator/4.1/psoc creator/import/gnu/arm/5.4.1/bin/../lib/gcc/arm-none-eabi/5.4.1/armv7-m\libgcc.a
LOAD c:/program files (x86)/cypress/psoc creator/4.1/psoc creator/import/gnu/arm/5.4.1/bin/../lib/gcc/arm-none-eabi/5.4.1/../../../../arm-none-eabi/lib/armv7-m\libc.a
LOAD c:/program files (x86)/cypress/psoc creator/4.1/psoc creator/import/gnu/arm/5.4.1/bin/../lib/gcc/arm-none-eabi/5.4.1/../../../../arm-none-eabi/lib/armv7-m\libnosys.a
END GROUP
                0x00000000                CY_APPL_ORIGIN = 0x0
                0x00000100                CY_FLASH_ROW_SIZE = 0x100
                0x00000020                CY_ECC_ROW_SIZE = 0x20
                0x00000000                CY_EE_IN_BTLDR = 0x0
                0x00000000                CY_APPL_LOADABLE = 0x0
                0x00000800                CY_EE_SIZE = 0x800
                0x00000001                CY_APPL_NUM = 0x1
                0x00000001                CY_APPL_MAX = 0x1
                0x00000040                CY_METADATA_SIZE = 0x40
                0x00000000                CY_APPL_LOADABLE = 0x0
                0x00000000                CY_CHECKSUM_EXCLUDE_SIZE = ALIGN (0x0, CY_FLASH_ROW_SIZE)
                [!provide]                PROVIDE (__cy_heap_start, _end)
                0x00000001                PROVIDE (__cy_region_num, ((__cy_regions_end - __cy_regions) / 0x10))
                0x20008000                PROVIDE (__cy_stack, (ORIGIN (ram) + LENGTH (ram)))
                [!provide]                PROVIDE (__cy_heap_end, (__cy_stack - 0x800))

.cybootloader   0x00000000        0x0
 *(.cybootloader)
                0x00000000                appl1_start = CY_APPL_ORIGIN?CY_APPL_ORIGIN:ALIGN (CY_FLASH_ROW_SIZE)
                0x0001ff00                appl2_start = (appl1_start + ALIGN ((((LENGTH (rom) - appl1_start) - (0x2 * CY_FLASH_ROW_SIZE)) / 0x2), CY_FLASH_ROW_SIZE))
                0x00000000                appl_start = (CY_APPL_NUM == 0x1)?appl1_start:appl2_start
                0x00000000                ecc_offset = ((appl_start / CY_FLASH_ROW_SIZE) * CY_ECC_ROW_SIZE)
                0x00000000                ee_offset = (CY_APPL_LOADABLE && ! (CY_EE_IN_BTLDR))?((CY_EE_SIZE / CY_APPL_MAX) * (CY_APPL_NUM - 0x1)):0x0
                0x00000800                ee_size = (CY_APPL_LOADABLE && ! (CY_EE_IN_BTLDR))?(CY_EE_SIZE / CY_APPL_MAX):CY_EE_SIZE
                [!provide]                PROVIDE (CY_ECC_OFFSET, ecc_offset)

.text           0x00000000     0x123e
 CREATE_OBJECT_SYMBOLS
                0x00000000                PROVIDE (__cy_interrupt_vector, RomVectors)
 *(.romvectors)
 .romvectors    0x00000000       0x10 .\CortexM3\ARM_GCC_541\Debug\Cm3Start.o
                0x00000000                RomVectors
                0x00000001                ASSERT ((. != __cy_interrupt_vector), No interrupt vector)
                0x00000001                ASSERT (CY_APPL_ORIGIN?(SIZEOF (.cybootloader) <= CY_APPL_ORIGIN):0x1, Wrong image location)
                0x00000010                PROVIDE (__cy_reset, Reset)
 *(.text.Reset)
 .text.Reset    0x00000010       0x18 .\CortexM3\ARM_GCC_541\Debug\Cm3Start.o
                0x00000010                Reset
                0x00000001                ASSERT ((. != __cy_reset), No reset code)
 *(.dma_init)
                0x00000001                ASSERT ((((appl_start + .) <= 0x10000) || 0x1), DMA Init must be within the first 64k of flash)
 *(.text .text.* .gnu.linkonce.t.*)
 .text          0x00000028       0x5c c:/program files (x86)/cypress/psoc creator/4.1/psoc creator/import/gnu/arm/5.4.1/bin/../lib/gcc/arm-none-eabi/5.4.1/armv7-m/crtbegin.o
 .text.theta1   0x00000084       0x1c .\CortexM3\ARM_GCC_541\Debug\main.o
                0x00000084                theta1
 .text.theta2   0x000000a0       0x28 .\CortexM3\ARM_GCC_541\Debug\main.o
                0x000000a0                theta2
 .text.main     0x000000c8      0x118 .\CortexM3\ARM_GCC_541\Debug\main.o
                0x000000c8                main
 .text.CyClockStartupError
                0x000001e0        0x4 .\CortexM3\ARM_GCC_541\Debug\cyfitter_cfg.o
 .text.cfg_write_bytes32
                0x000001e4       0x34 .\CortexM3\ARM_GCC_541\Debug\cyfitter_cfg.o
 .text.AnalogSetDefault
                0x00000218       0x28 .\CortexM3\ARM_GCC_541\Debug\cyfitter_cfg.o
 .text.CYMEMZERO
                0x00000240        0xc .\CortexM3\ARM_GCC_541\Debug\cyfitter_cfg.o
 .text.ClockSetup
                0x0000024c       0xd4 .\CortexM3\ARM_GCC_541\Debug\cyfitter_cfg.o
 .text.CYCONFIGCPY
                0x00000320        0x8 .\CortexM3\ARM_GCC_541\Debug\cyfitter_cfg.o
 .text.cyfitter_cfg
                0x00000328       0xfc .\CortexM3\ARM_GCC_541\Debug\cyfitter_cfg.o
                0x00000328                cyfitter_cfg
 .text.IntDefaultHandler
                0x00000424       0x10 .\CortexM3\ARM_GCC_541\Debug\Cm3Start.o
                0x00000424                IntDefaultHandler
 .text.Start_c  0x00000434       0x4c .\CortexM3\ARM_GCC_541\Debug\Cm3Start.o
                0x00000434                Start_c
 .text.initialize_psoc
                0x00000480       0x68 .\CortexM3\ARM_GCC_541\Debug\Cm3Start.o
                0x00000480                initialize_psoc
 .text.CyHalt   0x000004e8        0x4 .\CortexM3\ARM_GCC_541\Debug\FinalProject.a(CyLib.o)
                0x000004e8                CyHalt
 .text.CyDelay  0x000004ec       0x2c .\CortexM3\ARM_GCC_541\Debug\FinalProject.a(CyLib.o)
                0x000004ec                CyDelay
 .text.CyDelayUs
                0x00000518       0x14 .\CortexM3\ARM_GCC_541\Debug\FinalProject.a(CyLib.o)
                0x00000518                CyDelayUs
 .text.CyIntSetVector
                0x0000052c       0x28 .\CortexM3\ARM_GCC_541\Debug\FinalProject.a(CyLib.o)
                0x0000052c                CyIntSetVector
 .text.CyIntSetPriority
                0x00000554       0x30 .\CortexM3\ARM_GCC_541\Debug\FinalProject.a(CyLib.o)
                0x00000554                CyIntSetPriority
 .text.lcd_WrCntrlNib
                0x00000584       0x34 .\CortexM3\ARM_GCC_541\Debug\FinalProject.a(lcd.o)
 .text.lcd_WrDatNib
                0x000005b8       0x44 .\CortexM3\ARM_GCC_541\Debug\FinalProject.a(lcd.o)
 .text.lcd_IsReady
                0x000005fc       0xe4 .\CortexM3\ARM_GCC_541\Debug\FinalProject.a(lcd.o)
                0x000005fc                lcd_IsReady
 .text.lcd_WriteData
                0x000006e0       0x18 .\CortexM3\ARM_GCC_541\Debug\FinalProject.a(lcd.o)
                0x000006e0                lcd_WriteData
 .text.lcd_PrintString
                0x000006f8       0x1c .\CortexM3\ARM_GCC_541\Debug\FinalProject.a(lcd.o)
                0x000006f8                lcd_PrintString
 .text.lcd_WriteControl
                0x00000714       0x18 .\CortexM3\ARM_GCC_541\Debug\FinalProject.a(lcd.o)
                0x00000714                lcd_WriteControl
 .text.lcd_Init
                0x0000072c       0x6c .\CortexM3\ARM_GCC_541\Debug\FinalProject.a(lcd.o)
                0x0000072c                lcd_Init
 .text.lcd_Enable
                0x00000798       0x14 .\CortexM3\ARM_GCC_541\Debug\FinalProject.a(lcd.o)
                0x00000798                lcd_Enable
 .text.lcd_Start
                0x000007ac       0x1c .\CortexM3\ARM_GCC_541\Debug\FinalProject.a(lcd.o)
                0x000007ac                lcd_Start
 .text.lcd_Position
                0x000007c8       0x3c .\CortexM3\ARM_GCC_541\Debug\FinalProject.a(lcd.o)
                0x000007c8                lcd_Position
 .text.lcd_PrintU32Number
                0x00000804       0x64 .\CortexM3\ARM_GCC_541\Debug\FinalProject.a(lcd.o)
                0x00000804                lcd_PrintU32Number
 .text.servoPwm_Enable
                0x00000868       0x10 .\CortexM3\ARM_GCC_541\Debug\FinalProject.a(servoPwm.o)
                0x00000868                servoPwm_Enable
 .text.servoPwm_WriteCounter
                0x00000878        0xc .\CortexM3\ARM_GCC_541\Debug\FinalProject.a(servoPwm.o)
                0x00000878                servoPwm_WriteCounter
 .text.servoPwm_WritePeriod
                0x00000884        0xc .\CortexM3\ARM_GCC_541\Debug\FinalProject.a(servoPwm.o)
                0x00000884                servoPwm_WritePeriod
 .text.servoPwm_WriteCompare1
                0x00000890        0xc .\CortexM3\ARM_GCC_541\Debug\FinalProject.a(servoPwm.o)
                0x00000890                servoPwm_WriteCompare1
 .text.servoPwm_WriteCompare2
                0x0000089c        0xc .\CortexM3\ARM_GCC_541\Debug\FinalProject.a(servoPwm.o)
                0x0000089c                servoPwm_WriteCompare2
 .text.servoPwm_SetInterruptMode
                0x000008a8        0xc .\CortexM3\ARM_GCC_541\Debug\FinalProject.a(servoPwm.o)
                0x000008a8                servoPwm_SetInterruptMode
 .text.servoPwm_ReadStatusRegister
                0x000008b4        0xc .\CortexM3\ARM_GCC_541\Debug\FinalProject.a(servoPwm.o)
                0x000008b4                servoPwm_ReadStatusRegister
 .text.servoPwm_ReadCapture
                0x000008c0        0xc .\CortexM3\ARM_GCC_541\Debug\FinalProject.a(servoPwm.o)
                0x000008c0                servoPwm_ReadCapture
 .text.servoPwm_ClearFIFO
                0x000008cc       0x14 .\CortexM3\ARM_GCC_541\Debug\FinalProject.a(servoPwm.o)
                0x000008cc                servoPwm_ClearFIFO
 .text.servoPwm_Init
                0x000008e0       0x64 .\CortexM3\ARM_GCC_541\Debug\FinalProject.a(servoPwm.o)
                0x000008e0                servoPwm_Init
 .text.servoPwm_Start
                0x00000944       0x1c .\CortexM3\ARM_GCC_541\Debug\FinalProject.a(servoPwm.o)
                0x00000944                servoPwm_Start
 .text.enc_Init
                0x00000960       0x24 .\CortexM3\ARM_GCC_541\Debug\FinalProject.a(enc.o)
                0x00000960                enc_Init
 .text.enc_GetCounter
                0x00000984       0x2c .\CortexM3\ARM_GCC_541\Debug\FinalProject.a(enc.o)
                0x00000984                enc_GetCounter
 .text.enc_SetCounter
                0x000009b0       0x28 .\CortexM3\ARM_GCC_541\Debug\FinalProject.a(enc.o)
                0x000009b0                enc_SetCounter
 .text.enc_GetEvents
                0x000009d8       0x10 .\CortexM3\ARM_GCC_541\Debug\FinalProject.a(enc.o)
                0x000009d8                enc_GetEvents
 .text.enc_SetInterruptMask
                0x000009e8       0x10 .\CortexM3\ARM_GCC_541\Debug\FinalProject.a(enc.o)
                0x000009e8                enc_SetInterruptMask
 .text.enc_Enable
                0x000009f8       0x30 .\CortexM3\ARM_GCC_541\Debug\FinalProject.a(enc.o)
                0x000009f8                enc_Enable
 .text.enc_Start
                0x00000a28       0x34 .\CortexM3\ARM_GCC_541\Debug\FinalProject.a(enc.o)
                0x00000a28                enc_Start
 .text.enc_ISR  0x00000a5c       0x40 .\CortexM3\ARM_GCC_541\Debug\FinalProject.a(enc_INT.o)
                0x00000a5c                enc_ISR
 .text.enc_Cnt16_Enable
                0x00000a9c       0x10 .\CortexM3\ARM_GCC_541\Debug\FinalProject.a(enc_Cnt16.o)
                0x00000a9c                enc_Cnt16_Enable
 .text.enc_Cnt16_SetInterruptMode
                0x00000aac        0xc .\CortexM3\ARM_GCC_541\Debug\FinalProject.a(enc_Cnt16.o)
                0x00000aac                enc_Cnt16_SetInterruptMode
 .text.enc_Cnt16_ReadStatusRegister
                0x00000ab8        0xc .\CortexM3\ARM_GCC_541\Debug\FinalProject.a(enc_Cnt16.o)
                0x00000ab8                enc_Cnt16_ReadStatusRegister
 .text.enc_Cnt16_WriteCounter
                0x00000ac4        0xc .\CortexM3\ARM_GCC_541\Debug\FinalProject.a(enc_Cnt16.o)
                0x00000ac4                enc_Cnt16_WriteCounter
 .text.enc_Cnt16_ReadCounter
                0x00000ad0       0x14 .\CortexM3\ARM_GCC_541\Debug\FinalProject.a(enc_Cnt16.o)
                0x00000ad0                enc_Cnt16_ReadCounter
 .text.enc_Cnt16_ReadCapture
                0x00000ae4        0xc .\CortexM3\ARM_GCC_541\Debug\FinalProject.a(enc_Cnt16.o)
                0x00000ae4                enc_Cnt16_ReadCapture
 .text.enc_Cnt16_WritePeriod
                0x00000af0        0xc .\CortexM3\ARM_GCC_541\Debug\FinalProject.a(enc_Cnt16.o)
                0x00000af0                enc_Cnt16_WritePeriod
 .text.enc_Cnt16_WriteCompare
                0x00000afc        0xc .\CortexM3\ARM_GCC_541\Debug\FinalProject.a(enc_Cnt16.o)
                0x00000afc                enc_Cnt16_WriteCompare
 .text.enc_Cnt16_ClearFIFO
                0x00000b08       0x14 .\CortexM3\ARM_GCC_541\Debug\FinalProject.a(enc_Cnt16.o)
                0x00000b08                enc_Cnt16_ClearFIFO
 .text.enc_Cnt16_Init
                0x00000b1c       0x58 .\CortexM3\ARM_GCC_541\Debug\FinalProject.a(enc_Cnt16.o)
                0x00000b1c                enc_Cnt16_Init
 .text.enc_Cnt16_Start
                0x00000b74       0x1c .\CortexM3\ARM_GCC_541\Debug\FinalProject.a(enc_Cnt16.o)
                0x00000b74                enc_Cnt16_Start
 .text.motorPwm_Enable
                0x00000b90       0x10 .\CortexM3\ARM_GCC_541\Debug\FinalProject.a(motorPwm.o)
                0x00000b90                motorPwm_Enable
 .text.motorPwm_WriteCounter
                0x00000ba0        0xc .\CortexM3\ARM_GCC_541\Debug\FinalProject.a(motorPwm.o)
                0x00000ba0                motorPwm_WriteCounter
 .text.motorPwm_WritePeriod
                0x00000bac        0xc .\CortexM3\ARM_GCC_541\Debug\FinalProject.a(motorPwm.o)
                0x00000bac                motorPwm_WritePeriod
 .text.motorPwm_WriteCompare1
                0x00000bb8        0xc .\CortexM3\ARM_GCC_541\Debug\FinalProject.a(motorPwm.o)
                0x00000bb8                motorPwm_WriteCompare1
 .text.motorPwm_WriteCompare2
                0x00000bc4        0xc .\CortexM3\ARM_GCC_541\Debug\FinalProject.a(motorPwm.o)
                0x00000bc4                motorPwm_WriteCompare2
 .text.motorPwm_SetInterruptMode
                0x00000bd0        0xc .\CortexM3\ARM_GCC_541\Debug\FinalProject.a(motorPwm.o)
                0x00000bd0                motorPwm_SetInterruptMode
 .text.motorPwm_ReadStatusRegister
                0x00000bdc        0xc .\CortexM3\ARM_GCC_541\Debug\FinalProject.a(motorPwm.o)
                0x00000bdc                motorPwm_ReadStatusRegister
 .text.motorPwm_ReadCapture
                0x00000be8        0xc .\CortexM3\ARM_GCC_541\Debug\FinalProject.a(motorPwm.o)
                0x00000be8                motorPwm_ReadCapture
 .text.motorPwm_ClearFIFO
                0x00000bf4       0x14 .\CortexM3\ARM_GCC_541\Debug\FinalProject.a(motorPwm.o)
                0x00000bf4                motorPwm_ClearFIFO
 .text.motorPwm_Init
                0x00000c08       0x58 .\CortexM3\ARM_GCC_541\Debug\FinalProject.a(motorPwm.o)
                0x00000c08                motorPwm_Init
 .text.motorPwm_Start
                0x00000c60       0x1c .\CortexM3\ARM_GCC_541\Debug\FinalProject.a(motorPwm.o)
                0x00000c60                motorPwm_Start
 .text.mag_Write
                0x00000c7c       0x18 .\CortexM3\ARM_GCC_541\Debug\FinalProject.a(mag.o)
                0x00000c7c                mag_Write
 *fill*         0x00000c94        0x4 
 .text          0x00000c98       0x20 .\CortexM3\ARM_GCC_541\Debug\FinalProject.a(CyBootAsmGnu.o)
                0x00000c98                CyDelayCycles
                0x00000ca8                CyEnterCriticalSection
                0x00000cb0                CyExitCriticalSection
 .text          0x00000cb8      0x21c c:/program files (x86)/cypress/psoc creator/4.1/psoc creator/import/gnu/arm/5.4.1/bin/../lib/gcc/arm-none-eabi/5.4.1/armv7-m\libgcc.a(_arm_addsubsf3.o)
                0x00000cb8                __aeabi_frsub
                0x00000cc0                __subsf3
                0x00000cc0                __aeabi_fsub
                0x00000cc4                __aeabi_fadd
                0x00000cc4                __addsf3
                0x00000e24                __aeabi_ui2f
                0x00000e24                __floatunsisf
                0x00000e2c                __aeabi_i2f
                0x00000e2c                __floatsisf
                0x00000e48                __aeabi_ul2f
                0x00000e48                __floatundisf
                0x00000e58                __aeabi_l2f
                0x00000e58                __floatdisf
 .text          0x00000ed4      0x2a0 c:/program files (x86)/cypress/psoc creator/4.1/psoc creator/import/gnu/arm/5.4.1/bin/../lib/gcc/arm-none-eabi/5.4.1/armv7-m\libgcc.a(_arm_muldivsf3.o)
                0x00000ed4                __mulsf3
                0x00000ed4                __aeabi_fmul
                0x0000103c                __aeabi_fdiv
                0x0000103c                __divsf3
 .text          0x00001174       0x4c c:/program files (x86)/cypress/psoc creator/4.1/psoc creator/import/gnu/arm/5.4.1/bin/../lib/gcc/arm-none-eabi/5.4.1/armv7-m\libgcc.a(_arm_fixsfsi.o)
                0x00001174                __aeabi_f2iz
                0x00001174                __fixsfsi
 .text.__errno  0x000011c0        0xc c:/program files (x86)/cypress/psoc creator/4.1/psoc creator/import/gnu/arm/5.4.1/bin/../lib/gcc/arm-none-eabi/5.4.1/../../../../arm-none-eabi/lib/armv7-m\libg_nano.a(lib_a-errno.o)
                0x000011c0                __errno
 .text.__libc_init_array
                0x000011cc       0x4c c:/program files (x86)/cypress/psoc creator/4.1/psoc creator/import/gnu/arm/5.4.1/bin/../lib/gcc/arm-none-eabi/5.4.1/../../../../arm-none-eabi/lib/armv7-m\libg_nano.a(lib_a-init.o)
                0x000011cc                __libc_init_array
 .text.memcpy   0x00001218       0x16 c:/program files (x86)/cypress/psoc creator/4.1/psoc creator/import/gnu/arm/5.4.1/bin/../lib/gcc/arm-none-eabi/5.4.1/../../../../arm-none-eabi/lib/armv7-m\libg_nano.a(lib_a-memcpy-stub.o)
                0x00001218                memcpy
 .text.memset   0x0000122e       0x10 c:/program files (x86)/cypress/psoc creator/4.1/psoc creator/import/gnu/arm/5.4.1/bin/../lib/gcc/arm-none-eabi/5.4.1/../../../../arm-none-eabi/lib/armv7-m\libg_nano.a(lib_a-memset.o)
                0x0000122e                memset
 *(.plt)
 *(.gnu.warning)
 *(.glue_7t)
 .glue_7t       0x0000123e        0x0 linker stubs
 *(.glue_7)
 .glue_7        0x0000123e        0x0 linker stubs
 *(.vfp11_veneer)
 .vfp11_veneer  0x0000123e        0x0 linker stubs
 *(.bootloader)
 *(.ARM.extab* .gnu.linkonce.armextab.*)
 *(.gcc_except_table)

.v4_bx          0x00001240        0x0
 .v4_bx         0x00001240        0x0 linker stubs

.iplt           0x00001240        0x0
 .iplt          0x00001240        0x0 c:/program files (x86)/cypress/psoc creator/4.1/psoc creator/import/gnu/arm/5.4.1/bin/../lib/gcc/arm-none-eabi/5.4.1/armv7-m/crtbegin.o

.eh_frame_hdr
 *(.eh_frame_hdr)

.eh_frame       0x00001240        0x4
 *(.eh_frame)
 .eh_frame      0x00001240        0x0 c:/program files (x86)/cypress/psoc creator/4.1/psoc creator/import/gnu/arm/5.4.1/bin/../lib/gcc/arm-none-eabi/5.4.1/armv7-m/crtbegin.o
 .eh_frame      0x00001240        0x4 c:/program files (x86)/cypress/psoc creator/4.1/psoc creator/import/gnu/arm/5.4.1/bin/../lib/gcc/arm-none-eabi/5.4.1/armv7-m/crtend.o
                [!provide]                PROVIDE (__exidx_start, .)

.ARM.exidx
 *(.ARM.exidx* .gnu.linkonce.armexidx.*)
                0x00001244                __exidx_end = .

.rodata         0x00001244       0x6c
 *(.rodata .rodata.* .gnu.linkonce.r.*)
 .rodata        0x00001244       0x30 .\CortexM3\ARM_GCC_541\Debug\cyfitter_cfg.o
 .rodata.str1.1
                0x00001274        0x2 c:/program files (x86)/cypress/psoc creator/4.1/psoc creator/import/gnu/arm/5.4.1/bin/../lib/gcc/arm-none-eabi/5.4.1/../../../../arm-none-eabi/lib/armv7-m\libg_nano.a(lib_a-impure.o)
                0x00001278                . = ALIGN (0x4)
 *fill*         0x00001276        0x2 
 *(.init)
 .init          0x00001278        0x4 c:/program files (x86)/cypress/psoc creator/4.1/psoc creator/import/gnu/arm/5.4.1/bin/../lib/gcc/arm-none-eabi/5.4.1/armv7-m/crti.o
                0x00001278                _init
 .init          0x0000127c        0x8 c:/program files (x86)/cypress/psoc creator/4.1/psoc creator/import/gnu/arm/5.4.1/bin/../lib/gcc/arm-none-eabi/5.4.1/armv7-m/crtn.o
                0x00001284                . = ALIGN (0x4)
                0x00001284                __preinit_array_start = .
 *(.preinit_array)
                0x00001284                __preinit_array_end = .
                0x00001284                . = ALIGN (0x4)
                0x00001284                __init_array_start = .
 *(SORT(.init_array.*))
 *(.init_array)
 .init_array    0x00001284        0x4 c:/program files (x86)/cypress/psoc creator/4.1/psoc creator/import/gnu/arm/5.4.1/bin/../lib/gcc/arm-none-eabi/5.4.1/armv7-m/crtbegin.o
 .init_array    0x00001288        0x4 .\CortexM3\ARM_GCC_541\Debug\Cm3Start.o
                0x0000128c                __init_array_end = .
                0x0000128c                . = ALIGN (0x4)
 *(.fini)
 .fini          0x0000128c        0x4 c:/program files (x86)/cypress/psoc creator/4.1/psoc creator/import/gnu/arm/5.4.1/bin/../lib/gcc/arm-none-eabi/5.4.1/armv7-m/crti.o
                0x0000128c                _fini
 .fini          0x00001290        0x8 c:/program files (x86)/cypress/psoc creator/4.1/psoc creator/import/gnu/arm/5.4.1/bin/../lib/gcc/arm-none-eabi/5.4.1/armv7-m/crtn.o
                0x00001298                . = ALIGN (0x4)
                0x00001298                __fini_array_start = .
 *(.fini_array)
 .fini_array    0x00001298        0x4 c:/program files (x86)/cypress/psoc creator/4.1/psoc creator/import/gnu/arm/5.4.1/bin/../lib/gcc/arm-none-eabi/5.4.1/armv7-m/crtbegin.o
 *(SORT(.fini_array.*))
                0x0000129c                __fini_array_end = .
                0x0000129c                . = ALIGN (0x4)
 *crtbegin.o(.ctors)
 *(EXCLUDE_FILE(*crtend.o) .ctors)
 *(SORT(.ctors.*))
 *crtend.o(.ctors)
                0x0000129c                . = ALIGN (0x4)
 *crtbegin.o(.dtors)
 *(EXCLUDE_FILE(*crtend.o) .dtors)
 *(SORT(.dtors.*))
 *crtend.o(.dtors)
                0x0000129c                . = ALIGN (0x4)
                0x0000129c                __cy_regions = .
                0x0000129c        0x4 LONG 0x12b0 __cy_region_init_ram
                0x000012a0        0x4 LONG 0x1fff80c8 __cy_region_start_data
                0x000012a4        0x4 LONG 0x78 __cy_region_init_size_ram
                0x000012a8        0x4 LONG 0x28 __cy_region_zero_size_ram
                0x000012ac                __cy_regions_end = .
                0x000012b0                . = ALIGN (0x8)
 *fill*         0x000012ac        0x4 
                0x000012b0                _etext = .

.cy_checksum_exclude
                0x000012b0        0x0
 *(.cy_checksum_exclude)

.ramvectors     0x1fff8000       0xc0
                0x1fff8000                __cy_region_start_ram = .
 *(.ramvectors)
 .ramvectors    0x1fff8000       0xc0 .\CortexM3\ARM_GCC_541\Debug\Cm3Start.o
                0x1fff8000                CyRamVectors

.noinit         0x1fff80c0        0x1
 *(.noinit)
 .noinit        0x1fff80c0        0x1 .\CortexM3\ARM_GCC_541\Debug\FinalProject.a(CyLib.o)
                0x1fff80c0                CyResetStatus

.data           0x1fff80c8       0x78 load address 0x000012b0
                0x1fff80c8                __cy_region_start_data = .
 *(.jcr)
 .jcr           0x1fff80c8        0x0 c:/program files (x86)/cypress/psoc creator/4.1/psoc creator/import/gnu/arm/5.4.1/bin/../lib/gcc/arm-none-eabi/5.4.1/armv7-m/crtbegin.o
 .jcr           0x1fff80c8        0x4 c:/program files (x86)/cypress/psoc creator/4.1/psoc creator/import/gnu/arm/5.4.1/bin/../lib/gcc/arm-none-eabi/5.4.1/armv7-m/crtend.o
 *(.got.plt)
 *(.got)
 *(.shdata)
 *(.data .data.* .gnu.linkonce.d.*)
 .data          0x1fff80cc       0x10 .\CortexM3\ARM_GCC_541\Debug\FinalProject.a(CyLib.o)
                0x1fff80cc                cydelay_32k_ms
                0x1fff80d0                cydelay_freq_khz
                0x1fff80d4                cydelay_freq_mhz
                0x1fff80d8                cydelay_freq_hz
 .data.impure_data
                0x1fff80dc       0x60 c:/program files (x86)/cypress/psoc creator/4.1/psoc creator/import/gnu/arm/5.4.1/bin/../lib/gcc/arm-none-eabi/5.4.1/../../../../arm-none-eabi/lib/armv7-m\libg_nano.a(lib_a-impure.o)
 .data._impure_ptr
                0x1fff813c        0x4 c:/program files (x86)/cypress/psoc creator/4.1/psoc creator/import/gnu/arm/5.4.1/bin/../lib/gcc/arm-none-eabi/5.4.1/../../../../arm-none-eabi/lib/armv7-m\libg_nano.a(lib_a-impure.o)
                0x1fff813c                _impure_ptr
                0x1fff8140                . = ALIGN (0x8)
 *(.ram)
                0x1fff8140                _edata = .

.igot.plt       0x1fff8140        0x0 load address 0x00001328
 .igot.plt      0x1fff8140        0x0 c:/program files (x86)/cypress/psoc creator/4.1/psoc creator/import/gnu/arm/5.4.1/bin/../lib/gcc/arm-none-eabi/5.4.1/armv7-m/crtbegin.o

.bss            0x1fff8140       0x28 load address 0x00001328
                0x1fff8140                PROVIDE (__bss_start__, .)
 *(.shbss)
 *(.bss .bss.* .gnu.linkonce.b.*)
 .bss           0x1fff8140       0x1c c:/program files (x86)/cypress/psoc creator/4.1/psoc creator/import/gnu/arm/5.4.1/bin/../lib/gcc/arm-none-eabi/5.4.1/armv7-m/crtbegin.o
 .bss           0x1fff815c        0x2 .\CortexM3\ARM_GCC_541\Debug\FinalProject.a(lcd.o)
                0x1fff815c                lcd_enableState
                0x1fff815d                lcd_initVar
 .bss           0x1fff815e        0x1 .\CortexM3\ARM_GCC_541\Debug\FinalProject.a(servoPwm.o)
                0x1fff815e                servoPwm_initVar
 .bss           0x1fff815f        0x1 .\CortexM3\ARM_GCC_541\Debug\FinalProject.a(enc.o)
                0x1fff815f                enc_initVar
 .bss           0x1fff8160        0x4 .\CortexM3\ARM_GCC_541\Debug\FinalProject.a(enc_INT.o)
                0x1fff8160                enc_count32SoftPart
 .bss           0x1fff8164        0x1 .\CortexM3\ARM_GCC_541\Debug\FinalProject.a(enc_Cnt16.o)
                0x1fff8164                enc_Cnt16_initVar
 .bss           0x1fff8165        0x1 .\CortexM3\ARM_GCC_541\Debug\FinalProject.a(motorPwm.o)
                0x1fff8165                motorPwm_initVar
 *(COMMON)
                0x1fff8168                . = ALIGN (0x8)
 *fill*         0x1fff8166        0x2 
 *(.ram.b)
                0x1fff8168                _end = .
                0x1fff8168                __end = .
                0x1fff8168                PROVIDE (end, .)
                0x1fff8168                PROVIDE (__bss_end__, .)
                0x000012b0                __cy_region_init_ram = LOADADDR (.data)
                0x00000078                __cy_region_init_size_ram = (_edata - ADDR (.data))
                0x00000028                __cy_region_zero_size_ram = (_end - _edata)

.heap           0x1fff8168       0x80 load address 0x00001328
                0x1fff8168                . = _end
                0x1fff81e8                . = (. + 0x80)
 *fill*         0x1fff8168       0x80 
                0x1fff81e8                __cy_heap_limit = .

.stack          0x20007800      0x800
                0x20007800                __cy_stack_limit = .
                0x20008000                . = (. + 0x800)
 *fill*         0x20007800      0x800 
                0x00000001                ASSERT ((__cy_stack_limit >= __cy_heap_limit), region RAM overflowed with stack)
                0x00000000                cy_checksum_exclude_size = (CY_APPL_LOADABLE == 0x1)?SIZEOF (.cy_checksum_exclude):0x0
                0x00000001                ASSERT ((cy_checksum_exclude_size <= CY_CHECKSUM_EXCLUDE_SIZE), CY_BOOT: Section .cy_checksum_exclude size exceedes specified limit.)

.cyloadermeta
 *(.cyloadermeta)

.cyloadablemeta
 *(.cyloadablemeta)

.cyconfigecc    0x80000000      0x510
 *(.cyconfigecc)
 .cyconfigecc   0x80000000      0x510 .\CortexM3\ARM_GCC_541\Debug\cymetadata.o
                0x80000000                cy_meta_configecc

.cycustnvl      0x90000000        0x4
 *(.cycustnvl)
 .cycustnvl     0x90000000        0x4 .\CortexM3\ARM_GCC_541\Debug\cymetadata.o
                0x90000000                cy_meta_custnvl

.cywolatch      0x90100000        0x4
 *(.cywolatch)
 .cywolatch     0x90100000        0x4 .\CortexM3\ARM_GCC_541\Debug\cymetadata.o
                0x90100000                cy_meta_wonvl

.cyeeprom       0x90200000        0x0
 *(.cyeeprom)
                0x00000001                ASSERT ((. <= ((0x90200000 + ee_offset) + ee_size)), .cyeeprom data will not fit in EEPROM)

.cyflashprotect
                0x90400000      0x100
 *(.cyflashprotect)
 .cyflashprotect
                0x90400000      0x100 .\CortexM3\ARM_GCC_541\Debug\cymetadata.o
                0x90400000                cy_meta_flashprotect

.cymeta         0x90500000        0xc
 *(.cymeta)
 .cymeta        0x90500000        0xc .\CortexM3\ARM_GCC_541\Debug\cymetadata.o
                0x90500000                cy_metadata

.rel.dyn        0x00001328        0x0 load address 0x9050000c
 .rel.iplt      0x00001328        0x0 c:/program files (x86)/cypress/psoc creator/4.1/psoc creator/import/gnu/arm/5.4.1/bin/../lib/gcc/arm-none-eabi/5.4.1/armv7-m/crtbegin.o

.stab
 *(.stab)

.stabstr
 *(.stabstr)

.debug
 *(.debug)

.line
 *(.line)

.debug_srcinfo
 *(.debug_srcinfo)

.debug_sfnames
 *(.debug_sfnames)

.debug_aranges  0x00000000      0x870
 *(.debug_aranges)
 .debug_aranges
                0x00000000       0x30 .\CortexM3\ARM_GCC_541\Debug\main.o
 .debug_aranges
                0x00000030       0x58 .\CortexM3\ARM_GCC_541\Debug\cyfitter_cfg.o
 .debug_aranges
                0x00000088       0x18 .\CortexM3\ARM_GCC_541\Debug\cymetadata.o
 .debug_aranges
                0x000000a0       0x48 .\CortexM3\ARM_GCC_541\Debug\Cm3Start.o
 .debug_aranges
                0x000000e8      0x2a0 .\CortexM3\ARM_GCC_541\Debug\FinalProject.a(CyLib.o)
 .debug_aranges
                0x00000388       0x98 .\CortexM3\ARM_GCC_541\Debug\FinalProject.a(cyPm.o)
 .debug_aranges
                0x00000420       0x98 .\CortexM3\ARM_GCC_541\Debug\FinalProject.a(lcd.o)
 .debug_aranges
                0x000004b8       0xa8 .\CortexM3\ARM_GCC_541\Debug\FinalProject.a(servoPwm.o)
 .debug_aranges
                0x00000560       0x60 .\CortexM3\ARM_GCC_541\Debug\FinalProject.a(enc.o)
 .debug_aranges
                0x000005c0       0x20 .\CortexM3\ARM_GCC_541\Debug\FinalProject.a(enc_INT.o)
 .debug_aranges
                0x000005e0       0x98 .\CortexM3\ARM_GCC_541\Debug\FinalProject.a(enc_Cnt16.o)
 .debug_aranges
                0x00000678       0xa8 .\CortexM3\ARM_GCC_541\Debug\FinalProject.a(motorPwm.o)
 .debug_aranges
                0x00000720       0x38 .\CortexM3\ARM_GCC_541\Debug\FinalProject.a(mag.o)
 .debug_aranges
                0x00000758       0x20 .\CortexM3\ARM_GCC_541\Debug\FinalProject.a(CyBootAsmGnu.o)
 .debug_aranges
                0x00000778       0x80 .\CortexM3\ARM_GCC_541\Debug\FinalProject.a(CyFlash.o)
 .debug_aranges
                0x000007f8       0x78 .\CortexM3\ARM_GCC_541\Debug\FinalProject.a(CySpc.o)

.debug_pubnames
 *(.debug_pubnames)

.debug_info     0x00000000     0x4e89
 *(.debug_info .gnu.linkonce.wi.*)
 .debug_info    0x00000000      0x506 .\CortexM3\ARM_GCC_541\Debug\main.o
 .debug_info    0x00000506      0x4da .\CortexM3\ARM_GCC_541\Debug\cyfitter_cfg.o
 .debug_info    0x000009e0      0x136 .\CortexM3\ARM_GCC_541\Debug\cymetadata.o
 .debug_info    0x00000b16      0x3bb .\CortexM3\ARM_GCC_541\Debug\Cm3Start.o
 .debug_info    0x00000ed1     0x1374 .\CortexM3\ARM_GCC_541\Debug\FinalProject.a(CyLib.o)
 .debug_info    0x00002245      0xa2a .\CortexM3\ARM_GCC_541\Debug\FinalProject.a(cyPm.o)
 .debug_info    0x00002c6f      0x715 .\CortexM3\ARM_GCC_541\Debug\FinalProject.a(lcd.o)
 .debug_info    0x00003384      0x3a0 .\CortexM3\ARM_GCC_541\Debug\FinalProject.a(servoPwm.o)
 .debug_info    0x00003724      0x357 .\CortexM3\ARM_GCC_541\Debug\FinalProject.a(enc.o)
 .debug_info    0x00003a7b       0xf3 .\CortexM3\ARM_GCC_541\Debug\FinalProject.a(enc_INT.o)
 .debug_info    0x00003b6e      0x348 .\CortexM3\ARM_GCC_541\Debug\FinalProject.a(enc_Cnt16.o)
 .debug_info    0x00003eb6      0x383 .\CortexM3\ARM_GCC_541\Debug\FinalProject.a(motorPwm.o)
 .debug_info    0x00004239      0x11f .\CortexM3\ARM_GCC_541\Debug\FinalProject.a(mag.o)
 .debug_info    0x00004358       0x90 .\CortexM3\ARM_GCC_541\Debug\FinalProject.a(CyBootAsmGnu.o)
 .debug_info    0x000043e8      0x5b8 .\CortexM3\ARM_GCC_541\Debug\FinalProject.a(CyFlash.o)
 .debug_info    0x000049a0      0x4e9 .\CortexM3\ARM_GCC_541\Debug\FinalProject.a(CySpc.o)

.debug_abbrev   0x00000000     0x13ef
 *(.debug_abbrev)
 .debug_abbrev  0x00000000      0x14f .\CortexM3\ARM_GCC_541\Debug\main.o
 .debug_abbrev  0x0000014f      0x1fe .\CortexM3\ARM_GCC_541\Debug\cyfitter_cfg.o
 .debug_abbrev  0x0000034d       0x77 .\CortexM3\ARM_GCC_541\Debug\cymetadata.o
 .debug_abbrev  0x000003c4      0x1e8 .\CortexM3\ARM_GCC_541\Debug\Cm3Start.o
 .debug_abbrev  0x000005ac      0x254 .\CortexM3\ARM_GCC_541\Debug\FinalProject.a(CyLib.o)
 .debug_abbrev  0x00000800      0x1ab .\CortexM3\ARM_GCC_541\Debug\FinalProject.a(cyPm.o)
 .debug_abbrev  0x000009ab      0x157 .\CortexM3\ARM_GCC_541\Debug\FinalProject.a(lcd.o)
 .debug_abbrev  0x00000b02      0x133 .\CortexM3\ARM_GCC_541\Debug\FinalProject.a(servoPwm.o)
 .debug_abbrev  0x00000c35      0x128 .\CortexM3\ARM_GCC_541\Debug\FinalProject.a(enc.o)
 .debug_abbrev  0x00000d5d       0x78 .\CortexM3\ARM_GCC_541\Debug\FinalProject.a(enc_INT.o)
 .debug_abbrev  0x00000dd5      0x117 .\CortexM3\ARM_GCC_541\Debug\FinalProject.a(enc_Cnt16.o)
 .debug_abbrev  0x00000eec      0x133 .\CortexM3\ARM_GCC_541\Debug\FinalProject.a(motorPwm.o)
 .debug_abbrev  0x0000101f       0x90 .\CortexM3\ARM_GCC_541\Debug\FinalProject.a(mag.o)
 .debug_abbrev  0x000010af       0x14 .\CortexM3\ARM_GCC_541\Debug\FinalProject.a(CyBootAsmGnu.o)
 .debug_abbrev  0x000010c3      0x198 .\CortexM3\ARM_GCC_541\Debug\FinalProject.a(CyFlash.o)
 .debug_abbrev  0x0000125b      0x194 .\CortexM3\ARM_GCC_541\Debug\FinalProject.a(CySpc.o)

.debug_line     0x00000000     0x203b
 *(.debug_line)
 .debug_line    0x00000000      0x201 .\CortexM3\ARM_GCC_541\Debug\main.o
 .debug_line    0x00000201      0x1dc .\CortexM3\ARM_GCC_541\Debug\cyfitter_cfg.o
 .debug_line    0x000003dd      0x141 .\CortexM3\ARM_GCC_541\Debug\cymetadata.o
 .debug_line    0x0000051e      0x234 .\CortexM3\ARM_GCC_541\Debug\Cm3Start.o
 .debug_line    0x00000752      0x816 .\CortexM3\ARM_GCC_541\Debug\FinalProject.a(CyLib.o)
 .debug_line    0x00000f68      0x367 .\CortexM3\ARM_GCC_541\Debug\FinalProject.a(cyPm.o)
 .debug_line    0x000012cf      0x1dc .\CortexM3\ARM_GCC_541\Debug\FinalProject.a(lcd.o)
 .debug_line    0x000014ab      0x1af .\CortexM3\ARM_GCC_541\Debug\FinalProject.a(servoPwm.o)
 .debug_line    0x0000165a      0x12b .\CortexM3\ARM_GCC_541\Debug\FinalProject.a(enc.o)
 .debug_line    0x00001785       0x66 .\CortexM3\ARM_GCC_541\Debug\FinalProject.a(enc_INT.o)
 .debug_line    0x000017eb      0x189 .\CortexM3\ARM_GCC_541\Debug\FinalProject.a(enc_Cnt16.o)
 .debug_line    0x00001974      0x1ac .\CortexM3\ARM_GCC_541\Debug\FinalProject.a(motorPwm.o)
 .debug_line    0x00001b20       0x90 .\CortexM3\ARM_GCC_541\Debug\FinalProject.a(mag.o)
 .debug_line    0x00001bb0       0x66 .\CortexM3\ARM_GCC_541\Debug\FinalProject.a(CyBootAsmGnu.o)
 .debug_line    0x00001c16      0x1e9 .\CortexM3\ARM_GCC_541\Debug\FinalProject.a(CyFlash.o)
 .debug_line    0x00001dff      0x23c .\CortexM3\ARM_GCC_541\Debug\FinalProject.a(CySpc.o)

.debug_frame    0x00000000     0x15e0
 *(.debug_frame)
 .debug_frame   0x00000000       0x64 .\CortexM3\ARM_GCC_541\Debug\main.o
 .debug_frame   0x00000064       0xe4 .\CortexM3\ARM_GCC_541\Debug\cyfitter_cfg.o
 .debug_frame   0x00000148       0xb8 .\CortexM3\ARM_GCC_541\Debug\Cm3Start.o
 .debug_frame   0x00000200      0x738 .\CortexM3\ARM_GCC_541\Debug\FinalProject.a(CyLib.o)
 .debug_frame   0x00000938      0x1f8 .\CortexM3\ARM_GCC_541\Debug\FinalProject.a(cyPm.o)
 .debug_frame   0x00000b30      0x1e8 .\CortexM3\ARM_GCC_541\Debug\FinalProject.a(lcd.o)
 .debug_frame   0x00000d18      0x154 .\CortexM3\ARM_GCC_541\Debug\FinalProject.a(servoPwm.o)
 .debug_frame   0x00000e6c       0xec .\CortexM3\ARM_GCC_541\Debug\FinalProject.a(enc.o)
 .debug_frame   0x00000f58       0x20 .\CortexM3\ARM_GCC_541\Debug\FinalProject.a(enc_INT.o)
 .debug_frame   0x00000f78      0x134 .\CortexM3\ARM_GCC_541\Debug\FinalProject.a(enc_Cnt16.o)
 .debug_frame   0x000010ac      0x154 .\CortexM3\ARM_GCC_541\Debug\FinalProject.a(motorPwm.o)
 .debug_frame   0x00001200       0x50 .\CortexM3\ARM_GCC_541\Debug\FinalProject.a(mag.o)
 .debug_frame   0x00001250      0x174 .\CortexM3\ARM_GCC_541\Debug\FinalProject.a(CyFlash.o)
 .debug_frame   0x000013c4      0x160 .\CortexM3\ARM_GCC_541\Debug\FinalProject.a(CySpc.o)
 .debug_frame   0x00001524       0x20 c:/program files (x86)/cypress/psoc creator/4.1/psoc creator/import/gnu/arm/5.4.1/bin/../lib/gcc/arm-none-eabi/5.4.1/../../../../arm-none-eabi/lib/armv7-m\libg_nano.a(lib_a-errno.o)
 .debug_frame   0x00001544       0x28 c:/program files (x86)/cypress/psoc creator/4.1/psoc creator/import/gnu/arm/5.4.1/bin/../lib/gcc/arm-none-eabi/5.4.1/../../../../arm-none-eabi/lib/armv7-m\libg_nano.a(lib_a-exit.o)
 .debug_frame   0x0000156c       0x2c c:/program files (x86)/cypress/psoc creator/4.1/psoc creator/import/gnu/arm/5.4.1/bin/../lib/gcc/arm-none-eabi/5.4.1/../../../../arm-none-eabi/lib/armv7-m\libg_nano.a(lib_a-init.o)
 .debug_frame   0x00001598       0x28 c:/program files (x86)/cypress/psoc creator/4.1/psoc creator/import/gnu/arm/5.4.1/bin/../lib/gcc/arm-none-eabi/5.4.1/../../../../arm-none-eabi/lib/armv7-m\libg_nano.a(lib_a-memcpy-stub.o)
 .debug_frame   0x000015c0       0x20 c:/program files (x86)/cypress/psoc creator/4.1/psoc creator/import/gnu/arm/5.4.1/bin/../lib/gcc/arm-none-eabi/5.4.1/../../../../arm-none-eabi/lib/armv7-m\libg_nano.a(lib_a-memset.o)

.debug_str      0x00000000     0x1b51
 *(.debug_str)
 .debug_str     0x00000000      0x2b2 .\CortexM3\ARM_GCC_541\Debug\main.o
                                0x300 (size before relaxing)
 .debug_str     0x000002b2      0x180 .\CortexM3\ARM_GCC_541\Debug\cyfitter_cfg.o
                                0x315 (size before relaxing)
 .debug_str     0x00000432       0x7f .\CortexM3\ARM_GCC_541\Debug\cymetadata.o
                                0x1e4 (size before relaxing)
 .debug_str     0x000004b1      0x13e .\CortexM3\ARM_GCC_541\Debug\Cm3Start.o
                                0x30a (size before relaxing)
 .debug_str     0x000005ef      0x83d .\CortexM3\ARM_GCC_541\Debug\FinalProject.a(CyLib.o)
                                0xa47 (size before relaxing)
 .debug_str     0x00000e2c      0x365 .\CortexM3\ARM_GCC_541\Debug\FinalProject.a(cyPm.o)
                                0x733 (size before relaxing)
 .debug_str     0x00001191      0x12d .\CortexM3\ARM_GCC_541\Debug\FinalProject.a(lcd.o)
                                0x32b (size before relaxing)
 .debug_str     0x000012be      0x1c1 .\CortexM3\ARM_GCC_541\Debug\FinalProject.a(servoPwm.o)
                                0x3c6 (size before relaxing)
 .debug_str     0x0000147f       0xfe .\CortexM3\ARM_GCC_541\Debug\FinalProject.a(enc.o)
                                0x32a (size before relaxing)
 .debug_str     0x0000157d       0x36 .\CortexM3\ARM_GCC_541\Debug\FinalProject.a(enc_INT.o)
                                0x1d6 (size before relaxing)
 .debug_str     0x000015b3      0x174 .\CortexM3\ARM_GCC_541\Debug\FinalProject.a(enc_Cnt16.o)
                                0x3a4 (size before relaxing)
 .debug_str     0x00001727      0x190 .\CortexM3\ARM_GCC_541\Debug\FinalProject.a(motorPwm.o)
                                0x3b9 (size before relaxing)
 .debug_str     0x000018b7       0x52 .\CortexM3\ARM_GCC_541\Debug\FinalProject.a(mag.o)
                                0x1d8 (size before relaxing)
 .debug_str     0x00001909      0x19c .\CortexM3\ARM_GCC_541\Debug\FinalProject.a(CyFlash.o)
                                0x3a1 (size before relaxing)
 .debug_str     0x00001aa5       0xac .\CortexM3\ARM_GCC_541\Debug\FinalProject.a(CySpc.o)
                                0x32a (size before relaxing)

.debug_loc      0x00000000     0x1e7c
 *(.debug_loc)
 .debug_loc     0x00000000       0xd0 .\CortexM3\ARM_GCC_541\Debug\main.o
 .debug_loc     0x000000d0      0x1d7 .\CortexM3\ARM_GCC_541\Debug\cyfitter_cfg.o
 .debug_loc     0x000002a7      0x144 .\CortexM3\ARM_GCC_541\Debug\Cm3Start.o
 .debug_loc     0x000003eb      0xa11 .\CortexM3\ARM_GCC_541\Debug\FinalProject.a(CyLib.o)
 .debug_loc     0x00000dfc      0x1e4 .\CortexM3\ARM_GCC_541\Debug\FinalProject.a(cyPm.o)
 .debug_loc     0x00000fe0      0x3c6 .\CortexM3\ARM_GCC_541\Debug\FinalProject.a(lcd.o)
 .debug_loc     0x000013a6       0x26 .\CortexM3\ARM_GCC_541\Debug\FinalProject.a(servoPwm.o)
 .debug_loc     0x000013cc       0xb9 .\CortexM3\ARM_GCC_541\Debug\FinalProject.a(enc.o)
 .debug_loc     0x00001485       0x13 .\CortexM3\ARM_GCC_541\Debug\FinalProject.a(enc_INT.o)
 .debug_loc     0x00001498       0x3d .\CortexM3\ARM_GCC_541\Debug\FinalProject.a(enc_Cnt16.o)
 .debug_loc     0x000014d5       0x26 .\CortexM3\ARM_GCC_541\Debug\FinalProject.a(motorPwm.o)
 .debug_loc     0x000014fb       0x42 .\CortexM3\ARM_GCC_541\Debug\FinalProject.a(mag.o)
 .debug_loc     0x0000153d      0x2f2 .\CortexM3\ARM_GCC_541\Debug\FinalProject.a(CyFlash.o)
 .debug_loc     0x0000182f      0x64d .\CortexM3\ARM_GCC_541\Debug\FinalProject.a(CySpc.o)

.debug_macinfo
 *(.debug_macinfo)

.debug_ranges   0x00000000      0x758
 *(.debug_ranges)
 .debug_ranges  0x00000000       0x20 .\CortexM3\ARM_GCC_541\Debug\main.o
 .debug_ranges  0x00000020       0x48 .\CortexM3\ARM_GCC_541\Debug\cyfitter_cfg.o
 .debug_ranges  0x00000068       0x38 .\CortexM3\ARM_GCC_541\Debug\Cm3Start.o
 .debug_ranges  0x000000a0      0x290 .\CortexM3\ARM_GCC_541\Debug\FinalProject.a(CyLib.o)
 .debug_ranges  0x00000330       0x88 .\CortexM3\ARM_GCC_541\Debug\FinalProject.a(cyPm.o)
 .debug_ranges  0x000003b8       0x88 .\CortexM3\ARM_GCC_541\Debug\FinalProject.a(lcd.o)
 .debug_ranges  0x00000440       0x98 .\CortexM3\ARM_GCC_541\Debug\FinalProject.a(servoPwm.o)
 .debug_ranges  0x000004d8       0x50 .\CortexM3\ARM_GCC_541\Debug\FinalProject.a(enc.o)
 .debug_ranges  0x00000528       0x10 .\CortexM3\ARM_GCC_541\Debug\FinalProject.a(enc_INT.o)
 .debug_ranges  0x00000538       0x88 .\CortexM3\ARM_GCC_541\Debug\FinalProject.a(enc_Cnt16.o)
 .debug_ranges  0x000005c0       0x98 .\CortexM3\ARM_GCC_541\Debug\FinalProject.a(motorPwm.o)
 .debug_ranges  0x00000658       0x28 .\CortexM3\ARM_GCC_541\Debug\FinalProject.a(mag.o)
 .debug_ranges  0x00000680       0x70 .\CortexM3\ARM_GCC_541\Debug\FinalProject.a(CyFlash.o)
 .debug_ranges  0x000006f0       0x68 .\CortexM3\ARM_GCC_541\Debug\FinalProject.a(CySpc.o)

.comment        0x00000000       0x6e
 .comment       0x00000000       0x6e .\CortexM3\ARM_GCC_541\Debug\main.o
                                 0x6f (size before relaxing)
 .comment       0x0000006e       0x6f .\CortexM3\ARM_GCC_541\Debug\cyfitter_cfg.o
 .comment       0x0000006e       0x6f .\CortexM3\ARM_GCC_541\Debug\cymetadata.o
 .comment       0x0000006e       0x6f .\CortexM3\ARM_GCC_541\Debug\Cm3Start.o
 .comment       0x0000006e       0x6f .\CortexM3\ARM_GCC_541\Debug\FinalProject.a(CyLib.o)
 .comment       0x0000006e       0x6f .\CortexM3\ARM_GCC_541\Debug\FinalProject.a(cyPm.o)
 .comment       0x0000006e       0x6f .\CortexM3\ARM_GCC_541\Debug\FinalProject.a(lcd.o)
 .comment       0x0000006e       0x6f .\CortexM3\ARM_GCC_541\Debug\FinalProject.a(servoPwm.o)
 .comment       0x0000006e       0x6f .\CortexM3\ARM_GCC_541\Debug\FinalProject.a(enc.o)
 .comment       0x0000006e       0x6f .\CortexM3\ARM_GCC_541\Debug\FinalProject.a(enc_INT.o)
 .comment       0x0000006e       0x6f .\CortexM3\ARM_GCC_541\Debug\FinalProject.a(enc_Cnt16.o)
 .comment       0x0000006e       0x6f .\CortexM3\ARM_GCC_541\Debug\FinalProject.a(motorPwm.o)
 .comment       0x0000006e       0x6f .\CortexM3\ARM_GCC_541\Debug\FinalProject.a(mag.o)
 .comment       0x0000006e       0x6f .\CortexM3\ARM_GCC_541\Debug\FinalProject.a(CyFlash.o)
 .comment       0x0000006e       0x6f .\CortexM3\ARM_GCC_541\Debug\FinalProject.a(CySpc.o)

.debug_weaknames
 *(.debug_weaknames)

.debug_funcnames
 *(.debug_funcnames)

.debug_typenames
 *(.debug_typenames)

.debug_varnames
 *(.debug_varnames)

.note.gnu.arm.ident
 *(.note.gnu.arm.ident)

.ARM.attributes
                0x00000000       0x29
 *(.ARM.attributes)
 .ARM.attributes
                0x00000000       0x1d c:/program files (x86)/cypress/psoc creator/4.1/psoc creator/import/gnu/arm/5.4.1/bin/../lib/gcc/arm-none-eabi/5.4.1/armv7-m/crti.o
 .ARM.attributes
                0x0000001d       0x2d c:/program files (x86)/cypress/psoc creator/4.1/psoc creator/import/gnu/arm/5.4.1/bin/../lib/gcc/arm-none-eabi/5.4.1/armv7-m/crtbegin.o
 .ARM.attributes
                0x0000004a       0x1b c:/program files (x86)/cypress/psoc creator/4.1/psoc creator/import/gnu/arm/5.4.1/bin/../lib/gcc/arm-none-eabi/5.4.1/../../../../arm-none-eabi/lib/armv7-m/crt0.o
 .ARM.attributes
                0x00000065       0x33 .\CortexM3\ARM_GCC_541\Debug\main.o
 .ARM.attributes
                0x00000098       0x33 .\CortexM3\ARM_GCC_541\Debug\cyfitter_cfg.o
 .ARM.attributes
                0x000000cb       0x33 .\CortexM3\ARM_GCC_541\Debug\cymetadata.o
 .ARM.attributes
                0x000000fe       0x33 .\CortexM3\ARM_GCC_541\Debug\Cm3Start.o
 .ARM.attributes
                0x00000131       0x33 .\CortexM3\ARM_GCC_541\Debug\FinalProject.a(CyLib.o)
 .ARM.attributes
                0x00000164       0x33 .\CortexM3\ARM_GCC_541\Debug\FinalProject.a(cyPm.o)
 .ARM.attributes
                0x00000197       0x33 .\CortexM3\ARM_GCC_541\Debug\FinalProject.a(lcd.o)
 .ARM.attributes
                0x000001ca       0x33 .\CortexM3\ARM_GCC_541\Debug\FinalProject.a(servoPwm.o)
 .ARM.attributes
                0x000001fd       0x33 .\CortexM3\ARM_GCC_541\Debug\FinalProject.a(enc.o)
 .ARM.attributes
                0x00000230       0x33 .\CortexM3\ARM_GCC_541\Debug\FinalProject.a(enc_INT.o)
 .ARM.attributes
                0x00000263       0x33 .\CortexM3\ARM_GCC_541\Debug\FinalProject.a(enc_Cnt16.o)
 .ARM.attributes
                0x00000296       0x33 .\CortexM3\ARM_GCC_541\Debug\FinalProject.a(motorPwm.o)
 .ARM.attributes
                0x000002c9       0x33 .\CortexM3\ARM_GCC_541\Debug\FinalProject.a(mag.o)
 .ARM.attributes
                0x000002fc       0x21 .\CortexM3\ARM_GCC_541\Debug\FinalProject.a(CyBootAsmGnu.o)
 .ARM.attributes
                0x0000031d       0x33 .\CortexM3\ARM_GCC_541\Debug\FinalProject.a(CyFlash.o)
 .ARM.attributes
                0x00000350       0x33 .\CortexM3\ARM_GCC_541\Debug\FinalProject.a(CySpc.o)
 .ARM.attributes
                0x00000383       0x1d c:/program files (x86)/cypress/psoc creator/4.1/psoc creator/import/gnu/arm/5.4.1/bin/../lib/gcc/arm-none-eabi/5.4.1/armv7-m\libgcc.a(_arm_addsubsf3.o)
 .ARM.attributes
                0x000003a0       0x1d c:/program files (x86)/cypress/psoc creator/4.1/psoc creator/import/gnu/arm/5.4.1/bin/../lib/gcc/arm-none-eabi/5.4.1/armv7-m\libgcc.a(_arm_muldivsf3.o)
 .ARM.attributes
                0x000003bd       0x1d c:/program files (x86)/cypress/psoc creator/4.1/psoc creator/import/gnu/arm/5.4.1/bin/../lib/gcc/arm-none-eabi/5.4.1/armv7-m\libgcc.a(_arm_fixsfsi.o)
 .ARM.attributes
                0x000003da       0x2d c:/program files (x86)/cypress/psoc creator/4.1/psoc creator/import/gnu/arm/5.4.1/bin/../lib/gcc/arm-none-eabi/5.4.1/../../../../arm-none-eabi/lib/armv7-m\libg_nano.a(lib_a-errno.o)
 .ARM.attributes
                0x00000407       0x2d c:/program files (x86)/cypress/psoc creator/4.1/psoc creator/import/gnu/arm/5.4.1/bin/../lib/gcc/arm-none-eabi/5.4.1/../../../../arm-none-eabi/lib/armv7-m\libg_nano.a(lib_a-exit.o)
 .ARM.attributes
                0x00000434       0x2d c:/program files (x86)/cypress/psoc creator/4.1/psoc creator/import/gnu/arm/5.4.1/bin/../lib/gcc/arm-none-eabi/5.4.1/../../../../arm-none-eabi/lib/armv7-m\libg_nano.a(lib_a-impure.o)
 .ARM.attributes
                0x00000461       0x2d c:/program files (x86)/cypress/psoc creator/4.1/psoc creator/import/gnu/arm/5.4.1/bin/../lib/gcc/arm-none-eabi/5.4.1/../../../../arm-none-eabi/lib/armv7-m\libg_nano.a(lib_a-init.o)
 .ARM.attributes
                0x0000048e       0x2d c:/program files (x86)/cypress/psoc creator/4.1/psoc creator/import/gnu/arm/5.4.1/bin/../lib/gcc/arm-none-eabi/5.4.1/../../../../arm-none-eabi/lib/armv7-m\libg_nano.a(lib_a-memcpy-stub.o)
 .ARM.attributes
                0x000004bb       0x2d c:/program files (x86)/cypress/psoc creator/4.1/psoc creator/import/gnu/arm/5.4.1/bin/../lib/gcc/arm-none-eabi/5.4.1/../../../../arm-none-eabi/lib/armv7-m\libg_nano.a(lib_a-memset.o)
 .ARM.attributes
                0x000004e8       0x2d c:/program files (x86)/cypress/psoc creator/4.1/psoc creator/import/gnu/arm/5.4.1/bin/../lib/gcc/arm-none-eabi/5.4.1/armv7-m/crtend.o
 .ARM.attributes
                0x00000515       0x1d c:/program files (x86)/cypress/psoc creator/4.1/psoc creator/import/gnu/arm/5.4.1/bin/../lib/gcc/arm-none-eabi/5.4.1/armv7-m/crtn.o

/DISCARD/
 *(.note.GNU-stack)
OUTPUT(C:\Users\Jacob\Documents\Junior\EGR 455\EGR455\FinalProject.cydsn\CortexM3\ARM_GCC_541\Debug\FinalProject.elf elf32-littlearm)
