Archive member included to satisfy reference by file (symbol)

.\CortexM3\ARM_GCC_541\Debug\FinalProject.a(CyLib.o)
                              .\CortexM3\ARM_GCC_541\Debug\Cm3Start.o (CyHalt)
.\CortexM3\ARM_GCC_541\Debug\FinalProject.a(cyPm.o)
                              .\CortexM3\ARM_GCC_541\Debug\FinalProject.a(CyLib.o) (CyPmReadStatus)
.\CortexM3\ARM_GCC_541\Debug\FinalProject.a(lcd.o)
                              .\CortexM3\ARM_GCC_541\Debug\main.o (lcd_WriteControl)
.\CortexM3\ARM_GCC_541\Debug\FinalProject.a(servoPwm.o)
                              .\CortexM3\ARM_GCC_541\Debug\main.o (servoPwm_WriteCompare1)
.\CortexM3\ARM_GCC_541\Debug\FinalProject.a(enc.o)
                              .\CortexM3\ARM_GCC_541\Debug\main.o (enc_GetCounter)
.\CortexM3\ARM_GCC_541\Debug\FinalProject.a(enc_INT.o)
                              .\CortexM3\ARM_GCC_541\Debug\FinalProject.a(enc.o) (enc_ISR)
.\CortexM3\ARM_GCC_541\Debug\FinalProject.a(enc_Cnt16.o)
                              .\CortexM3\ARM_GCC_541\Debug\FinalProject.a(enc.o) (enc_Cnt16_Stop)
.\CortexM3\ARM_GCC_541\Debug\FinalProject.a(motorPwm.o)
                              .\CortexM3\ARM_GCC_541\Debug\main.o (motorPwm_WriteCompare1)
.\CortexM3\ARM_GCC_541\Debug\FinalProject.a(mag.o)
                              .\CortexM3\ARM_GCC_541\Debug\main.o (mag_Write)
.\CortexM3\ARM_GCC_541\Debug\FinalProject.a(uart.o)
                              .\CortexM3\ARM_GCC_541\Debug\main.o (uart_Start)
.\CortexM3\ARM_GCC_541\Debug\FinalProject.a(uart_IntClock.o)
                              .\CortexM3\ARM_GCC_541\Debug\FinalProject.a(uart.o) (uart_IntClock_Start)
.\CortexM3\ARM_GCC_541\Debug\FinalProject.a(CyBootAsmGnu.o)
                              .\CortexM3\ARM_GCC_541\Debug\cyfitter_cfg.o (CyDelayCycles)
.\CortexM3\ARM_GCC_541\Debug\FinalProject.a(CyFlash.o)
                              .\CortexM3\ARM_GCC_541\Debug\FinalProject.a(cyPm.o) (CyFlash_SetWaitCycles)
.\CortexM3\ARM_GCC_541\Debug\FinalProject.a(CySpc.o)
                              .\CortexM3\ARM_GCC_541\Debug\FinalProject.a(CyFlash.o) (CySpcStart)
c:/program files (x86)/cypress/psoc creator/4.1/psoc creator/import/gnu/arm/5.4.1/bin/../lib/gcc/arm-none-eabi/5.4.1/../../../../arm-none-eabi/lib/armv7-m\libm.a(lib_a-s_atan.o)
                              .\CortexM3\ARM_GCC_541\Debug\main.o (atan)
c:/program files (x86)/cypress/psoc creator/4.1/psoc creator/import/gnu/arm/5.4.1/bin/../lib/gcc/arm-none-eabi/5.4.1/../../../../arm-none-eabi/lib/armv7-m\libm.a(lib_a-s_fabs.o)
                              c:/program files (x86)/cypress/psoc creator/4.1/psoc creator/import/gnu/arm/5.4.1/bin/../lib/gcc/arm-none-eabi/5.4.1/../../../../arm-none-eabi/lib/armv7-m\libm.a(lib_a-s_atan.o) (fabs)
c:/program files (x86)/cypress/psoc creator/4.1/psoc creator/import/gnu/arm/5.4.1/bin/../lib/gcc/arm-none-eabi/5.4.1/../../../../arm-none-eabi/lib/armv7-m\libm.a(lib_a-w_acos.o)
                              .\CortexM3\ARM_GCC_541\Debug\main.o (acos)
c:/program files (x86)/cypress/psoc creator/4.1/psoc creator/import/gnu/arm/5.4.1/bin/../lib/gcc/arm-none-eabi/5.4.1/../../../../arm-none-eabi/lib/armv7-m\libm.a(lib_a-w_sqrt.o)
                              .\CortexM3\ARM_GCC_541\Debug\main.o (sqrt)
c:/program files (x86)/cypress/psoc creator/4.1/psoc creator/import/gnu/arm/5.4.1/bin/../lib/gcc/arm-none-eabi/5.4.1/../../../../arm-none-eabi/lib/armv7-m\libm.a(lib_a-e_acos.o)
                              c:/program files (x86)/cypress/psoc creator/4.1/psoc creator/import/gnu/arm/5.4.1/bin/../lib/gcc/arm-none-eabi/5.4.1/../../../../arm-none-eabi/lib/armv7-m\libm.a(lib_a-w_acos.o) (__ieee754_acos)
c:/program files (x86)/cypress/psoc creator/4.1/psoc creator/import/gnu/arm/5.4.1/bin/../lib/gcc/arm-none-eabi/5.4.1/../../../../arm-none-eabi/lib/armv7-m\libm.a(lib_a-e_sqrt.o)
                              c:/program files (x86)/cypress/psoc creator/4.1/psoc creator/import/gnu/arm/5.4.1/bin/../lib/gcc/arm-none-eabi/5.4.1/../../../../arm-none-eabi/lib/armv7-m\libm.a(lib_a-w_sqrt.o) (__ieee754_sqrt)
c:/program files (x86)/cypress/psoc creator/4.1/psoc creator/import/gnu/arm/5.4.1/bin/../lib/gcc/arm-none-eabi/5.4.1/../../../../arm-none-eabi/lib/armv7-m\libm.a(lib_a-s_lib_ver.o)
                              c:/program files (x86)/cypress/psoc creator/4.1/psoc creator/import/gnu/arm/5.4.1/bin/../lib/gcc/arm-none-eabi/5.4.1/../../../../arm-none-eabi/lib/armv7-m\libm.a(lib_a-w_acos.o) (__fdlib_version)
c:/program files (x86)/cypress/psoc creator/4.1/psoc creator/import/gnu/arm/5.4.1/bin/../lib/gcc/arm-none-eabi/5.4.1/../../../../arm-none-eabi/lib/armv7-m\libm.a(lib_a-s_matherr.o)
                              c:/program files (x86)/cypress/psoc creator/4.1/psoc creator/import/gnu/arm/5.4.1/bin/../lib/gcc/arm-none-eabi/5.4.1/../../../../arm-none-eabi/lib/armv7-m\libm.a(lib_a-w_acos.o) (matherr)
[...]
Memory Configuration

Name             Origin             Length             Attributes
rom              0x00000000         0x00040000         xr
ram              0x1fff8000         0x00010000         xrw
*default*        0x00000000         0xffffffff

Linker script and memory map

LOAD c:/program files (x86)/cypress/psoc creator/4.1/psoc creator/import/gnu/arm/5.4.1/bin/../lib/gcc/arm-none-eabi/5.4.1/armv7-m/crti.o
LOAD c:/program files (x86)/cypress/psoc creator/4.1/psoc creator/import/gnu/arm/5.4.1/bin/../lib/gcc/arm-none-eabi/5.4.1/armv7-m/crtbegin.o
LOAD c:/program files (x86)/cypress/psoc creator/4.1/psoc creator/import/gnu/arm/5.4.1/bin/../lib/gcc/arm-none-eabi/5.4.1/../../../../arm-none-eabi/lib/armv7-m/crt0.o
START GROUP
LOAD .\CortexM3\ARM_GCC_541\Debug\main.o
LOAD .\CortexM3\ARM_GCC_541\Debug\cyfitter_cfg.o
LOAD .\CortexM3\ARM_GCC_541\Debug\cymetadata.o
LOAD .\CortexM3\ARM_GCC_541\Debug\Cm3Start.o
LOAD .\CortexM3\ARM_GCC_541\Debug\FinalProject.a
LOAD C:\Program Files (x86)\Cypress\PSoC Creator\4.1\PSoC Creator\psoc\content\cycomponentlibrary\CyComponentLibrary.cylib\CortexM3\ARM_GCC_541\Debug\CyComponentLibrary.a
LOAD c:/program files (x86)/cypress/psoc creator/4.1/psoc creator/import/gnu/arm/5.4.1/bin/../lib/gcc/arm-none-eabi/5.4.1/../../../../arm-none-eabi/lib/armv7-m\libm.a
END GROUP
START GROUP
LOAD c:/program files (x86)/cypress/psoc creator/4.1/psoc creator/import/gnu/arm/5.4.1/bin/../lib/gcc/arm-none-eabi/5.4.1/armv7-m\libgcc.a
LOAD c:/program files (x86)/cypress/psoc creator/4.1/psoc creator/import/gnu/arm/5.4.1/bin/../lib/gcc/arm-none-eabi/5.4.1/../../../../arm-none-eabi/lib/armv7-m\libg_nano.a
LOAD c:/program files (x86)/cypress/psoc creator/4.1/psoc creator/import/gnu/arm/5.4.1/bin/../lib/gcc/arm-none-eabi/5.4.1/../../../../arm-none-eabi/lib/armv7-m\libc_nano.a
END GROUP
START GROUP
LOAD c:/program files (x86)/cypress/psoc creator/4.1/psoc creator/import/gnu/arm/5.4.1/bin/../lib/gcc/arm-none-eabi/5.4.1/armv7-m\libgcc.a
LOAD c:/program files (x86)/cypress/psoc creator/4.1/psoc creator/import/gnu/arm/5.4.1/bin/../lib/gcc/arm-none-eabi/5.4.1/../../../../arm-none-eabi/lib/armv7-m\libc_nano.a
END GROUP
LOAD c:/program files (x86)/cypress/psoc creator/4.1/psoc creator/import/gnu/arm/5.4.1/bin/../lib/gcc/arm-none-eabi/5.4.1/armv7-m/crtend.o
LOAD c:/program files (x86)/cypress/psoc creator/4.1/psoc creator/import/gnu/arm/5.4.1/bin/../lib/gcc/arm-none-eabi/5.4.1/armv7-m/crtn.o
START GROUP
LOAD c:/program files (x86)/cypress/psoc creator/4.1/psoc creator/import/gnu/arm/5.4.1/bin/../lib/gcc/arm-none-eabi/5.4.1/armv7-m\libgcc.a
LOAD c:/program files (x86)/cypress/psoc creator/4.1/psoc creator/import/gnu/arm/5.4.1/bin/../lib/gcc/arm-none-eabi/5.4.1/../../../../arm-none-eabi/lib/armv7-m\libc.a
LOAD c:/program files (x86)/cypress/psoc creator/4.1/psoc creator/import/gnu/arm/5.4.1/bin/../lib/gcc/arm-none-eabi/5.4.1/../../../../arm-none-eabi/lib/armv7-m\libnosys.a
END GROUP
                0x00000000                CY_APPL_ORIGIN = 0x0
                0x00000100                CY_FLASH_ROW_SIZE = 0x100
                0x00000020                CY_ECC_ROW_SIZE = 0x20
                0x00000000                CY_EE_IN_BTLDR = 0x0
                0x00000000                CY_APPL_LOADABLE = 0x0
                0x00000800                CY_EE_SIZE = 0x800
                0x00000001                CY_APPL_NUM = 0x1
                0x00000001                CY_APPL_MAX = 0x1
                0x00000040                CY_METADATA_SIZE = 0x40
                0x00000000                CY_APPL_LOADABLE = 0x0
                0x00000000                CY_CHECKSUM_EXCLUDE_SIZE = ALIGN (0x0, CY_FLASH_ROW_SIZE)
                [!provide]                PROVIDE (__cy_heap_start, _end)
                0x00000001                PROVIDE (__cy_region_num, ((__cy_regions_end - __cy_regions) / 0x10))
                0x20008000                PROVIDE (__cy_stack, (ORIGIN (ram) + LENGTH (ram)))
                [!provide]                PROVIDE (__cy_heap_end, (__cy_stack - 0x800))

.cybootloader   0x00000000        0x0
 *(.cybootloader)
                0x00000000                appl1_start = CY_APPL_ORIGIN?CY_APPL_ORIGIN:ALIGN (CY_FLASH_ROW_SIZE)
                0x0001ff00                appl2_start = (appl1_start + ALIGN ((((LENGTH (rom) - appl1_start) - (0x2 * CY_FLASH_ROW_SIZE)) / 0x2), CY_FLASH_ROW_SIZE))
                0x00000000                appl_start = (CY_APPL_NUM == 0x1)?appl1_start:appl2_start
                0x00000000                ecc_offset = ((appl_start / CY_FLASH_ROW_SIZE) * CY_ECC_ROW_SIZE)
                0x00000000                ee_offset = (CY_APPL_LOADABLE && ! (CY_EE_IN_BTLDR))?((CY_EE_SIZE / CY_APPL_MAX) * (CY_APPL_NUM - 0x1)):0x0
                0x00000800                ee_size = (CY_APPL_LOADABLE && ! (CY_EE_IN_BTLDR))?(CY_EE_SIZE / CY_APPL_MAX):CY_EE_SIZE
                [!provide]                PROVIDE (CY_ECC_OFFSET, ecc_offset)

.text           0x00000000     0x28f6
 CREATE_OBJECT_SYMBOLS
                0x00000000                PROVIDE (__cy_interrupt_vector, RomVectors)
 *(.romvectors)
 .romvectors    0x00000000       0x10 .\CortexM3\ARM_GCC_541\Debug\Cm3Start.o
                0x00000000                RomVectors
                0x00000001                ASSERT ((. != __cy_interrupt_vector), No interrupt vector)
                0x00000001                ASSERT (CY_APPL_ORIGIN?(SIZEOF (.cybootloader) <= CY_APPL_ORIGIN):0x1, Wrong image location)
                0x00000010                PROVIDE (__cy_reset, Reset)
 *(.text.Reset)
 .text.Reset    0x00000010       0x18 .\CortexM3\ARM_GCC_541\Debug\Cm3Start.o
                0x00000010                Reset
                0x00000001                ASSERT ((. != __cy_reset), No reset code)
 *(.dma_init)
                0x00000001                ASSERT ((((appl_start + .) <= 0x10000) || 0x1), DMA Init must be within the first 64k of flash)
 *(.text .text.* .gnu.linkonce.t.*)
 .text          0x00000028       0x5c c:/program files (x86)/cypress/psoc creator/4.1/psoc creator/import/gnu/arm/5.4.1/bin/../lib/gcc/arm-none-eabi/5.4.1/armv7-m/crtbegin.o
 .text.theta1   0x00000084       0x1c .\CortexM3\ARM_GCC_541\Debug\main.o
                0x00000084                theta1
 .text.theta2   0x000000a0       0x28 .\CortexM3\ARM_GCC_541\Debug\main.o
                0x000000a0                theta2
 .text.main     0x000000c8      0x290 .\CortexM3\ARM_GCC_541\Debug\main.o
                0x000000c8                main
 .text.CyClockStartupError
                0x00000358        0x4 .\CortexM3\ARM_GCC_541\Debug\cyfitter_cfg.o
 .text.cfg_write_bytes32
                0x0000035c       0x34 .\CortexM3\ARM_GCC_541\Debug\cyfitter_cfg.o
 .text.AnalogSetDefault
                0x00000390       0x28 .\CortexM3\ARM_GCC_541\Debug\cyfitter_cfg.o
 .text.CYMEMZERO
                0x000003b8        0xc .\CortexM3\ARM_GCC_541\Debug\cyfitter_cfg.o
 .text.ClockSetup
                0x000003c4       0xe0 .\CortexM3\ARM_GCC_541\Debug\cyfitter_cfg.o
 .text.CYCONFIGCPY
                0x000004a4        0x8 .\CortexM3\ARM_GCC_541\Debug\cyfitter_cfg.o
 .text.cyfitter_cfg
                0x000004ac      0x110 .\CortexM3\ARM_GCC_541\Debug\cyfitter_cfg.o
                0x000004ac                cyfitter_cfg
 .text.IntDefaultHandler
                0x000005bc       0x10 .\CortexM3\ARM_GCC_541\Debug\Cm3Start.o
                0x000005bc                IntDefaultHandler
 .text.Start_c  0x000005cc       0x4c .\CortexM3\ARM_GCC_541\Debug\Cm3Start.o
                0x000005cc                Start_c
 .text.initialize_psoc
                0x00000618       0x68 .\CortexM3\ARM_GCC_541\Debug\Cm3Start.o
                0x00000618                initialize_psoc
 .text.CyHalt   0x00000680        0x4 .\CortexM3\ARM_GCC_541\Debug\FinalProject.a(CyLib.o)
                0x00000680                CyHalt
 .text.CyDelay  0x00000684       0x2c .\CortexM3\ARM_GCC_541\Debug\FinalProject.a(CyLib.o)
                0x00000684                CyDelay
 .text.CyDelayUs
                0x000006b0       0x14 .\CortexM3\ARM_GCC_541\Debug\FinalProject.a(CyLib.o)
                0x000006b0                CyDelayUs
 .text.CyIntSetVector
                0x000006c4       0x28 .\CortexM3\ARM_GCC_541\Debug\FinalProject.a(CyLib.o)
                0x000006c4                CyIntSetVector
 .text.CyIntSetPriority
                0x000006ec       0x30 .\CortexM3\ARM_GCC_541\Debug\FinalProject.a(CyLib.o)
                0x000006ec                CyIntSetPriority
 .text.lcd_WrCntrlNib
                0x0000071c       0x34 .\CortexM3\ARM_GCC_541\Debug\FinalProject.a(lcd.o)
 .text.lcd_WrDatNib
                0x00000750       0x44 .\CortexM3\ARM_GCC_541\Debug\FinalProject.a(lcd.o)
 .text.lcd_IsReady
                0x00000794       0xe4 .\CortexM3\ARM_GCC_541\Debug\FinalProject.a(lcd.o)
                0x00000794                lcd_IsReady
 .text.lcd_WriteData
                0x00000878       0x18 .\CortexM3\ARM_GCC_541\Debug\FinalProject.a(lcd.o)
                0x00000878                lcd_WriteData
 .text.lcd_PrintString
                0x00000890       0x1c .\CortexM3\ARM_GCC_541\Debug\FinalProject.a(lcd.o)
                0x00000890                lcd_PrintString
 .text.lcd_WriteControl
                0x000008ac       0x18 .\CortexM3\ARM_GCC_541\Debug\FinalProject.a(lcd.o)
                0x000008ac                lcd_WriteControl
 .text.lcd_Init
                0x000008c4       0x6c .\CortexM3\ARM_GCC_541\Debug\FinalProject.a(lcd.o)
                0x000008c4                lcd_Init
 .text.lcd_Enable
                0x00000930       0x14 .\CortexM3\ARM_GCC_541\Debug\FinalProject.a(lcd.o)
                0x00000930                lcd_Enable
 .text.lcd_Start
                0x00000944       0x1c .\CortexM3\ARM_GCC_541\Debug\FinalProject.a(lcd.o)
                0x00000944                lcd_Start
 .text.lcd_Position
                0x00000960       0x3c .\CortexM3\ARM_GCC_541\Debug\FinalProject.a(lcd.o)
                0x00000960                lcd_Position
 .text.lcd_PrintU32Number
                0x0000099c       0x64 .\CortexM3\ARM_GCC_541\Debug\FinalProject.a(lcd.o)
                0x0000099c                lcd_PrintU32Number
 .text.servoPwm_Enable
                0x00000a00       0x10 .\CortexM3\ARM_GCC_541\Debug\FinalProject.a(servoPwm.o)
                0x00000a00                servoPwm_Enable
 .text.servoPwm_WriteCounter
                0x00000a10        0xc .\CortexM3\ARM_GCC_541\Debug\FinalProject.a(servoPwm.o)
                0x00000a10                servoPwm_WriteCounter
 .text.servoPwm_WritePeriod
                0x00000a1c        0xc .\CortexM3\ARM_GCC_541\Debug\FinalProject.a(servoPwm.o)
                0x00000a1c                servoPwm_WritePeriod
 .text.servoPwm_WriteCompare1
                0x00000a28        0xc .\CortexM3\ARM_GCC_541\Debug\FinalProject.a(servoPwm.o)
                0x00000a28                servoPwm_WriteCompare1
 .text.servoPwm_WriteCompare2
                0x00000a34        0xc .\CortexM3\ARM_GCC_541\Debug\FinalProject.a(servoPwm.o)
                0x00000a34                servoPwm_WriteCompare2
 .text.servoPwm_SetInterruptMode
                0x00000a40        0xc .\CortexM3\ARM_GCC_541\Debug\FinalProject.a(servoPwm.o)
                0x00000a40                servoPwm_SetInterruptMode
 .text.servoPwm_ReadStatusRegister
                0x00000a4c        0xc .\CortexM3\ARM_GCC_541\Debug\FinalProject.a(servoPwm.o)
                0x00000a4c                servoPwm_ReadStatusRegister
 .text.servoPwm_ReadCapture
                0x00000a58        0xc .\CortexM3\ARM_GCC_541\Debug\FinalProject.a(servoPwm.o)
                0x00000a58                servoPwm_ReadCapture
 .text.servoPwm_ClearFIFO
                0x00000a64       0x14 .\CortexM3\ARM_GCC_541\Debug\FinalProject.a(servoPwm.o)
                0x00000a64                servoPwm_ClearFIFO
 .text.servoPwm_Init
                0x00000a78       0x68 .\CortexM3\ARM_GCC_541\Debug\FinalProject.a(servoPwm.o)
                0x00000a78                servoPwm_Init
 .text.servoPwm_Start
                0x00000ae0       0x1c .\CortexM3\ARM_GCC_541\Debug\FinalProject.a(servoPwm.o)
                0x00000ae0                servoPwm_Start
 .text.enc_Init
                0x00000afc       0x24 .\CortexM3\ARM_GCC_541\Debug\FinalProject.a(enc.o)
                0x00000afc                enc_Init
 .text.enc_GetCounter
                0x00000b20       0x2c .\CortexM3\ARM_GCC_541\Debug\FinalProject.a(enc.o)
                0x00000b20                enc_GetCounter
 .text.enc_SetCounter
                0x00000b4c       0x28 .\CortexM3\ARM_GCC_541\Debug\FinalProject.a(enc.o)
                0x00000b4c                enc_SetCounter
 .text.enc_GetEvents
                0x00000b74       0x10 .\CortexM3\ARM_GCC_541\Debug\FinalProject.a(enc.o)
                0x00000b74                enc_GetEvents
 .text.enc_SetInterruptMask
                0x00000b84       0x10 .\CortexM3\ARM_GCC_541\Debug\FinalProject.a(enc.o)
                0x00000b84                enc_SetInterruptMask
 .text.enc_Enable
                0x00000b94       0x30 .\CortexM3\ARM_GCC_541\Debug\FinalProject.a(enc.o)
                0x00000b94                enc_Enable
 .text.enc_Start
                0x00000bc4       0x34 .\CortexM3\ARM_GCC_541\Debug\FinalProject.a(enc.o)
                0x00000bc4                enc_Start
 .text.enc_ISR  0x00000bf8       0x40 .\CortexM3\ARM_GCC_541\Debug\FinalProject.a(enc_INT.o)
                0x00000bf8                enc_ISR
 .text.enc_Cnt16_Enable
                0x00000c38       0x10 .\CortexM3\ARM_GCC_541\Debug\FinalProject.a(enc_Cnt16.o)
                0x00000c38                enc_Cnt16_Enable
 .text.enc_Cnt16_SetInterruptMode
                0x00000c48        0xc .\CortexM3\ARM_GCC_541\Debug\FinalProject.a(enc_Cnt16.o)
                0x00000c48                enc_Cnt16_SetInterruptMode
 .text.enc_Cnt16_ReadStatusRegister
                0x00000c54        0xc .\CortexM3\ARM_GCC_541\Debug\FinalProject.a(enc_Cnt16.o)
                0x00000c54                enc_Cnt16_ReadStatusRegister
 .text.enc_Cnt16_WriteCounter
                0x00000c60        0xc .\CortexM3\ARM_GCC_541\Debug\FinalProject.a(enc_Cnt16.o)
                0x00000c60                enc_Cnt16_WriteCounter
 .text.enc_Cnt16_ReadCounter
                0x00000c6c       0x14 .\CortexM3\ARM_GCC_541\Debug\FinalProject.a(enc_Cnt16.o)
                0x00000c6c                enc_Cnt16_ReadCounter
 .text.enc_Cnt16_ReadCapture
                0x00000c80        0xc .\CortexM3\ARM_GCC_541\Debug\FinalProject.a(enc_Cnt16.o)
                0x00000c80                enc_Cnt16_ReadCapture
 .text.enc_Cnt16_WritePeriod
                0x00000c8c        0xc .\CortexM3\ARM_GCC_541\Debug\FinalProject.a(enc_Cnt16.o)
                0x00000c8c                enc_Cnt16_WritePeriod
 .text.enc_Cnt16_WriteCompare
                0x00000c98        0xc .\CortexM3\ARM_GCC_541\Debug\FinalProject.a(enc_Cnt16.o)
                0x00000c98                enc_Cnt16_WriteCompare
 .text.enc_Cnt16_ClearFIFO
                0x00000ca4       0x14 .\CortexM3\ARM_GCC_541\Debug\FinalProject.a(enc_Cnt16.o)
                0x00000ca4                enc_Cnt16_ClearFIFO
 .text.enc_Cnt16_Init
                0x00000cb8       0x58 .\CortexM3\ARM_GCC_541\Debug\FinalProject.a(enc_Cnt16.o)
                0x00000cb8                enc_Cnt16_Init
 .text.enc_Cnt16_Start
                0x00000d10       0x1c .\CortexM3\ARM_GCC_541\Debug\FinalProject.a(enc_Cnt16.o)
                0x00000d10                enc_Cnt16_Start
 .text.motorPwm_Enable
                0x00000d2c       0x10 .\CortexM3\ARM_GCC_541\Debug\FinalProject.a(motorPwm.o)
                0x00000d2c                motorPwm_Enable
 .text.motorPwm_WriteCounter
                0x00000d3c        0xc .\CortexM3\ARM_GCC_541\Debug\FinalProject.a(motorPwm.o)
                0x00000d3c                motorPwm_WriteCounter
 .text.motorPwm_WritePeriod
                0x00000d48        0xc .\CortexM3\ARM_GCC_541\Debug\FinalProject.a(motorPwm.o)
                0x00000d48                motorPwm_WritePeriod
 .text.motorPwm_WriteCompare1
                0x00000d54        0xc .\CortexM3\ARM_GCC_541\Debug\FinalProject.a(motorPwm.o)
                0x00000d54                motorPwm_WriteCompare1
 .text.motorPwm_WriteCompare2
                0x00000d60        0xc .\CortexM3\ARM_GCC_541\Debug\FinalProject.a(motorPwm.o)
                0x00000d60                motorPwm_WriteCompare2
 .text.motorPwm_SetInterruptMode
                0x00000d6c        0xc .\CortexM3\ARM_GCC_541\Debug\FinalProject.a(motorPwm.o)
                0x00000d6c                motorPwm_SetInterruptMode
 .text.motorPwm_ReadStatusRegister
                0x00000d78        0xc .\CortexM3\ARM_GCC_541\Debug\FinalProject.a(motorPwm.o)
                0x00000d78                motorPwm_ReadStatusRegister
 .text.motorPwm_ReadCapture
                0x00000d84        0xc .\CortexM3\ARM_GCC_541\Debug\FinalProject.a(motorPwm.o)
                0x00000d84                motorPwm_ReadCapture
 .text.motorPwm_ClearFIFO
                0x00000d90       0x14 .\CortexM3\ARM_GCC_541\Debug\FinalProject.a(motorPwm.o)
                0x00000d90                motorPwm_ClearFIFO
 .text.motorPwm_Init
                0x00000da4       0x58 .\CortexM3\ARM_GCC_541\Debug\FinalProject.a(motorPwm.o)
                0x00000da4                motorPwm_Init
 .text.motorPwm_Start
                0x00000dfc       0x1c .\CortexM3\ARM_GCC_541\Debug\FinalProject.a(motorPwm.o)
                0x00000dfc                motorPwm_Start
 .text.mag_Write
                0x00000e18       0x18 .\CortexM3\ARM_GCC_541\Debug\FinalProject.a(mag.o)
                0x00000e18                mag_Write
 .text.uart_Init
                0x00000e30       0x24 .\CortexM3\ARM_GCC_541\Debug\FinalProject.a(uart.o)
                0x00000e30                uart_Init
 .text.uart_Enable
                0x00000e54       0x38 .\CortexM3\ARM_GCC_541\Debug\FinalProject.a(uart.o)
                0x00000e54                uart_Enable
 .text.uart_Start
                0x00000e8c       0x1c .\CortexM3\ARM_GCC_541\Debug\FinalProject.a(uart.o)
                0x00000e8c                uart_Start
 .text.uart_GetChar
                0x00000ea8       0x2c .\CortexM3\ARM_GCC_541\Debug\FinalProject.a(uart.o)
                0x00000ea8                uart_GetChar
 .text.uart_IntClock_Start
                0x00000ed4       0x1c .\CortexM3\ARM_GCC_541\Debug\FinalProject.a(uart_IntClock.o)
                0x00000ed4                uart_IntClock_Start
 .text          0x00000ef0       0x20 .\CortexM3\ARM_GCC_541\Debug\FinalProject.a(CyBootAsmGnu.o)
                0x00000ef0                CyDelayCycles
                0x00000f00                CyEnterCriticalSection
                0x00000f08                CyExitCriticalSection
 .text.atan     0x00000f10      0x33c c:/program files (x86)/cypress/psoc creator/4.1/psoc creator/import/gnu/arm/5.4.1/bin/../lib/gcc/arm-none-eabi/5.4.1/../../../../arm-none-eabi/lib/armv7-m\libm.a(lib_a-s_atan.o)
                0x00000f10                atan
 .text.fabs     0x0000124c        0x8 c:/program files (x86)/cypress/psoc creator/4.1/psoc creator/import/gnu/arm/5.4.1/bin/../lib/gcc/arm-none-eabi/5.4.1/../../../../arm-none-eabi/lib/armv7-m\libm.a(lib_a-s_fabs.o)
                0x0000124c                fabs
 .text.acos     0x00001254       0xb0 c:/program files (x86)/cypress/psoc creator/4.1/psoc creator/import/gnu/arm/5.4.1/bin/../lib/gcc/arm-none-eabi/5.4.1/../../../../arm-none-eabi/lib/armv7-m\libm.a(lib_a-w_acos.o)
                0x00001254                acos
 .text.sqrt     0x00001304       0xb8 c:/program files (x86)/cypress/psoc creator/4.1/psoc creator/import/gnu/arm/5.4.1/bin/../lib/gcc/arm-none-eabi/5.4.1/../../../../arm-none-eabi/lib/armv7-m\libm.a(lib_a-w_sqrt.o)
                0x00001304                sqrt
 *fill*         0x000013bc        0x4 
 .text.__ieee754_acos
                0x000013c0      0x4a8 c:/program files (x86)/cypress/psoc creator/4.1/psoc creator/import/gnu/arm/5.4.1/bin/../lib/gcc/arm-none-eabi/5.4.1/../../../../arm-none-eabi/lib/armv7-m\libm.a(lib_a-e_acos.o)
                0x000013c0                __ieee754_acos
 .text.__ieee754_sqrt
                0x00001868      0x188 c:/program files (x86)/cypress/psoc creator/4.1/psoc creator/import/gnu/arm/5.4.1/bin/../lib/gcc/arm-none-eabi/5.4.1/../../../../arm-none-eabi/lib/armv7-m\libm.a(lib_a-e_sqrt.o)
                0x00001868                __ieee754_sqrt
 .text.matherr  0x000019f0        0x4 c:/program files (x86)/cypress/psoc creator/4.1/psoc creator/import/gnu/arm/5.4.1/bin/../lib/gcc/arm-none-eabi/5.4.1/../../../../arm-none-eabi/lib/armv7-m\libm.a(lib_a-s_matherr.o)
                0x000019f0                matherr
 .text.nan      0x000019f4        0xc c:/program files (x86)/cypress/psoc creator/4.1/psoc creator/import/gnu/arm/5.4.1/bin/../lib/gcc/arm-none-eabi/5.4.1/../../../../arm-none-eabi/lib/armv7-m\libm.a(lib_a-s_nan.o)
                0x000019f4                nan
 .text          0x00001a00      0x370 c:/program files (x86)/cypress/psoc creator/4.1/psoc creator/import/gnu/arm/5.4.1/bin/../lib/gcc/arm-none-eabi/5.4.1/armv7-m\libgcc.a(_arm_addsubdf3.o)
                0x00001a00                __aeabi_drsub
                0x00001a08                __aeabi_dsub
                0x00001a08                __subdf3
                0x00001a0c                __aeabi_dadd
                0x00001a0c                __adddf3
                0x00001c84                __floatunsidf
                0x00001c84                __aeabi_ui2d
                0x00001ca4                __floatsidf
                0x00001ca4                __aeabi_i2d
                0x00001cc8                __aeabi_f2d
                0x00001cc8                __extendsfdf2
                0x00001d04                __floatundidf
                0x00001d04                __aeabi_ul2d
                0x00001d14                __floatdidf
                0x00001d14                __aeabi_l2d
 .text          0x00001d70      0x424 c:/program files (x86)/cypress/psoc creator/4.1/psoc creator/import/gnu/arm/5.4.1/bin/../lib/gcc/arm-none-eabi/5.4.1/armv7-m\libgcc.a(_arm_muldivdf3.o)
                0x00001d70                __aeabi_dmul
                0x00001d70                __muldf3
                0x00001fc4                __divdf3
                0x00001fc4                __aeabi_ddiv
 .text          0x00002194      0x110 c:/program files (x86)/cypress/psoc creator/4.1/psoc creator/import/gnu/arm/5.4.1/bin/../lib/gcc/arm-none-eabi/5.4.1/armv7-m\libgcc.a(_arm_cmpdf2.o)
                0x00002194                __gtdf2
                0x00002194                __gedf2
                0x0000219c                __ltdf2
                0x0000219c                __ledf2
                0x000021a4                __nedf2
                0x000021a4                __eqdf2
                0x000021a4                __cmpdf2
                0x00002220                __aeabi_cdrcmple
                0x00002230                __aeabi_cdcmpeq
                0x00002230                __aeabi_cdcmple
                0x00002240                __aeabi_dcmpeq
                0x00002254                __aeabi_dcmplt
                0x00002268                __aeabi_dcmple
                0x0000227c                __aeabi_dcmpge
                0x00002290                __aeabi_dcmpgt
 .text          0x000022a4       0x2c c:/program files (x86)/cypress/psoc creator/4.1/psoc creator/import/gnu/arm/5.4.1/bin/../lib/gcc/arm-none-eabi/5.4.1/armv7-m\libgcc.a(_arm_unorddf2.o)
                0x000022a4                __unorddf2
                0x000022a4                __aeabi_dcmpun
 .text          0x000022d0       0xa0 c:/program files (x86)/cypress/psoc creator/4.1/psoc creator/import/gnu/arm/5.4.1/bin/../lib/gcc/arm-none-eabi/5.4.1/armv7-m\libgcc.a(_arm_truncdfsf2.o)
                0x000022d0                __truncdfsf2
                0x000022d0                __aeabi_d2f
 .text          0x00002370      0x21c c:/program files (x86)/cypress/psoc creator/4.1/psoc creator/import/gnu/arm/5.4.1/bin/../lib/gcc/arm-none-eabi/5.4.1/armv7-m\libgcc.a(_arm_addsubsf3.o)
                0x00002370                __aeabi_frsub
                0x00002378                __subsf3
                0x00002378                __aeabi_fsub
                0x0000237c                __aeabi_fadd
                0x0000237c                __addsf3
                0x000024dc                __aeabi_ui2f
                0x000024dc                __floatunsisf
                0x000024e4                __aeabi_i2f
                0x000024e4                __floatsisf
                0x00002500                __aeabi_ul2f
                0x00002500                __floatundisf
                0x00002510                __aeabi_l2f
                0x00002510                __floatdisf
 .text          0x0000258c      0x2a0 c:/program files (x86)/cypress/psoc creator/4.1/psoc creator/import/gnu/arm/5.4.1/bin/../lib/gcc/arm-none-eabi/5.4.1/armv7-m\libgcc.a(_arm_muldivsf3.o)
                0x0000258c                __mulsf3
                0x0000258c                __aeabi_fmul
                0x000026f4                __aeabi_fdiv
                0x000026f4                __divsf3
 .text          0x0000282c       0x4c c:/program files (x86)/cypress/psoc creator/4.1/psoc creator/import/gnu/arm/5.4.1/bin/../lib/gcc/arm-none-eabi/5.4.1/armv7-m\libgcc.a(_arm_fixsfsi.o)
                0x0000282c                __aeabi_f2iz
                0x0000282c                __fixsfsi
 .text.__errno  0x00002878        0xc c:/program files (x86)/cypress/psoc creator/4.1/psoc creator/import/gnu/arm/5.4.1/bin/../lib/gcc/arm-none-eabi/5.4.1/../../../../arm-none-eabi/lib/armv7-m\libg_nano.a(lib_a-errno.o)
                0x00002878                __errno
 .text.__libc_init_array
                0x00002884       0x4c c:/program files (x86)/cypress/psoc creator/4.1/psoc creator/import/gnu/arm/5.4.1/bin/../lib/gcc/arm-none-eabi/5.4.1/../../../../arm-none-eabi/lib/armv7-m\libg_nano.a(lib_a-init.o)
                0x00002884                __libc_init_array
 .text.memcpy   0x000028d0       0x16 c:/program files (x86)/cypress/psoc creator/4.1/psoc creator/import/gnu/arm/5.4.1/bin/../lib/gcc/arm-none-eabi/5.4.1/../../../../arm-none-eabi/lib/armv7-m\libg_nano.a(lib_a-memcpy-stub.o)
                0x000028d0                memcpy
 .text.memset   0x000028e6       0x10 c:/program files (x86)/cypress/psoc creator/4.1/psoc creator/import/gnu/arm/5.4.1/bin/../lib/gcc/arm-none-eabi/5.4.1/../../../../arm-none-eabi/lib/armv7-m\libg_nano.a(lib_a-memset.o)
                0x000028e6                memset
 *(.plt)
 *(.gnu.warning)
 *(.glue_7t)
 .glue_7t       0x000028f6        0x0 linker stubs
 *(.glue_7)
 .glue_7        0x000028f6        0x0 linker stubs
 *(.vfp11_veneer)
 .vfp11_veneer  0x000028f6        0x0 linker stubs
 *(.bootloader)
 *(.ARM.extab* .gnu.linkonce.armextab.*)
 *(.gcc_except_table)

.v4_bx          0x000028f8        0x0
 .v4_bx         0x000028f8        0x0 linker stubs

.iplt           0x000028f8        0x0
 .iplt          0x000028f8        0x0 c:/program files (x86)/cypress/psoc creator/4.1/psoc creator/import/gnu/arm/5.4.1/bin/../lib/gcc/arm-none-eabi/5.4.1/armv7-m/crtbegin.o

.eh_frame_hdr
 *(.eh_frame_hdr)

.eh_frame       0x000028f8        0x4
 *(.eh_frame)
 .eh_frame      0x000028f8        0x0 c:/program files (x86)/cypress/psoc creator/4.1/psoc creator/import/gnu/arm/5.4.1/bin/../lib/gcc/arm-none-eabi/5.4.1/armv7-m/crtbegin.o
 .eh_frame      0x000028f8        0x4 c:/program files (x86)/cypress/psoc creator/4.1/psoc creator/import/gnu/arm/5.4.1/bin/../lib/gcc/arm-none-eabi/5.4.1/armv7-m/crtend.o
                [!provide]                PROVIDE (__exidx_start, .)

.ARM.exidx
 *(.ARM.exidx* .gnu.linkonce.armexidx.*)
                0x000028fc                __exidx_end = .

.rodata         0x00002900       0xb8
 *(.rodata .rodata.* .gnu.linkonce.r.*)
 .rodata        0x00002900       0x2a .\CortexM3\ARM_GCC_541\Debug\cyfitter_cfg.o
 *fill*         0x0000292a        0x6 
 .rodata.atanlo
                0x00002930       0x20 c:/program files (x86)/cypress/psoc creator/4.1/psoc creator/import/gnu/arm/5.4.1/bin/../lib/gcc/arm-none-eabi/5.4.1/../../../../arm-none-eabi/lib/armv7-m\libm.a(lib_a-s_atan.o)
 .rodata.atanhi
                0x00002950       0x20 c:/program files (x86)/cypress/psoc creator/4.1/psoc creator/import/gnu/arm/5.4.1/bin/../lib/gcc/arm-none-eabi/5.4.1/../../../../arm-none-eabi/lib/armv7-m\libm.a(lib_a-s_atan.o)
 .rodata.str1.4
                0x00002970        0x5 c:/program files (x86)/cypress/psoc creator/4.1/psoc creator/import/gnu/arm/5.4.1/bin/../lib/gcc/arm-none-eabi/5.4.1/../../../../arm-none-eabi/lib/armv7-m\libm.a(lib_a-w_acos.o)
                                  0x9 (size before relaxing)
 *fill*         0x00002975        0x3 
 .rodata.str1.4
                0x00002978        0x8 c:/program files (x86)/cypress/psoc creator/4.1/psoc creator/import/gnu/arm/5.4.1/bin/../lib/gcc/arm-none-eabi/5.4.1/../../../../arm-none-eabi/lib/armv7-m\libm.a(lib_a-w_sqrt.o)
                                  0x5 (size before relaxing)
 .rodata.str1.1
                0x00002980        0x2 c:/program files (x86)/cypress/psoc creator/4.1/psoc creator/import/gnu/arm/5.4.1/bin/../lib/gcc/arm-none-eabi/5.4.1/../../../../arm-none-eabi/lib/armv7-m\libg_nano.a(lib_a-impure.o)
                0x00002984                . = ALIGN (0x4)
 *fill*         0x00002982        0x2 
 *(.init)
 .init          0x00002984        0x4 c:/program files (x86)/cypress/psoc creator/4.1/psoc creator/import/gnu/arm/5.4.1/bin/../lib/gcc/arm-none-eabi/5.4.1/armv7-m/crti.o
                0x00002984                _init
 .init          0x00002988        0x8 c:/program files (x86)/cypress/psoc creator/4.1/psoc creator/import/gnu/arm/5.4.1/bin/../lib/gcc/arm-none-eabi/5.4.1/armv7-m/crtn.o
                0x00002990                . = ALIGN (0x4)
                0x00002990                __preinit_array_start = .
 *(.preinit_array)
                0x00002990                __preinit_array_end = .
                0x00002990                . = ALIGN (0x4)
                0x00002990                __init_array_start = .
 *(SORT(.init_array.*))
 *(.init_array)
 .init_array    0x00002990        0x4 c:/program files (x86)/cypress/psoc creator/4.1/psoc creator/import/gnu/arm/5.4.1/bin/../lib/gcc/arm-none-eabi/5.4.1/armv7-m/crtbegin.o
 .init_array    0x00002994        0x4 .\CortexM3\ARM_GCC_541\Debug\Cm3Start.o
                0x00002998                __init_array_end = .
                0x00002998                . = ALIGN (0x4)
 *(.fini)
 .fini          0x00002998        0x4 c:/program files (x86)/cypress/psoc creator/4.1/psoc creator/import/gnu/arm/5.4.1/bin/../lib/gcc/arm-none-eabi/5.4.1/armv7-m/crti.o
                0x00002998                _fini
 .fini          0x0000299c        0x8 c:/program files (x86)/cypress/psoc creator/4.1/psoc creator/import/gnu/arm/5.4.1/bin/../lib/gcc/arm-none-eabi/5.4.1/armv7-m/crtn.o
                0x000029a4                . = ALIGN (0x4)
                0x000029a4                __fini_array_start = .
 *(.fini_array)
 .fini_array    0x000029a4        0x4 c:/program files (x86)/cypress/psoc creator/4.1/psoc creator/import/gnu/arm/5.4.1/bin/../lib/gcc/arm-none-eabi/5.4.1/armv7-m/crtbegin.o
 *(SORT(.fini_array.*))
                0x000029a8                __fini_array_end = .
                0x000029a8                . = ALIGN (0x4)
 *crtbegin.o(.ctors)
 *(EXCLUDE_FILE(*crtend.o) .ctors)
 *(SORT(.ctors.*))
 *crtend.o(.ctors)
                0x000029a8                . = ALIGN (0x4)
 *crtbegin.o(.dtors)
 *(EXCLUDE_FILE(*crtend.o) .dtors)
 *(SORT(.dtors.*))
 *crtend.o(.dtors)
                0x000029a8                . = ALIGN (0x4)
                0x000029a8                __cy_regions = .
                0x000029a8        0x4 LONG 0x29b8 __cy_region_init_ram
                0x000029ac        0x4 LONG 0x1fff80c8 __cy_region_start_data
                0x000029b0        0x4 LONG 0x80 __cy_region_init_size_ram
                0x000029b4        0x4 LONG 0x30 __cy_region_zero_size_ram
                0x000029b8                __cy_regions_end = .
                0x000029b8                . = ALIGN (0x8)
                0x000029b8                _etext = .

.cy_checksum_exclude
                0x000029b8        0x0
 *(.cy_checksum_exclude)

.ramvectors     0x1fff8000       0xc0
                0x1fff8000                __cy_region_start_ram = .
 *(.ramvectors)
 .ramvectors    0x1fff8000       0xc0 .\CortexM3\ARM_GCC_541\Debug\Cm3Start.o
                0x1fff8000                CyRamVectors

.noinit         0x1fff80c0        0x1
 *(.noinit)
 .noinit        0x1fff80c0        0x1 .\CortexM3\ARM_GCC_541\Debug\FinalProject.a(CyLib.o)
                0x1fff80c0                CyResetStatus

.data           0x1fff80c8       0x80 load address 0x000029b8
                0x1fff80c8                __cy_region_start_data = .
 *(.jcr)
 .jcr           0x1fff80c8        0x0 c:/program files (x86)/cypress/psoc creator/4.1/psoc creator/import/gnu/arm/5.4.1/bin/../lib/gcc/arm-none-eabi/5.4.1/armv7-m/crtbegin.o
 .jcr           0x1fff80c8        0x4 c:/program files (x86)/cypress/psoc creator/4.1/psoc creator/import/gnu/arm/5.4.1/bin/../lib/gcc/arm-none-eabi/5.4.1/armv7-m/crtend.o
 *(.got.plt)
 *(.got)
 *(.shdata)
 *(.data .data.* .gnu.linkonce.d.*)
 .data          0x1fff80cc       0x10 .\CortexM3\ARM_GCC_541\Debug\FinalProject.a(CyLib.o)
                0x1fff80cc                cydelay_32k_ms
                0x1fff80d0                cydelay_freq_khz
                0x1fff80d4                cydelay_freq_mhz
                0x1fff80d8                cydelay_freq_hz
 .data.__fdlib_version
                0x1fff80dc        0x1 c:/program files (x86)/cypress/psoc creator/4.1/psoc creator/import/gnu/arm/5.4.1/bin/../lib/gcc/arm-none-eabi/5.4.1/../../../../arm-none-eabi/lib/armv7-m\libm.a(lib_a-s_lib_ver.o)
                0x1fff80dc                __fdlib_version
 *fill*         0x1fff80dd        0x3 
 .data.impure_data
                0x1fff80e0       0x60 c:/program files (x86)/cypress/psoc creator/4.1/psoc creator/import/gnu/arm/5.4.1/bin/../lib/gcc/arm-none-eabi/5.4.1/../../../../arm-none-eabi/lib/armv7-m\libg_nano.a(lib_a-impure.o)
 .data._impure_ptr
                0x1fff8140        0x4 c:/program files (x86)/cypress/psoc creator/4.1/psoc creator/import/gnu/arm/5.4.1/bin/../lib/gcc/arm-none-eabi/5.4.1/../../../../arm-none-eabi/lib/armv7-m\libg_nano.a(lib_a-impure.o)
                0x1fff8140                _impure_ptr
                0x1fff8148                . = ALIGN (0x8)
 *fill*         0x1fff8144        0x4 
 *(.ram)
                0x1fff8148                _edata = .

.igot.plt       0x1fff8148        0x0 load address 0x00002a38
 .igot.plt      0x1fff8148        0x0 c:/program files (x86)/cypress/psoc creator/4.1/psoc creator/import/gnu/arm/5.4.1/bin/../lib/gcc/arm-none-eabi/5.4.1/armv7-m/crtbegin.o

.bss            0x1fff8148       0x30 load address 0x00002a38
                0x1fff8148                PROVIDE (__bss_start__, .)
 *(.shbss)
 *(.bss .bss.* .gnu.linkonce.b.*)
 .bss           0x1fff8148       0x1c c:/program files (x86)/cypress/psoc creator/4.1/psoc creator/import/gnu/arm/5.4.1/bin/../lib/gcc/arm-none-eabi/5.4.1/armv7-m/crtbegin.o
 .bss           0x1fff8164        0x2 .\CortexM3\ARM_GCC_541\Debug\FinalProject.a(lcd.o)
                0x1fff8164                lcd_enableState
                0x1fff8165                lcd_initVar
 .bss           0x1fff8166        0x1 .\CortexM3\ARM_GCC_541\Debug\FinalProject.a(servoPwm.o)
                0x1fff8166                servoPwm_initVar
 .bss           0x1fff8167        0x1 .\CortexM3\ARM_GCC_541\Debug\FinalProject.a(enc.o)
                0x1fff8167                enc_initVar
 .bss           0x1fff8168        0x4 .\CortexM3\ARM_GCC_541\Debug\FinalProject.a(enc_INT.o)
                0x1fff8168                enc_count32SoftPart
 .bss           0x1fff816c        0x1 .\CortexM3\ARM_GCC_541\Debug\FinalProject.a(enc_Cnt16.o)
                0x1fff816c                enc_Cnt16_initVar
 .bss           0x1fff816d        0x1 .\CortexM3\ARM_GCC_541\Debug\FinalProject.a(motorPwm.o)
                0x1fff816d                motorPwm_initVar
 .bss           0x1fff816e        0x2 .\CortexM3\ARM_GCC_541\Debug\FinalProject.a(uart.o)
                0x1fff816e                uart_initVar
 *(COMMON)
 COMMON         0x1fff8170        0x1 .\CortexM3\ARM_GCC_541\Debug\main.o
                0x1fff8170                receive
                0x1fff8178                . = ALIGN (0x8)
 *fill*         0x1fff8171        0x7 
 *(.ram.b)
                0x1fff8178                _end = .
                0x1fff8178                __end = .
                0x1fff8178                PROVIDE (end, .)
                0x1fff8178                PROVIDE (__bss_end__, .)
                0x000029b8                __cy_region_init_ram = LOADADDR (.data)
                0x00000080                __cy_region_init_size_ram = (_edata - ADDR (.data))
                0x00000030                __cy_region_zero_size_ram = (_end - _edata)

.heap           0x1fff8178       0x80 load address 0x00002a38
                0x1fff8178                . = _end
                0x1fff81f8                . = (. + 0x80)
 *fill*         0x1fff8178       0x80 
                0x1fff81f8                __cy_heap_limit = .

.stack          0x20007800      0x800
                0x20007800                __cy_stack_limit = .
                0x20008000                . = (. + 0x800)
 *fill*         0x20007800      0x800 
                0x00000001                ASSERT ((__cy_stack_limit >= __cy_heap_limit), region RAM overflowed with stack)
                0x00000000                cy_checksum_exclude_size = (CY_APPL_LOADABLE == 0x1)?SIZEOF (.cy_checksum_exclude):0x0
                0x00000001                ASSERT ((cy_checksum_exclude_size <= CY_CHECKSUM_EXCLUDE_SIZE), CY_BOOT: Section .cy_checksum_exclude size exceedes specified limit.)

.cyloadermeta
 *(.cyloadermeta)

.cyloadablemeta
 *(.cyloadablemeta)

.cyconfigecc    0x80000000      0x814
 *(.cyconfigecc)
 .cyconfigecc   0x80000000      0x814 .\CortexM3\ARM_GCC_541\Debug\cymetadata.o
                0x80000000                cy_meta_configecc

.cycustnvl      0x90000000        0x4
 *(.cycustnvl)
 .cycustnvl     0x90000000        0x4 .\CortexM3\ARM_GCC_541\Debug\cymetadata.o
                0x90000000                cy_meta_custnvl

.cywolatch      0x90100000        0x4
 *(.cywolatch)
 .cywolatch     0x90100000        0x4 .\CortexM3\ARM_GCC_541\Debug\cymetadata.o
                0x90100000                cy_meta_wonvl

.cyeeprom       0x90200000        0x0
 *(.cyeeprom)
                0x00000001                ASSERT ((. <= ((0x90200000 + ee_offset) + ee_size)), .cyeeprom data will not fit in EEPROM)

.cyflashprotect
                0x90400000      0x100
 *(.cyflashprotect)
 .cyflashprotect
                0x90400000      0x100 .\CortexM3\ARM_GCC_541\Debug\cymetadata.o
                0x90400000                cy_meta_flashprotect

.cymeta         0x90500000        0xc
 *(.cymeta)
 .cymeta        0x90500000        0xc .\CortexM3\ARM_GCC_541\Debug\cymetadata.o
                0x90500000                cy_metadata

.rel.dyn        0x00002a38        0x0 load address 0x9050000c
 .rel.iplt      0x00002a38        0x0 c:/program files (x86)/cypress/psoc creator/4.1/psoc creator/import/gnu/arm/5.4.1/bin/../lib/gcc/arm-none-eabi/5.4.1/armv7-m/crtbegin.o

.stab
 *(.stab)

.stabstr
 *(.stabstr)

.debug
 *(.debug)

.line
 *(.line)

.debug_srcinfo
 *(.debug_srcinfo)

.debug_sfnames
 *(.debug_sfnames)

.debug_aranges  0x00000000      0x9d0
 *(.debug_aranges)
 .debug_aranges
                0x00000000       0x30 .\CortexM3\ARM_GCC_541\Debug\main.o
 .debug_aranges
                0x00000030       0x58 .\CortexM3\ARM_GCC_541\Debug\cyfitter_cfg.o
 .debug_aranges
                0x00000088       0x18 .\CortexM3\ARM_GCC_541\Debug\cymetadata.o
 .debug_aranges
                0x000000a0       0x48 .\CortexM3\ARM_GCC_541\Debug\Cm3Start.o
 .debug_aranges
                0x000000e8      0x2a0 .\CortexM3\ARM_GCC_541\Debug\FinalProject.a(CyLib.o)
 .debug_aranges
                0x00000388       0x98 .\CortexM3\ARM_GCC_541\Debug\FinalProject.a(cyPm.o)
 .debug_aranges
                0x00000420       0x98 .\CortexM3\ARM_GCC_541\Debug\FinalProject.a(lcd.o)
 .debug_aranges
                0x000004b8       0xa8 .\CortexM3\ARM_GCC_541\Debug\FinalProject.a(servoPwm.o)
 .debug_aranges
                0x00000560       0x60 .\CortexM3\ARM_GCC_541\Debug\FinalProject.a(enc.o)
 .debug_aranges
                0x000005c0       0x20 .\CortexM3\ARM_GCC_541\Debug\FinalProject.a(enc_INT.o)
 .debug_aranges
                0x000005e0       0x98 .\CortexM3\ARM_GCC_541\Debug\FinalProject.a(enc_Cnt16.o)
 .debug_aranges
                0x00000678       0xa8 .\CortexM3\ARM_GCC_541\Debug\FinalProject.a(motorPwm.o)
 .debug_aranges
                0x00000720       0x38 .\CortexM3\ARM_GCC_541\Debug\FinalProject.a(mag.o)
 .debug_aranges
                0x00000758       0xf0 .\CortexM3\ARM_GCC_541\Debug\FinalProject.a(uart.o)
 .debug_aranges
                0x00000848       0x70 .\CortexM3\ARM_GCC_541\Debug\FinalProject.a(uart_IntClock.o)
 .debug_aranges
                0x000008b8       0x20 .\CortexM3\ARM_GCC_541\Debug\FinalProject.a(CyBootAsmGnu.o)
 .debug_aranges
                0x000008d8       0x80 .\CortexM3\ARM_GCC_541\Debug\FinalProject.a(CyFlash.o)
 .debug_aranges
                0x00000958       0x78 .\CortexM3\ARM_GCC_541\Debug\FinalProject.a(CySpc.o)

.debug_pubnames
 *(.debug_pubnames)

.debug_info     0x00000000     0x585c
 *(.debug_info .gnu.linkonce.wi.*)
 .debug_info    0x00000000      0x622 .\CortexM3\ARM_GCC_541\Debug\main.o
 .debug_info    0x00000622      0x4ff .\CortexM3\ARM_GCC_541\Debug\cyfitter_cfg.o
 .debug_info    0x00000b21      0x139 .\CortexM3\ARM_GCC_541\Debug\cymetadata.o
 .debug_info    0x00000c5a      0x3bb .\CortexM3\ARM_GCC_541\Debug\Cm3Start.o
 .debug_info    0x00001015     0x1374 .\CortexM3\ARM_GCC_541\Debug\FinalProject.a(CyLib.o)
 .debug_info    0x00002389      0xa2a .\CortexM3\ARM_GCC_541\Debug\FinalProject.a(cyPm.o)
 .debug_info    0x00002db3      0x715 .\CortexM3\ARM_GCC_541\Debug\FinalProject.a(lcd.o)
 .debug_info    0x000034c8      0x3a0 .\CortexM3\ARM_GCC_541\Debug\FinalProject.a(servoPwm.o)
 .debug_info    0x00003868      0x357 .\CortexM3\ARM_GCC_541\Debug\FinalProject.a(enc.o)
 .debug_info    0x00003bbf       0xf3 .\CortexM3\ARM_GCC_541\Debug\FinalProject.a(enc_INT.o)
 .debug_info    0x00003cb2      0x348 .\CortexM3\ARM_GCC_541\Debug\FinalProject.a(enc_Cnt16.o)
 .debug_info    0x00003ffa      0x383 .\CortexM3\ARM_GCC_541\Debug\FinalProject.a(motorPwm.o)
 .debug_info    0x0000437d      0x11f .\CortexM3\ARM_GCC_541\Debug\FinalProject.a(mag.o)
 .debug_info    0x0000449c      0x60c .\CortexM3\ARM_GCC_541\Debug\FinalProject.a(uart.o)
 .debug_info    0x00004aa8      0x283 .\CortexM3\ARM_GCC_541\Debug\FinalProject.a(uart_IntClock.o)
 .debug_info    0x00004d2b       0x90 .\CortexM3\ARM_GCC_541\Debug\FinalProject.a(CyBootAsmGnu.o)
 .debug_info    0x00004dbb      0x5b8 .\CortexM3\ARM_GCC_541\Debug\FinalProject.a(CyFlash.o)
 .debug_info    0x00005373      0x4e9 .\CortexM3\ARM_GCC_541\Debug\FinalProject.a(CySpc.o)

.debug_abbrev   0x00000000     0x16ae
 *(.debug_abbrev)
 .debug_abbrev  0x00000000      0x160 .\CortexM3\ARM_GCC_541\Debug\main.o
 .debug_abbrev  0x00000160      0x1fe .\CortexM3\ARM_GCC_541\Debug\cyfitter_cfg.o
 .debug_abbrev  0x0000035e       0x77 .\CortexM3\ARM_GCC_541\Debug\cymetadata.o
 .debug_abbrev  0x000003d5      0x1e8 .\CortexM3\ARM_GCC_541\Debug\Cm3Start.o
 .debug_abbrev  0x000005bd      0x254 .\CortexM3\ARM_GCC_541\Debug\FinalProject.a(CyLib.o)
 .debug_abbrev  0x00000811      0x1ab .\CortexM3\ARM_GCC_541\Debug\FinalProject.a(cyPm.o)
 .debug_abbrev  0x000009bc      0x157 .\CortexM3\ARM_GCC_541\Debug\FinalProject.a(lcd.o)
 .debug_abbrev  0x00000b13      0x133 .\CortexM3\ARM_GCC_541\Debug\FinalProject.a(servoPwm.o)
 .debug_abbrev  0x00000c46      0x128 .\CortexM3\ARM_GCC_541\Debug\FinalProject.a(enc.o)
 .debug_abbrev  0x00000d6e       0x78 .\CortexM3\ARM_GCC_541\Debug\FinalProject.a(enc_INT.o)
 .debug_abbrev  0x00000de6      0x117 .\CortexM3\ARM_GCC_541\Debug\FinalProject.a(enc_Cnt16.o)
 .debug_abbrev  0x00000efd      0x133 .\CortexM3\ARM_GCC_541\Debug\FinalProject.a(motorPwm.o)
 .debug_abbrev  0x00001030       0x90 .\CortexM3\ARM_GCC_541\Debug\FinalProject.a(mag.o)
 .debug_abbrev  0x000010c0      0x175 .\CortexM3\ARM_GCC_541\Debug\FinalProject.a(uart.o)
 .debug_abbrev  0x00001235      0x139 .\CortexM3\ARM_GCC_541\Debug\FinalProject.a(uart_IntClock.o)
 .debug_abbrev  0x0000136e       0x14 .\CortexM3\ARM_GCC_541\Debug\FinalProject.a(CyBootAsmGnu.o)
 .debug_abbrev  0x00001382      0x198 .\CortexM3\ARM_GCC_541\Debug\FinalProject.a(CyFlash.o)
 .debug_abbrev  0x0000151a      0x194 .\CortexM3\ARM_GCC_541\Debug\FinalProject.a(CySpc.o)

.debug_line     0x00000000     0x2518
 *(.debug_line)
 .debug_line    0x00000000      0x2a3 .\CortexM3\ARM_GCC_541\Debug\main.o
 .debug_line    0x000002a3      0x1df .\CortexM3\ARM_GCC_541\Debug\cyfitter_cfg.o
 .debug_line    0x00000482      0x141 .\CortexM3\ARM_GCC_541\Debug\cymetadata.o
 .debug_line    0x000005c3      0x234 .\CortexM3\ARM_GCC_541\Debug\Cm3Start.o
 .debug_line    0x000007f7      0x816 .\CortexM3\ARM_GCC_541\Debug\FinalProject.a(CyLib.o)
 .debug_line    0x0000100d      0x367 .\CortexM3\ARM_GCC_541\Debug\FinalProject.a(cyPm.o)
 .debug_line    0x00001374      0x1dc .\CortexM3\ARM_GCC_541\Debug\FinalProject.a(lcd.o)
 .debug_line    0x00001550      0x1af .\CortexM3\ARM_GCC_541\Debug\FinalProject.a(servoPwm.o)
 .debug_line    0x000016ff      0x12b .\CortexM3\ARM_GCC_541\Debug\FinalProject.a(enc.o)
 .debug_line    0x0000182a       0x66 .\CortexM3\ARM_GCC_541\Debug\FinalProject.a(enc_INT.o)
 .debug_line    0x00001890      0x189 .\CortexM3\ARM_GCC_541\Debug\FinalProject.a(enc_Cnt16.o)
 .debug_line    0x00001a19      0x1ac .\CortexM3\ARM_GCC_541\Debug\FinalProject.a(motorPwm.o)
 .debug_line    0x00001bc5       0x90 .\CortexM3\ARM_GCC_541\Debug\FinalProject.a(mag.o)
 .debug_line    0x00001c55      0x2bc .\CortexM3\ARM_GCC_541\Debug\FinalProject.a(uart.o)
 .debug_line    0x00001f11      0x17c .\CortexM3\ARM_GCC_541\Debug\FinalProject.a(uart_IntClock.o)
 .debug_line    0x0000208d       0x66 .\CortexM3\ARM_GCC_541\Debug\FinalProject.a(CyBootAsmGnu.o)
 .debug_line    0x000020f3      0x1e9 .\CortexM3\ARM_GCC_541\Debug\FinalProject.a(CyFlash.o)
 .debug_line    0x000022dc      0x23c .\CortexM3\ARM_GCC_541\Debug\FinalProject.a(CySpc.o)

.debug_frame    0x00000000     0x1aa4
 *(.debug_frame)
 .debug_frame   0x00000000       0x74 .\CortexM3\ARM_GCC_541\Debug\main.o
 .debug_frame   0x00000074       0xe4 .\CortexM3\ARM_GCC_541\Debug\cyfitter_cfg.o
 .debug_frame   0x00000158       0xb8 .\CortexM3\ARM_GCC_541\Debug\Cm3Start.o
 .debug_frame   0x00000210      0x738 .\CortexM3\ARM_GCC_541\Debug\FinalProject.a(CyLib.o)
 .debug_frame   0x00000948      0x1f8 .\CortexM3\ARM_GCC_541\Debug\FinalProject.a(cyPm.o)
 .debug_frame   0x00000b40      0x1e8 .\CortexM3\ARM_GCC_541\Debug\FinalProject.a(lcd.o)
 .debug_frame   0x00000d28      0x154 .\CortexM3\ARM_GCC_541\Debug\FinalProject.a(servoPwm.o)
 .debug_frame   0x00000e7c       0xec .\CortexM3\ARM_GCC_541\Debug\FinalProject.a(enc.o)
 .debug_frame   0x00000f68       0x20 .\CortexM3\ARM_GCC_541\Debug\FinalProject.a(enc_INT.o)
 .debug_frame   0x00000f88      0x134 .\CortexM3\ARM_GCC_541\Debug\FinalProject.a(enc_Cnt16.o)
 .debug_frame   0x000010bc      0x154 .\CortexM3\ARM_GCC_541\Debug\FinalProject.a(motorPwm.o)
 .debug_frame   0x00001210       0x50 .\CortexM3\ARM_GCC_541\Debug\FinalProject.a(mag.o)
 .debug_frame   0x00001260      0x250 .\CortexM3\ARM_GCC_541\Debug\FinalProject.a(uart.o)
 .debug_frame   0x000014b0       0xe0 .\CortexM3\ARM_GCC_541\Debug\FinalProject.a(uart_IntClock.o)
 .debug_frame   0x00001590      0x174 .\CortexM3\ARM_GCC_541\Debug\FinalProject.a(CyFlash.o)
 .debug_frame   0x00001704      0x160 .\CortexM3\ARM_GCC_541\Debug\FinalProject.a(CySpc.o)
 .debug_frame   0x00001864       0x38 c:/program files (x86)/cypress/psoc creator/4.1/psoc creator/import/gnu/arm/5.4.1/bin/../lib/gcc/arm-none-eabi/5.4.1/../../../../arm-none-eabi/lib/armv7-m\libm.a(lib_a-s_atan.o)
 .debug_frame   0x0000189c       0x20 c:/program files (x86)/cypress/psoc creator/4.1/psoc creator/import/gnu/arm/5.4.1/bin/../lib/gcc/arm-none-eabi/5.4.1/../../../../arm-none-eabi/lib/armv7-m\libm.a(lib_a-s_fabs.o)
 .debug_frame   0x000018bc       0x40 c:/program files (x86)/cypress/psoc creator/4.1/psoc creator/import/gnu/arm/5.4.1/bin/../lib/gcc/arm-none-eabi/5.4.1/../../../../arm-none-eabi/lib/armv7-m\libm.a(lib_a-w_acos.o)
 .debug_frame   0x000018fc       0x44 c:/program files (x86)/cypress/psoc creator/4.1/psoc creator/import/gnu/arm/5.4.1/bin/../lib/gcc/arm-none-eabi/5.4.1/../../../../arm-none-eabi/lib/armv7-m\libm.a(lib_a-w_sqrt.o)
 .debug_frame   0x00001940       0x38 c:/program files (x86)/cypress/psoc creator/4.1/psoc creator/import/gnu/arm/5.4.1/bin/../lib/gcc/arm-none-eabi/5.4.1/../../../../arm-none-eabi/lib/armv7-m\libm.a(lib_a-e_acos.o)
 .debug_frame   0x00001978       0x30 c:/program files (x86)/cypress/psoc creator/4.1/psoc creator/import/gnu/arm/5.4.1/bin/../lib/gcc/arm-none-eabi/5.4.1/../../../../arm-none-eabi/lib/armv7-m\libm.a(lib_a-e_sqrt.o)
 .debug_frame   0x000019a8       0x20 c:/program files (x86)/cypress/psoc creator/4.1/psoc creator/import/gnu/arm/5.4.1/bin/../lib/gcc/arm-none-eabi/5.4.1/../../../../arm-none-eabi/lib/armv7-m\libm.a(lib_a-s_matherr.o)
 .debug_frame   0x000019c8       0x20 c:/program files (x86)/cypress/psoc creator/4.1/psoc creator/import/gnu/arm/5.4.1/bin/../lib/gcc/arm-none-eabi/5.4.1/../../../../arm-none-eabi/lib/armv7-m\libm.a(lib_a-s_nan.o)
 .debug_frame   0x000019e8       0x20 c:/program files (x86)/cypress/psoc creator/4.1/psoc creator/import/gnu/arm/5.4.1/bin/../lib/gcc/arm-none-eabi/5.4.1/../../../../arm-none-eabi/lib/armv7-m\libg_nano.a(lib_a-errno.o)
 .debug_frame   0x00001a08       0x28 c:/program files (x86)/cypress/psoc creator/4.1/psoc creator/import/gnu/arm/5.4.1/bin/../lib/gcc/arm-none-eabi/5.4.1/../../../../arm-none-eabi/lib/armv7-m\libg_nano.a(lib_a-exit.o)
 .debug_frame   0x00001a30       0x2c c:/program files (x86)/cypress/psoc creator/4.1/psoc creator/import/gnu/arm/5.4.1/bin/../lib/gcc/arm-none-eabi/5.4.1/../../../../arm-none-eabi/lib/armv7-m\libg_nano.a(lib_a-init.o)
 .debug_frame   0x00001a5c       0x28 c:/program files (x86)/cypress/psoc creator/4.1/psoc creator/import/gnu/arm/5.4.1/bin/../lib/gcc/arm-none-eabi/5.4.1/../../../../arm-none-eabi/lib/armv7-m\libg_nano.a(lib_a-memcpy-stub.o)
 .debug_frame   0x00001a84       0x20 c:/program files (x86)/cypress/psoc creator/4.1/psoc creator/import/gnu/arm/5.4.1/bin/../lib/gcc/arm-none-eabi/5.4.1/../../../../arm-none-eabi/lib/armv7-m\libg_nano.a(lib_a-memset.o)

.debug_str      0x00000000     0x1f6c
 *(.debug_str)
 .debug_str     0x00000000      0x2e7 .\CortexM3\ARM_GCC_541\Debug\main.o
                                0x335 (size before relaxing)
 .debug_str     0x000002e7      0x17a .\CortexM3\ARM_GCC_541\Debug\cyfitter_cfg.o
                                0x315 (size before relaxing)
 .debug_str     0x00000461       0x7f .\CortexM3\ARM_GCC_541\Debug\cymetadata.o
                                0x1e4 (size before relaxing)
 .debug_str     0x000004e0      0x13e .\CortexM3\ARM_GCC_541\Debug\Cm3Start.o
                                0x30a (size before relaxing)
 .debug_str     0x0000061e      0x83d .\CortexM3\ARM_GCC_541\Debug\FinalProject.a(CyLib.o)
                                0xa47 (size before relaxing)
 .debug_str     0x00000e5b      0x365 .\CortexM3\ARM_GCC_541\Debug\FinalProject.a(cyPm.o)
                                0x733 (size before relaxing)
 .debug_str     0x000011c0      0x12d .\CortexM3\ARM_GCC_541\Debug\FinalProject.a(lcd.o)
                                0x32b (size before relaxing)
 .debug_str     0x000012ed      0x1c1 .\CortexM3\ARM_GCC_541\Debug\FinalProject.a(servoPwm.o)
                                0x3c6 (size before relaxing)
 .debug_str     0x000014ae       0xfe .\CortexM3\ARM_GCC_541\Debug\FinalProject.a(enc.o)
                                0x32a (size before relaxing)
 .debug_str     0x000015ac       0x36 .\CortexM3\ARM_GCC_541\Debug\FinalProject.a(enc_INT.o)
                                0x1d6 (size before relaxing)
 .debug_str     0x000015e2      0x174 .\CortexM3\ARM_GCC_541\Debug\FinalProject.a(enc_Cnt16.o)
                                0x3a4 (size before relaxing)
 .debug_str     0x00001756      0x190 .\CortexM3\ARM_GCC_541\Debug\FinalProject.a(motorPwm.o)
                                0x3b9 (size before relaxing)
 .debug_str     0x000018e6       0x52 .\CortexM3\ARM_GCC_541\Debug\FinalProject.a(mag.o)
                                0x1d8 (size before relaxing)
 .debug_str     0x00001938      0x269 .\CortexM3\ARM_GCC_541\Debug\FinalProject.a(uart.o)
                                0x475 (size before relaxing)
 .debug_str     0x00001ba1      0x183 .\CortexM3\ARM_GCC_541\Debug\FinalProject.a(uart_IntClock.o)
                                0x336 (size before relaxing)
 .debug_str     0x00001d24      0x19c .\CortexM3\ARM_GCC_541\Debug\FinalProject.a(CyFlash.o)
                                0x3a1 (size before relaxing)
 .debug_str     0x00001ec0       0xac .\CortexM3\ARM_GCC_541\Debug\FinalProject.a(CySpc.o)
                                0x32a (size before relaxing)

.debug_loc      0x00000000     0x2300
 *(.debug_loc)
 .debug_loc     0x00000000      0x1d4 .\CortexM3\ARM_GCC_541\Debug\main.o
 .debug_loc     0x000001d4      0x1d7 .\CortexM3\ARM_GCC_541\Debug\cyfitter_cfg.o
 .debug_loc     0x000003ab      0x144 .\CortexM3\ARM_GCC_541\Debug\Cm3Start.o
 .debug_loc     0x000004ef      0xa11 .\CortexM3\ARM_GCC_541\Debug\FinalProject.a(CyLib.o)
 .debug_loc     0x00000f00      0x1e4 .\CortexM3\ARM_GCC_541\Debug\FinalProject.a(cyPm.o)
 .debug_loc     0x000010e4      0x3c6 .\CortexM3\ARM_GCC_541\Debug\FinalProject.a(lcd.o)
 .debug_loc     0x000014aa       0x26 .\CortexM3\ARM_GCC_541\Debug\FinalProject.a(servoPwm.o)
 .debug_loc     0x000014d0       0xb9 .\CortexM3\ARM_GCC_541\Debug\FinalProject.a(enc.o)
 .debug_loc     0x00001589       0x13 .\CortexM3\ARM_GCC_541\Debug\FinalProject.a(enc_INT.o)
 .debug_loc     0x0000159c       0x3d .\CortexM3\ARM_GCC_541\Debug\FinalProject.a(enc_Cnt16.o)
 .debug_loc     0x000015d9       0x26 .\CortexM3\ARM_GCC_541\Debug\FinalProject.a(motorPwm.o)
 .debug_loc     0x000015ff       0x42 .\CortexM3\ARM_GCC_541\Debug\FinalProject.a(mag.o)
 .debug_loc     0x00001641      0x258 .\CortexM3\ARM_GCC_541\Debug\FinalProject.a(uart.o)
 .debug_loc     0x00001899      0x128 .\CortexM3\ARM_GCC_541\Debug\FinalProject.a(uart_IntClock.o)
 .debug_loc     0x000019c1      0x2f2 .\CortexM3\ARM_GCC_541\Debug\FinalProject.a(CyFlash.o)
 .debug_loc     0x00001cb3      0x64d .\CortexM3\ARM_GCC_541\Debug\FinalProject.a(CySpc.o)

.debug_macinfo
 *(.debug_macinfo)

.debug_ranges   0x00000000      0x898
 *(.debug_ranges)
 .debug_ranges  0x00000000       0x20 .\CortexM3\ARM_GCC_541\Debug\main.o
 .debug_ranges  0x00000020       0x48 .\CortexM3\ARM_GCC_541\Debug\cyfitter_cfg.o
 .debug_ranges  0x00000068       0x38 .\CortexM3\ARM_GCC_541\Debug\Cm3Start.o
 .debug_ranges  0x000000a0      0x290 .\CortexM3\ARM_GCC_541\Debug\FinalProject.a(CyLib.o)
 .debug_ranges  0x00000330       0x88 .\CortexM3\ARM_GCC_541\Debug\FinalProject.a(cyPm.o)
 .debug_ranges  0x000003b8       0x88 .\CortexM3\ARM_GCC_541\Debug\FinalProject.a(lcd.o)
 .debug_ranges  0x00000440       0x98 .\CortexM3\ARM_GCC_541\Debug\FinalProject.a(servoPwm.o)
 .debug_ranges  0x000004d8       0x50 .\CortexM3\ARM_GCC_541\Debug\FinalProject.a(enc.o)
 .debug_ranges  0x00000528       0x10 .\CortexM3\ARM_GCC_541\Debug\FinalProject.a(enc_INT.o)
 .debug_ranges  0x00000538       0x88 .\CortexM3\ARM_GCC_541\Debug\FinalProject.a(enc_Cnt16.o)
 .debug_ranges  0x000005c0       0x98 .\CortexM3\ARM_GCC_541\Debug\FinalProject.a(motorPwm.o)
 .debug_ranges  0x00000658       0x28 .\CortexM3\ARM_GCC_541\Debug\FinalProject.a(mag.o)
 .debug_ranges  0x00000680       0xe0 .\CortexM3\ARM_GCC_541\Debug\FinalProject.a(uart.o)
 .debug_ranges  0x00000760       0x60 .\CortexM3\ARM_GCC_541\Debug\FinalProject.a(uart_IntClock.o)
 .debug_ranges  0x000007c0       0x70 .\CortexM3\ARM_GCC_541\Debug\FinalProject.a(CyFlash.o)
 .debug_ranges  0x00000830       0x68 .\CortexM3\ARM_GCC_541\Debug\FinalProject.a(CySpc.o)

.comment        0x00000000       0x6e
 .comment       0x00000000       0x6e .\CortexM3\ARM_GCC_541\Debug\main.o
                                 0x6f (size before relaxing)
 .comment       0x0000006e       0x6f .\CortexM3\ARM_GCC_541\Debug\cyfitter_cfg.o
 .comment       0x0000006e       0x6f .\CortexM3\ARM_GCC_541\Debug\cymetadata.o
 .comment       0x0000006e       0x6f .\CortexM3\ARM_GCC_541\Debug\Cm3Start.o
 .comment       0x0000006e       0x6f .\CortexM3\ARM_GCC_541\Debug\FinalProject.a(CyLib.o)
 .comment       0x0000006e       0x6f .\CortexM3\ARM_GCC_541\Debug\FinalProject.a(cyPm.o)
 .comment       0x0000006e       0x6f .\CortexM3\ARM_GCC_541\Debug\FinalProject.a(lcd.o)
 .comment       0x0000006e       0x6f .\CortexM3\ARM_GCC_541\Debug\FinalProject.a(servoPwm.o)
 .comment       0x0000006e       0x6f .\CortexM3\ARM_GCC_541\Debug\FinalProject.a(enc.o)
 .comment       0x0000006e       0x6f .\CortexM3\ARM_GCC_541\Debug\FinalProject.a(enc_INT.o)
 .comment       0x0000006e       0x6f .\CortexM3\ARM_GCC_541\Debug\FinalProject.a(enc_Cnt16.o)
 .comment       0x0000006e       0x6f .\CortexM3\ARM_GCC_541\Debug\FinalProject.a(motorPwm.o)
 .comment       0x0000006e       0x6f .\CortexM3\ARM_GCC_541\Debug\FinalProject.a(mag.o)
 .comment       0x0000006e       0x6f .\CortexM3\ARM_GCC_541\Debug\FinalProject.a(uart.o)
 .comment       0x0000006e       0x6f .\CortexM3\ARM_GCC_541\Debug\FinalProject.a(uart_IntClock.o)
 .comment       0x0000006e       0x6f .\CortexM3\ARM_GCC_541\Debug\FinalProject.a(CyFlash.o)
 .comment       0x0000006e       0x6f .\CortexM3\ARM_GCC_541\Debug\FinalProject.a(CySpc.o)

.debug_weaknames
 *(.debug_weaknames)

.debug_funcnames
 *(.debug_funcnames)

.debug_typenames
 *(.debug_typenames)

.debug_varnames
 *(.debug_varnames)

.note.gnu.arm.ident
 *(.note.gnu.arm.ident)

.ARM.attributes
                0x00000000       0x29
 *(.ARM.attributes)
 .ARM.attributes
                0x00000000       0x1d c:/program files (x86)/cypress/psoc creator/4.1/psoc creator/import/gnu/arm/5.4.1/bin/../lib/gcc/arm-none-eabi/5.4.1/armv7-m/crti.o
 .ARM.attributes
                0x0000001d       0x2d c:/program files (x86)/cypress/psoc creator/4.1/psoc creator/import/gnu/arm/5.4.1/bin/../lib/gcc/arm-none-eabi/5.4.1/armv7-m/crtbegin.o
 .ARM.attributes
                0x0000004a       0x1b c:/program files (x86)/cypress/psoc creator/4.1/psoc creator/import/gnu/arm/5.4.1/bin/../lib/gcc/arm-none-eabi/5.4.1/../../../../arm-none-eabi/lib/armv7-m/crt0.o
 .ARM.attributes
                0x00000065       0x33 .\CortexM3\ARM_GCC_541\Debug\main.o
 .ARM.attributes
                0x00000098       0x33 .\CortexM3\ARM_GCC_541\Debug\cyfitter_cfg.o
 .ARM.attributes
                0x000000cb       0x33 .\CortexM3\ARM_GCC_541\Debug\cymetadata.o
 .ARM.attributes
                0x000000fe       0x33 .\CortexM3\ARM_GCC_541\Debug\Cm3Start.o
 .ARM.attributes
                0x00000131       0x33 .\CortexM3\ARM_GCC_541\Debug\FinalProject.a(CyLib.o)
 .ARM.attributes
                0x00000164       0x33 .\CortexM3\ARM_GCC_541\Debug\FinalProject.a(cyPm.o)
 .ARM.attributes
                0x00000197       0x33 .\CortexM3\ARM_GCC_541\Debug\FinalProject.a(lcd.o)
 .ARM.attributes
                0x000001ca       0x33 .\CortexM3\ARM_GCC_541\Debug\FinalProject.a(servoPwm.o)
 .ARM.attributes
                0x000001fd       0x33 .\CortexM3\ARM_GCC_541\Debug\FinalProject.a(enc.o)
 .ARM.attributes
                0x00000230       0x33 .\CortexM3\ARM_GCC_541\Debug\FinalProject.a(enc_INT.o)
 .ARM.attributes
                0x00000263       0x33 .\CortexM3\ARM_GCC_541\Debug\FinalProject.a(enc_Cnt16.o)
 .ARM.attributes
                0x00000296       0x33 .\CortexM3\ARM_GCC_541\Debug\FinalProject.a(motorPwm.o)
 .ARM.attributes
                0x000002c9       0x33 .\CortexM3\ARM_GCC_541\Debug\FinalProject.a(mag.o)
 .ARM.attributes
                0x000002fc       0x33 .\CortexM3\ARM_GCC_541\Debug\FinalProject.a(uart.o)
 .ARM.attributes
                0x0000032f       0x33 .\CortexM3\ARM_GCC_541\Debug\FinalProject.a(uart_IntClock.o)
 .ARM.attributes
                0x00000362       0x21 .\CortexM3\ARM_GCC_541\Debug\FinalProject.a(CyBootAsmGnu.o)
 .ARM.attributes
                0x00000383       0x33 .\CortexM3\ARM_GCC_541\Debug\FinalProject.a(CyFlash.o)
 .ARM.attributes
                0x000003b6       0x33 .\CortexM3\ARM_GCC_541\Debug\FinalProject.a(CySpc.o)
 .ARM.attributes
                0x000003e9       0x2d c:/program files (x86)/cypress/psoc creator/4.1/psoc creator/import/gnu/arm/5.4.1/bin/../lib/gcc/arm-none-eabi/5.4.1/../../../../arm-none-eabi/lib/armv7-m\libm.a(lib_a-s_atan.o)
 .ARM.attributes
                0x00000416       0x2d c:/program files (x86)/cypress/psoc creator/4.1/psoc creator/import/gnu/arm/5.4.1/bin/../lib/gcc/arm-none-eabi/5.4.1/../../../../arm-none-eabi/lib/armv7-m\libm.a(lib_a-s_fabs.o)
 .ARM.attributes
                0x00000443       0x2d c:/program files (x86)/cypress/psoc creator/4.1/psoc creator/import/gnu/arm/5.4.1/bin/../lib/gcc/arm-none-eabi/5.4.1/../../../../arm-none-eabi/lib/armv7-m\libm.a(lib_a-w_acos.o)
 .ARM.attributes
                0x00000470       0x2d c:/program files (x86)/cypress/psoc creator/4.1/psoc creator/import/gnu/arm/5.4.1/bin/../lib/gcc/arm-none-eabi/5.4.1/../../../../arm-none-eabi/lib/armv7-m\libm.a(lib_a-w_sqrt.o)
 .ARM.attributes
                0x0000049d       0x2d c:/program files (x86)/cypress/psoc creator/4.1/psoc creator/import/gnu/arm/5.4.1/bin/../lib/gcc/arm-none-eabi/5.4.1/../../../../arm-none-eabi/lib/armv7-m\libm.a(lib_a-e_acos.o)
 .ARM.attributes
                0x000004ca       0x2d c:/program files (x86)/cypress/psoc creator/4.1/psoc creator/import/gnu/arm/5.4.1/bin/../lib/gcc/arm-none-eabi/5.4.1/../../../../arm-none-eabi/lib/armv7-m\libm.a(lib_a-e_sqrt.o)
 .ARM.attributes
                0x000004f7       0x2d c:/program files (x86)/cypress/psoc creator/4.1/psoc creator/import/gnu/arm/5.4.1/bin/../lib/gcc/arm-none-eabi/5.4.1/../../../../arm-none-eabi/lib/armv7-m\libm.a(lib_a-s_lib_ver.o)
 .ARM.attributes
                0x00000524       0x2d c:/program files (x86)/cypress/psoc creator/4.1/psoc creator/import/gnu/arm/5.4.1/bin/../lib/gcc/arm-none-eabi/5.4.1/../../../../arm-none-eabi/lib/armv7-m\libm.a(lib_a-s_matherr.o)
 .ARM.attributes
                0x00000551       0x2d c:/program files (x86)/cypress/psoc creator/4.1/psoc creator/import/gnu/arm/5.4.1/bin/../lib/gcc/arm-none-eabi/5.4.1/../../../../arm-none-eabi/lib/armv7-m\libm.a(lib_a-s_nan.o)
 .ARM.attributes
                0x0000057e       0x1d c:/program files (x86)/cypress/psoc creator/4.1/psoc creator/import/gnu/arm/5.4.1/bin/../lib/gcc/arm-none-eabi/5.4.1/armv7-m\libgcc.a(_arm_addsubdf3.o)
 .ARM.attributes
                0x0000059b       0x1d c:/program files (x86)/cypress/psoc creator/4.1/psoc creator/import/gnu/arm/5.4.1/bin/../lib/gcc/arm-none-eabi/5.4.1/armv7-m\libgcc.a(_arm_muldivdf3.o)
 .ARM.attributes
                0x000005b8       0x1d c:/program files (x86)/cypress/psoc creator/4.1/psoc creator/import/gnu/arm/5.4.1/bin/../lib/gcc/arm-none-eabi/5.4.1/armv7-m\libgcc.a(_arm_cmpdf2.o)
 .ARM.attributes
                0x000005d5       0x1d c:/program files (x86)/cypress/psoc creator/4.1/psoc creator/import/gnu/arm/5.4.1/bin/../lib/gcc/arm-none-eabi/5.4.1/armv7-m\libgcc.a(_arm_unorddf2.o)
 .ARM.attributes
                0x000005f2       0x1d c:/program files (x86)/cypress/psoc creator/4.1/psoc creator/import/gnu/arm/5.4.1/bin/../lib/gcc/arm-none-eabi/5.4.1/armv7-m\libgcc.a(_arm_truncdfsf2.o)
 .ARM.attributes
                0x0000060f       0x1d c:/program files (x86)/cypress/psoc creator/4.1/psoc creator/import/gnu/arm/5.4.1/bin/../lib/gcc/arm-none-eabi/5.4.1/armv7-m\libgcc.a(_arm_addsubsf3.o)
 .ARM.attributes
                0x0000062c       0x1d c:/program files (x86)/cypress/psoc creator/4.1/psoc creator/import/gnu/arm/5.4.1/bin/../lib/gcc/arm-none-eabi/5.4.1/armv7-m\libgcc.a(_arm_muldivsf3.o)
 .ARM.attributes
                0x00000649       0x1d c:/program files (x86)/cypress/psoc creator/4.1/psoc creator/import/gnu/arm/5.4.1/bin/../lib/gcc/arm-none-eabi/5.4.1/armv7-m\libgcc.a(_arm_fixsfsi.o)
 .ARM.attributes
                0x00000666       0x2d c:/program files (x86)/cypress/psoc creator/4.1/psoc creator/import/gnu/arm/5.4.1/bin/../lib/gcc/arm-none-eabi/5.4.1/../../../../arm-none-eabi/lib/armv7-m\libg_nano.a(lib_a-errno.o)
 .ARM.attributes
                0x00000693       0x2d c:/program files (x86)/cypress/psoc creator/4.1/psoc creator/import/gnu/arm/5.4.1/bin/../lib/gcc/arm-none-eabi/5.4.1/../../../../arm-none-eabi/lib/armv7-m\libg_nano.a(lib_a-exit.o)
 .ARM.attributes
                0x000006c0       0x2d c:/program files (x86)/cypress/psoc creator/4.1/psoc creator/import/gnu/arm/5.4.1/bin/../lib/gcc/arm-none-eabi/5.4.1/../../../../arm-none-eabi/lib/armv7-m\libg_nano.a(lib_a-impure.o)
 .ARM.attributes
                0x000006ed       0x2d c:/program files (x86)/cypress/psoc creator/4.1/psoc creator/import/gnu/arm/5.4.1/bin/../lib/gcc/arm-none-eabi/5.4.1/../../../../arm-none-eabi/lib/armv7-m\libg_nano.a(lib_a-init.o)
 .ARM.attributes
                0x0000071a       0x2d c:/program files (x86)/cypress/psoc creator/4.1/psoc creator/import/gnu/arm/5.4.1/bin/../lib/gcc/arm-none-eabi/5.4.1/../../../../arm-none-eabi/lib/armv7-m\libg_nano.a(lib_a-memcpy-stub.o)
 .ARM.attributes
                0x00000747       0x2d c:/program files (x86)/cypress/psoc creator/4.1/psoc creator/import/gnu/arm/5.4.1/bin/../lib/gcc/arm-none-eabi/5.4.1/../../../../arm-none-eabi/lib/armv7-m\libg_nano.a(lib_a-memset.o)
 .ARM.attributes
                0x00000774       0x2d c:/program files (x86)/cypress/psoc creator/4.1/psoc creator/import/gnu/arm/5.4.1/bin/../lib/gcc/arm-none-eabi/5.4.1/armv7-m/crtend.o
 .ARM.attributes
                0x000007a1       0x1d c:/program files (x86)/cypress/psoc creator/4.1/psoc creator/import/gnu/arm/5.4.1/bin/../lib/gcc/arm-none-eabi/5.4.1/armv7-m/crtn.o

/DISCARD/
 *(.note.GNU-stack)
OUTPUT(C:\Users\Jacob\Documents\Junior\EGR 455\EGR455\FinalProject.cydsn\CortexM3\ARM_GCC_541\Debug\FinalProject.elf elf32-littlearm)
