(---------------------------------------------------------------------)
(                                                                     )
(    Allegro Netrev Import Logic                                      )
(                                                                     )
(    Drawing          : sensorsubsystem1.brd                          )
(    Software Version : 16.6-2015S062                                 )
(    Date/Time        : Thu Feb 22 22:03:36 2018                      )
(                                                                     )
(---------------------------------------------------------------------)


------ Directives ------------

Ripup etch:                  No
Ripup delete first segment:  No
Ripup retain bondwire:       No
Ripup symbols:               Always
Missing symbol has error:    No
DRC update:                  Yes
Schematic directory:         'C:\USERS\JACOB\DOCUMENTS\JUNIOR\EGR 314\CADENCE\PROJECTS\ALLEGRO'
Design Directory:            'C:/Users/Jacob/Documents/Junior/EGR 314/Cadence/Projects'
Old design name:             'C:/Users/Jacob/Documents/Junior/EGR 314/Cadence/Projects/sensorsubsystem1.brd'
New design name:             'C:/Users/Jacob/Documents/Junior/EGR 314/Cadence/Projects/sensorsubsystem2.brd'

CmdLine: netrev.exe -y 1 -u -i C:\USERS\JACOB\DOCUMENTS\JUNIOR\EGR 314\CADENCE\PROJECTS\ALLEGRO C:\Users\Jacob\Documents\Junior\EGR 314\Cadence\Projects\sensorsubsystem1.brd C:\Users\Jacob\Documents\Junior\EGR 314\Cadence\Projects\sensorsubsystem2.brd

------ Preparing to read pst files ------

Starting to read C:/USERS/JACOB/DOCUMENTS/JUNIOR/EGR 314/CADENCE/PROJECTS/ALLEGRO/pstchip.dat 
   Finished reading C:/USERS/JACOB/DOCUMENTS/JUNIOR/EGR 314/CADENCE/PROJECTS/ALLEGRO/pstchip.dat (00:00:00.03)
Starting to read C:/USERS/JACOB/DOCUMENTS/JUNIOR/EGR 314/CADENCE/PROJECTS/ALLEGRO/pstxprt.dat 
   Finished reading C:/USERS/JACOB/DOCUMENTS/JUNIOR/EGR 314/CADENCE/PROJECTS/ALLEGRO/pstxprt.dat (00:00:00.00)
Starting to read C:/USERS/JACOB/DOCUMENTS/JUNIOR/EGR 314/CADENCE/PROJECTS/ALLEGRO/pstxnet.dat 
   Finished reading C:/USERS/JACOB/DOCUMENTS/JUNIOR/EGR 314/CADENCE/PROJECTS/ALLEGRO/pstxnet.dat (00:00:00.01)

------ Oversights/Warnings/Errors ------


------ Library Paths ------
MODULEPATH =  . 
           C:/Cadence/SPB_16.6/share/local/pcb/modules 

PSMPATH =  . 
           symbols 
           .. 
           ../symbols 
           C:/Cadence/SPB_16.6/share/local/pcb/symbols 
           C:/Cadence/SPB_16.6/share/pcb/pcb_lib/symbols 
           C:/Cadence/SPB_16.6/share/pcb/allegrolib/symbols 
           C:/Users/Jacob/Documents/Junior/EGR 304/Cadence/symbols 
           C:/Users/Jacob/Documents/Junior/EGR 314/Cadence/symbols 

PADPATH =  . 
           symbols 
           .. 
           ../symbols 
           C:/Cadence/SPB_16.6/share/local/pcb/padstacks 
           C:/Cadence/SPB_16.6/share/pcb/pcb_lib/symbols 
           C:/Cadence/SPB_16.6/share/pcb/allegrolib/symbols 
           C:/Users/Jacob/Documents/Junior/EGR 304/Cadence/symbols 
           C:/Users/Jacob/Documents/Junior/EGR 314/Cadence/symbols 


------ Summary Statistics ------


netrev run on Feb 22 22:03:36 2018
   DESIGN NAME : 'SENSORSUBSYSTEM'
   PACKAGING ON Aug  3 2015 18:16:55

   COMPILE 'logic'
   CHECK_PIN_NAMES OFF
   CROSS_REFERENCE OFF
   FEEDBACK OFF
   INCREMENTAL OFF
   INTERFACE_TYPE PHYSICAL
   MAX_ERRORS 500
   MERGE_MINIMUM 5
   NET_NAME_CHARS '#%&()*+-./:=>?@[]^_`|'
   NET_NAME_LENGTH 24
   OVERSIGHTS ON
   REPLACE_CHECK OFF
   SINGLE_NODE_NETS ON
   SPLIT_MINIMUM 0
   SUPPRESS   20
   WARNINGS ON

 No error detected
 No oversight detected
 No warning detected

cpu time      0:00:26
elapsed time  0:00:00

